Archive member included to satisfy reference by file (symbol)

c:/program files (x86)/atmel/studio/7.0/toolchain/arm/arm-gnu-toolchain/bin/../lib/gcc/arm-none-eabi/6.3.1/../../../../arm-none-eabi/lib/thumb/v7e-m\libc.a(lib_a-exit.o)
                              c:/program files (x86)/atmel/studio/7.0/toolchain/arm/arm-gnu-toolchain/bin/../lib/gcc/arm-none-eabi/6.3.1/../../../../arm-none-eabi/lib/thumb/v7e-m/crt0.o (exit)
c:/program files (x86)/atmel/studio/7.0/toolchain/arm/arm-gnu-toolchain/bin/../lib/gcc/arm-none-eabi/6.3.1/../../../../arm-none-eabi/lib/thumb/v7e-m\libc.a(lib_a-impure.o)
                              c:/program files (x86)/atmel/studio/7.0/toolchain/arm/arm-gnu-toolchain/bin/../lib/gcc/arm-none-eabi/6.3.1/../../../../arm-none-eabi/lib/thumb/v7e-m\libc.a(lib_a-exit.o) (_global_impure_ptr)
c:/program files (x86)/atmel/studio/7.0/toolchain/arm/arm-gnu-toolchain/bin/../lib/gcc/arm-none-eabi/6.3.1/../../../../arm-none-eabi/lib/thumb/v7e-m\libc.a(lib_a-init.o)
                              c:/program files (x86)/atmel/studio/7.0/toolchain/arm/arm-gnu-toolchain/bin/../lib/gcc/arm-none-eabi/6.3.1/../../../../arm-none-eabi/lib/thumb/v7e-m/crt0.o (__libc_init_array)
c:/program files (x86)/atmel/studio/7.0/toolchain/arm/arm-gnu-toolchain/bin/../lib/gcc/arm-none-eabi/6.3.1/../../../../arm-none-eabi/lib/thumb/v7e-m\libc.a(lib_a-memset.o)
                              c:/program files (x86)/atmel/studio/7.0/toolchain/arm/arm-gnu-toolchain/bin/../lib/gcc/arm-none-eabi/6.3.1/../../../../arm-none-eabi/lib/thumb/v7e-m/crt0.o (memset)
c:/program files (x86)/atmel/studio/7.0/toolchain/arm/arm-gnu-toolchain/bin/../lib/gcc/arm-none-eabi/6.3.1/../../../../arm-none-eabi/lib/thumb/v7e-m\libc.a(lib_a-sprintf.o)
                              src/main.o (sprintf)
c:/program files (x86)/atmel/studio/7.0/toolchain/arm/arm-gnu-toolchain/bin/../lib/gcc/arm-none-eabi/6.3.1/../../../../arm-none-eabi/lib/thumb/v7e-m\libc.a(lib_a-svfprintf.o)
                              c:/program files (x86)/atmel/studio/7.0/toolchain/arm/arm-gnu-toolchain/bin/../lib/gcc/arm-none-eabi/6.3.1/../../../../arm-none-eabi/lib/thumb/v7e-m\libc.a(lib_a-sprintf.o) (_svfprintf_r)
c:/program files (x86)/atmel/studio/7.0/toolchain/arm/arm-gnu-toolchain/bin/../lib/gcc/arm-none-eabi/6.3.1/../../../../arm-none-eabi/lib/thumb/v7e-m\libc.a(lib_a-__call_atexit.o)
                              c:/program files (x86)/atmel/studio/7.0/toolchain/arm/arm-gnu-toolchain/bin/../lib/gcc/arm-none-eabi/6.3.1/../../../../arm-none-eabi/lib/thumb/v7e-m\libc.a(lib_a-exit.o) (__call_exitprocs)
c:/program files (x86)/atmel/studio/7.0/toolchain/arm/arm-gnu-toolchain/bin/../lib/gcc/arm-none-eabi/6.3.1/../../../../arm-none-eabi/lib/thumb/v7e-m\libc.a(lib_a-atexit.o)
                              c:/program files (x86)/atmel/studio/7.0/toolchain/arm/arm-gnu-toolchain/bin/../lib/gcc/arm-none-eabi/6.3.1/../../../../arm-none-eabi/lib/thumb/v7e-m\libc.a(lib_a-__call_atexit.o) (atexit)
c:/program files (x86)/atmel/studio/7.0/toolchain/arm/arm-gnu-toolchain/bin/../lib/gcc/arm-none-eabi/6.3.1/../../../../arm-none-eabi/lib/thumb/v7e-m\libc.a(lib_a-dtoa.o)
                              c:/program files (x86)/atmel/studio/7.0/toolchain/arm/arm-gnu-toolchain/bin/../lib/gcc/arm-none-eabi/6.3.1/../../../../arm-none-eabi/lib/thumb/v7e-m\libc.a(lib_a-svfprintf.o) (_dtoa_r)
c:/program files (x86)/atmel/studio/7.0/toolchain/arm/arm-gnu-toolchain/bin/../lib/gcc/arm-none-eabi/6.3.1/../../../../arm-none-eabi/lib/thumb/v7e-m\libc.a(lib_a-fini.o)
                              c:/program files (x86)/atmel/studio/7.0/toolchain/arm/arm-gnu-toolchain/bin/../lib/gcc/arm-none-eabi/6.3.1/../../../../arm-none-eabi/lib/thumb/v7e-m\libc.a(lib_a-__call_atexit.o) (__libc_fini_array)
c:/program files (x86)/atmel/studio/7.0/toolchain/arm/arm-gnu-toolchain/bin/../lib/gcc/arm-none-eabi/6.3.1/../../../../arm-none-eabi/lib/thumb/v7e-m\libc.a(lib_a-localeconv.o)
                              c:/program files (x86)/atmel/studio/7.0/toolchain/arm/arm-gnu-toolchain/bin/../lib/gcc/arm-none-eabi/6.3.1/../../../../arm-none-eabi/lib/thumb/v7e-m\libc.a(lib_a-svfprintf.o) (_localeconv_r)
c:/program files (x86)/atmel/studio/7.0/toolchain/arm/arm-gnu-toolchain/bin/../lib/gcc/arm-none-eabi/6.3.1/../../../../arm-none-eabi/lib/thumb/v7e-m\libc.a(lib_a-lock.o)
                              c:/program files (x86)/atmel/studio/7.0/toolchain/arm/arm-gnu-toolchain/bin/../lib/gcc/arm-none-eabi/6.3.1/../../../../arm-none-eabi/lib/thumb/v7e-m\libc.a(lib_a-__call_atexit.o) (__retarget_lock_acquire_recursive)
c:/program files (x86)/atmel/studio/7.0/toolchain/arm/arm-gnu-toolchain/bin/../lib/gcc/arm-none-eabi/6.3.1/../../../../arm-none-eabi/lib/thumb/v7e-m\libc.a(lib_a-mallocr.o)
                              c:/program files (x86)/atmel/studio/7.0/toolchain/arm/arm-gnu-toolchain/bin/../lib/gcc/arm-none-eabi/6.3.1/../../../../arm-none-eabi/lib/thumb/v7e-m\libc.a(lib_a-svfprintf.o) (_malloc_r)
[...]
Memory Configuration

Name             Origin             Length             Attributes
rom              0x00400000         0x00200000         xr
ram              0x20400000         0x00060000         xrw
*default*        0x00000000         0xffffffff

Linker script and memory map

LOAD c:/program files (x86)/atmel/studio/7.0/toolchain/arm/arm-gnu-toolchain/bin/../lib/gcc/arm-none-eabi/6.3.1/thumb/v7e-m/crti.o
LOAD c:/program files (x86)/atmel/studio/7.0/toolchain/arm/arm-gnu-toolchain/bin/../lib/gcc/arm-none-eabi/6.3.1/thumb/v7e-m/crtbegin.o
LOAD c:/program files (x86)/atmel/studio/7.0/toolchain/arm/arm-gnu-toolchain/bin/../lib/gcc/arm-none-eabi/6.3.1/../../../../arm-none-eabi/lib/thumb/v7e-m/crt0.o
LOAD src/ASF/sam/drivers/rtc/rtc.o
LOAD src/ASF/sam/drivers/spi/spi.o
LOAD src/ASF/sam/drivers/tc/tc.o
LOAD src/OLED/gfx_mono_framebuffer.o
LOAD src/OLED/gfx_mono_generic.o
LOAD src/OLED/gfx_mono_text.o
LOAD src/OLED/gfx_mono_ug_2832hsweg04.o
LOAD src/OLED/ssd1306.o
LOAD src/OLED/sysfont.o
LOAD src/ASF/common/services/delay/sam/cycle_counter.o
LOAD src/ASF/common/services/clock/same70/sysclk.o
LOAD src/ASF/common/utils/interrupt/interrupt_sam_nvic.o
LOAD src/ASF/sam/boards/same70_xplained/init.o
LOAD src/ASF/sam/drivers/mpu/mpu.o
LOAD src/ASF/sam/drivers/pio/pio.o
LOAD src/ASF/sam/drivers/pio/pio_handler.o
LOAD src/ASF/sam/drivers/pmc/pmc.o
LOAD src/ASF/sam/drivers/pmc/sleep.o
LOAD src/ASF/sam/utils/cmsis/same70/source/templates/gcc/startup_same70.o
LOAD src/ASF/sam/utils/cmsis/same70/source/templates/system_same70.o
LOAD src/ASF/sam/utils/syscalls/gcc/syscalls.o
LOAD src/main.o
START GROUP
LOAD ../src/ASF/thirdparty/CMSIS/Lib/GCC\libarm_cortexM7lfsp_math_softfp.a
LOAD c:/program files (x86)/atmel/studio/7.0/toolchain/arm/arm-gnu-toolchain/bin/../lib/gcc/arm-none-eabi/6.3.1/../../../../arm-none-eabi/lib/thumb/v7e-m\libm.a
END GROUP
START GROUP
LOAD c:/program files (x86)/atmel/studio/7.0/toolchain/arm/arm-gnu-toolchain/bin/../lib/gcc/arm-none-eabi/6.3.1/thumb/v7e-m\libgcc.a
LOAD c:/program files (x86)/atmel/studio/7.0/toolchain/arm/arm-gnu-toolchain/bin/../lib/gcc/arm-none-eabi/6.3.1/../../../../arm-none-eabi/lib/thumb/v7e-m\libc.a
END GROUP
LOAD c:/program files (x86)/atmel/studio/7.0/toolchain/arm/arm-gnu-toolchain/bin/../lib/gcc/arm-none-eabi/6.3.1/thumb/v7e-m/crtend.o
LOAD c:/program files (x86)/atmel/studio/7.0/toolchain/arm/arm-gnu-toolchain/bin/../lib/gcc/arm-none-eabi/6.3.1/thumb/v7e-m/crtn.o
                0x00002000                STACK_SIZE = DEFINED (STACK_SIZE)?STACK_SIZE:0x2000
                0x2045fffc                __ram_end__ = ((ORIGIN (ram) + LENGTH (ram)) - 0x4)
                0x00000200                HEAP_SIZE = DEFINED (HEAP_SIZE)?HEAP_SIZE:0x200

.text           0x00400000     0x752c
                0x00400000                . = ALIGN (0x4)
                0x00400000                _sfixed = .
 *(.vectors .vectors.*)
 .vectors       0x00400000      0x140 src/ASF/sam/utils/cmsis/same70/source/templates/gcc/startup_same70.o
                0x00400000                exception_table
 *(.text .text.* .gnu.linkonce.t.*)
 .text          0x00400140       0x6c c:/program files (x86)/atmel/studio/7.0/toolchain/arm/arm-gnu-toolchain/bin/../lib/gcc/arm-none-eabi/6.3.1/thumb/v7e-m/crtbegin.o
 .text.spi_enable_clock
                0x004001ac       0x2c src/ASF/sam/drivers/spi/spi.o
                0x004001ac                spi_enable_clock
 .text.spi_set_peripheral_chip_select_value
                0x004001d8       0x16 src/ASF/sam/drivers/spi/spi.o
                0x004001d8                spi_set_peripheral_chip_select_value
 .text.spi_write
                0x004001ee       0x34 src/ASF/sam/drivers/spi/spi.o
                0x004001ee                spi_write
 .text.spi_set_clock_polarity
                0x00400222       0x1e src/ASF/sam/drivers/spi/spi.o
                0x00400222                spi_set_clock_polarity
 .text.spi_set_clock_phase
                0x00400240       0x1e src/ASF/sam/drivers/spi/spi.o
                0x00400240                spi_set_clock_phase
 .text.spi_configure_cs_behavior
                0x0040025e       0x46 src/ASF/sam/drivers/spi/spi.o
                0x0040025e                spi_configure_cs_behavior
 .text.spi_set_bits_per_transfer
                0x004002a4       0x14 src/ASF/sam/drivers/spi/spi.o
                0x004002a4                spi_set_bits_per_transfer
 .text.spi_calc_baudrate_div
                0x004002b8       0x16 src/ASF/sam/drivers/spi/spi.o
                0x004002b8                spi_calc_baudrate_div
 .text.spi_set_baudrate_div
                0x004002ce       0x28 src/ASF/sam/drivers/spi/spi.o
                0x004002ce                spi_set_baudrate_div
 .text.tc_init  0x004002f6       0x1a src/ASF/sam/drivers/tc/tc.o
                0x004002f6                tc_init
 .text.tc_start
                0x00400310        0x8 src/ASF/sam/drivers/tc/tc.o
                0x00400310                tc_start
 .text.tc_stop  0x00400318        0x8 src/ASF/sam/drivers/tc/tc.o
                0x00400318                tc_stop
 .text.tc_write_rc
                0x00400320        0x8 src/ASF/sam/drivers/tc/tc.o
                0x00400320                tc_write_rc
 .text.tc_enable_interrupt
                0x00400328        0x8 src/ASF/sam/drivers/tc/tc.o
                0x00400328                tc_enable_interrupt
 .text.tc_get_status
                0x00400330        0x8 src/ASF/sam/drivers/tc/tc.o
                0x00400330                tc_get_status
 .text.tc_find_mck_divisor
                0x00400338       0x70 src/ASF/sam/drivers/tc/tc.o
                0x00400338                tc_find_mck_divisor
 .text.gfx_mono_set_framebuffer
                0x004003a8        0xc src/OLED/gfx_mono_framebuffer.o
                0x004003a8                gfx_mono_set_framebuffer
 .text.gfx_mono_framebuffer_put_byte
                0x004003b4       0x10 src/OLED/gfx_mono_framebuffer.o
                0x004003b4                gfx_mono_framebuffer_put_byte
 .text.gfx_mono_framebuffer_get_byte
                0x004003c4       0x10 src/OLED/gfx_mono_framebuffer.o
                0x004003c4                gfx_mono_framebuffer_get_byte
 .text.gfx_mono_generic_draw_horizontal_line
                0x004003d4       0xd0 src/OLED/gfx_mono_generic.o
                0x004003d4                gfx_mono_generic_draw_horizontal_line
 .text.gfx_mono_generic_draw_filled_rect
                0x004004a4       0x38 src/OLED/gfx_mono_generic.o
                0x004004a4                gfx_mono_generic_draw_filled_rect
 .text.gfx_mono_draw_char
                0x004004dc       0xac src/OLED/gfx_mono_text.o
                0x004004dc                gfx_mono_draw_char
 .text.gfx_mono_draw_string
                0x00400588       0x48 src/OLED/gfx_mono_text.o
                0x00400588                gfx_mono_draw_string
 .text.gfx_mono_ssd1306_put_byte
                0x004005d0       0x50 src/OLED/gfx_mono_ug_2832hsweg04.o
                0x004005d0                gfx_mono_ssd1306_put_byte
 .text.gfx_mono_ssd1306_init
                0x00400620       0x50 src/OLED/gfx_mono_ug_2832hsweg04.o
                0x00400620                gfx_mono_ssd1306_init
 .text.gfx_mono_ssd1306_draw_pixel
                0x00400670       0x78 src/OLED/gfx_mono_ug_2832hsweg04.o
                0x00400670                gfx_mono_ssd1306_draw_pixel
 .text.gfx_mono_ssd1306_get_byte
                0x004006e8        0xc src/OLED/gfx_mono_ug_2832hsweg04.o
                0x004006e8                gfx_mono_ssd1306_get_byte
 .text.ssd1306_write_command
                0x004006f4       0x40 src/OLED/ssd1306.o
                0x004006f4                ssd1306_write_command
 .text.ssd1306_init
                0x00400734      0x1e0 src/OLED/ssd1306.o
                0x00400734                ssd1306_init
 .text.ssd1306_write_data
                0x00400914       0x40 src/OLED/ssd1306.o
                0x00400914                ssd1306_write_data
 .text.sysclk_init
                0x00400954       0x70 src/ASF/common/services/clock/same70/sysclk.o
                0x00400954                sysclk_init
 .text.board_init
                0x004009c4      0x140 src/ASF/sam/boards/same70_xplained/init.o
                0x004009c4                board_init
 .text.pio_set  0x00400b04        0x4 src/ASF/sam/drivers/pio/pio.o
                0x00400b04                pio_set
 .text.pio_clear
                0x00400b08        0x4 src/ASF/sam/drivers/pio/pio.o
                0x00400b08                pio_clear
 .text.pio_get  0x00400b0c       0x1a src/ASF/sam/drivers/pio/pio.o
                0x00400b0c                pio_get
 .text.pio_set_peripheral
                0x00400b26       0x92 src/ASF/sam/drivers/pio/pio.o
                0x00400b26                pio_set_peripheral
 .text.pio_set_input
                0x00400bb8       0x36 src/ASF/sam/drivers/pio/pio.o
                0x00400bb8                pio_set_input
 .text.pio_set_output
                0x00400bee       0x28 src/ASF/sam/drivers/pio/pio.o
                0x00400bee                pio_set_output
 *fill*         0x00400c16        0x2 
 .text.pio_configure
                0x00400c18       0x90 src/ASF/sam/drivers/pio/pio.o
                0x00400c18                pio_configure
 .text.pio_get_output_data_status
                0x00400ca8        0xc src/ASF/sam/drivers/pio/pio.o
                0x00400ca8                pio_get_output_data_status
 .text.pio_configure_interrupt
                0x00400cb4       0x32 src/ASF/sam/drivers/pio/pio.o
                0x00400cb4                pio_configure_interrupt
 .text.pio_enable_interrupt
                0x00400ce6        0x4 src/ASF/sam/drivers/pio/pio.o
                0x00400ce6                pio_enable_interrupt
 .text.pio_get_interrupt_status
                0x00400cea        0x4 src/ASF/sam/drivers/pio/pio.o
                0x00400cea                pio_get_interrupt_status
 .text.pio_get_interrupt_mask
                0x00400cee        0x4 src/ASF/sam/drivers/pio/pio.o
                0x00400cee                pio_get_interrupt_mask
 *fill*         0x00400cf2        0x2 
 .text.pio_handler_process
                0x00400cf4       0x50 src/ASF/sam/drivers/pio/pio_handler.o
                0x00400cf4                pio_handler_process
 .text.pio_handler_set
                0x00400d44       0x70 src/ASF/sam/drivers/pio/pio_handler.o
                0x00400d44                pio_handler_set
 .text.PIOA_Handler
                0x00400db4       0x14 src/ASF/sam/drivers/pio/pio_handler.o
                0x00400db4                PIOA_Handler
 .text.PIOB_Handler
                0x00400dc8       0x14 src/ASF/sam/drivers/pio/pio_handler.o
                0x00400dc8                PIOB_Handler
 .text.PIOC_Handler
                0x00400ddc       0x14 src/ASF/sam/drivers/pio/pio_handler.o
                0x00400ddc                PIOC_Handler
 .text.PIOD_Handler
                0x00400df0       0x14 src/ASF/sam/drivers/pio/pio_handler.o
                0x00400df0                PIOD_Handler
 .text.PIOE_Handler
                0x00400e04       0x14 src/ASF/sam/drivers/pio/pio_handler.o
                0x00400e04                PIOE_Handler
 .text.pmc_mck_set_division
                0x00400e18       0x38 src/ASF/sam/drivers/pmc/pmc.o
                0x00400e18                pmc_mck_set_division
 .text.pmc_switch_mck_to_pllack
                0x00400e50       0x64 src/ASF/sam/drivers/pmc/pmc.o
                0x00400e50                pmc_switch_mck_to_pllack
 .text.pmc_switch_mainck_to_xtal
                0x00400eb4       0x54 src/ASF/sam/drivers/pmc/pmc.o
                0x00400eb4                pmc_switch_mainck_to_xtal
 .text.pmc_osc_is_ready_mainck
                0x00400f08       0x10 src/ASF/sam/drivers/pmc/pmc.o
                0x00400f08                pmc_osc_is_ready_mainck
 .text.pmc_disable_pllack
                0x00400f18       0x10 src/ASF/sam/drivers/pmc/pmc.o
                0x00400f18                pmc_disable_pllack
 .text.pmc_is_locked_pllack
                0x00400f28       0x10 src/ASF/sam/drivers/pmc/pmc.o
                0x00400f28                pmc_is_locked_pllack
 .text.pmc_enable_periph_clk
                0x00400f38       0x54 src/ASF/sam/drivers/pmc/pmc.o
                0x00400f38                pmc_enable_periph_clk
 .text.pmc_disable_periph_clk
                0x00400f8c       0x54 src/ASF/sam/drivers/pmc/pmc.o
                0x00400f8c                pmc_disable_periph_clk
 .text.Dummy_Handler
                0x00400fe0        0x2 src/ASF/sam/utils/cmsis/same70/source/templates/gcc/startup_same70.o
                0x00400fe0                DACC_Handler
                0x00400fe0                DebugMon_Handler
                0x00400fe0                UART3_Handler
                0x00400fe0                UART2_Handler
                0x00400fe0                TRNG_Handler
                0x00400fe0                HardFault_Handler
                0x00400fe0                TC2_Handler
                0x00400fe0                SysTick_Handler
                0x00400fe0                AFEC1_Handler
                0x00400fe0                PendSV_Handler
                0x00400fe0                NMI_Handler
                0x00400fe0                TC7_Handler
                0x00400fe0                QSPI_Handler
                0x00400fe0                ISI_Handler
                0x00400fe0                TC9_Handler
                0x00400fe0                RSWDT_Handler
                0x00400fe0                MCAN1_Handler
                0x00400fe0                USART0_Handler
                0x00400fe0                RTT_Handler
                0x00400fe0                USBHS_Handler
                0x00400fe0                RTC_Handler
                0x00400fe0                UsageFault_Handler
                0x00400fe0                TC6_Handler
                0x00400fe0                WDT_Handler
                0x00400fe0                TC4_Handler
                0x00400fe0                HSMCI_Handler
                0x00400fe0                UART1_Handler
                0x00400fe0                TC3_Handler
                0x00400fe0                Dummy_Handler
                0x00400fe0                TWIHS1_Handler
                0x00400fe0                XDMAC_Handler
                0x00400fe0                UART4_Handler
                0x00400fe0                PWM1_Handler
                0x00400fe0                USART1_Handler
                0x00400fe0                PWM0_Handler
                0x00400fe0                AFEC0_Handler
                0x00400fe0                SSC_Handler
                0x00400fe0                TC11_Handler
                0x00400fe0                ACC_Handler
                0x00400fe0                PMC_Handler
                0x00400fe0                GMAC_Handler
                0x00400fe0                MemManage_Handler
                0x00400fe0                SUPC_Handler
                0x00400fe0                SVC_Handler
                0x00400fe0                TC8_Handler
                0x00400fe0                EFC_Handler
                0x00400fe0                USART2_Handler
                0x00400fe0                SDRAMC_Handler
                0x00400fe0                SPI1_Handler
                0x00400fe0                MCAN0_Handler
                0x00400fe0                TC10_Handler
                0x00400fe0                TWIHS2_Handler
                0x00400fe0                UART0_Handler
                0x00400fe0                BusFault_Handler
                0x00400fe0                RSTC_Handler
                0x00400fe0                TC5_Handler
                0x00400fe0                ICM_Handler
                0x00400fe0                AES_Handler
                0x00400fe0                TWIHS0_Handler
                0x00400fe0                SPI0_Handler
 *fill*         0x00400fe2        0x2 
 .text.Reset_Handler
                0x00400fe4       0xc8 src/ASF/sam/utils/cmsis/same70/source/templates/gcc/startup_same70.o
                0x00400fe4                Reset_Handler
 .text.SystemCoreClockUpdate
                0x004010ac      0x10c src/ASF/sam/utils/cmsis/same70/source/templates/system_same70.o
                0x004010ac                SystemCoreClockUpdate
 .text.system_init_flash
                0x004011b8       0x8c src/ASF/sam/utils/cmsis/same70/source/templates/system_same70.o
                0x004011b8                system_init_flash
 .text._sbrk    0x00401244       0x38 src/ASF/sam/utils/syscalls/gcc/syscalls.o
                0x00401244                _sbrk
 .text.Button_3_Handler
                0x0040127c       0x50 src/main.o
 .text.Button_2_Handler
                0x004012cc       0x50 src/main.o
 .text.Button_1_Handler
                0x0040131c       0x60 src/main.o
 .text.Button_0_Handler
                0x0040137c       0x30 src/main.o
 .text.pin_toggle
                0x004013ac       0x2c src/main.o
                0x004013ac                pin_toggle
 .text.play_buzz
                0x004013d8       0x2c src/main.o
                0x004013d8                play_buzz
 .text.TC0_Handler
                0x00401404       0x54 src/main.o
                0x00401404                TC0_Handler
 .text.LED_init
                0x00401458       0x3c src/main.o
                0x00401458                LED_init
 .text.BUZZ_init
                0x00401494       0x40 src/main.o
                0x00401494                BUZZ_init
 .text.BUT_init
                0x004014d4      0x138 src/main.o
                0x004014d4                BUT_init
 .text.print    0x0040160c       0x30 src/main.o
                0x0040160c                print
 .text.TC_init  0x0040163c       0xb0 src/main.o
                0x0040163c                TC_init
 .text.TC1_Handler
                0x004016ec       0xbc src/main.o
                0x004016ec                TC1_Handler
 .text.main     0x004017a8      0x100 src/main.o
                0x004017a8                main
 .text.__libc_init_array
                0x004018a8       0x50 c:/program files (x86)/atmel/studio/7.0/toolchain/arm/arm-gnu-toolchain/bin/../lib/gcc/arm-none-eabi/6.3.1/../../../../arm-none-eabi/lib/thumb/v7e-m\libc.a(lib_a-init.o)
                0x004018a8                __libc_init_array
 .text.memset   0x004018f8       0x9c c:/program files (x86)/atmel/studio/7.0/toolchain/arm/arm-gnu-toolchain/bin/../lib/gcc/arm-none-eabi/6.3.1/../../../../arm-none-eabi/lib/thumb/v7e-m\libc.a(lib_a-memset.o)
                0x004018f8                memset
 .text.sprintf  0x00401994       0x4c c:/program files (x86)/atmel/studio/7.0/toolchain/arm/arm-gnu-toolchain/bin/../lib/gcc/arm-none-eabi/6.3.1/../../../../arm-none-eabi/lib/thumb/v7e-m\libc.a(lib_a-sprintf.o)
                0x00401994                sprintf
 .text._svfprintf_r
                0x004019e0     0x145c c:/program files (x86)/atmel/studio/7.0/toolchain/arm/arm-gnu-toolchain/bin/../lib/gcc/arm-none-eabi/6.3.1/../../../../arm-none-eabi/lib/thumb/v7e-m\libc.a(lib_a-svfprintf.o)
                0x004019e0                _svfprintf_r
 .text.startup.register_fini
                0x00402e3c       0x14 c:/program files (x86)/atmel/studio/7.0/toolchain/arm/arm-gnu-toolchain/bin/../lib/gcc/arm-none-eabi/6.3.1/../../../../arm-none-eabi/lib/thumb/v7e-m\libc.a(lib_a-__call_atexit.o)
 .text.atexit   0x00402e50        0xc c:/program files (x86)/atmel/studio/7.0/toolchain/arm/arm-gnu-toolchain/bin/../lib/gcc/arm-none-eabi/6.3.1/../../../../arm-none-eabi/lib/thumb/v7e-m\libc.a(lib_a-atexit.o)
                0x00402e50                atexit
 .text.quorem   0x00402e5c      0x128 c:/program files (x86)/atmel/studio/7.0/toolchain/arm/arm-gnu-toolchain/bin/../lib/gcc/arm-none-eabi/6.3.1/../../../../arm-none-eabi/lib/thumb/v7e-m\libc.a(lib_a-dtoa.o)
 *fill*         0x00402f84        0x4 
 .text._dtoa_r  0x00402f88      0xe54 c:/program files (x86)/atmel/studio/7.0/toolchain/arm/arm-gnu-toolchain/bin/../lib/gcc/arm-none-eabi/6.3.1/../../../../arm-none-eabi/lib/thumb/v7e-m\libc.a(lib_a-dtoa.o)
                0x00402f88                _dtoa_r
 .text.__libc_fini_array
                0x00403ddc       0x34 c:/program files (x86)/atmel/studio/7.0/toolchain/arm/arm-gnu-toolchain/bin/../lib/gcc/arm-none-eabi/6.3.1/../../../../arm-none-eabi/lib/thumb/v7e-m\libc.a(lib_a-fini.o)
                0x00403ddc                __libc_fini_array
 .text._localeconv_r
                0x00403e10       0x1c c:/program files (x86)/atmel/studio/7.0/toolchain/arm/arm-gnu-toolchain/bin/../lib/gcc/arm-none-eabi/6.3.1/../../../../arm-none-eabi/lib/thumb/v7e-m\libc.a(lib_a-localeconv.o)
                0x00403e10                _localeconv_r
 .text.__retarget_lock_acquire_recursive
                0x00403e2c        0x4 c:/program files (x86)/atmel/studio/7.0/toolchain/arm/arm-gnu-toolchain/bin/../lib/gcc/arm-none-eabi/6.3.1/../../../../arm-none-eabi/lib/thumb/v7e-m\libc.a(lib_a-lock.o)
                0x00403e2c                __retarget_lock_acquire_recursive
 .text.__retarget_lock_release_recursive
                0x00403e30        0x4 c:/program files (x86)/atmel/studio/7.0/toolchain/arm/arm-gnu-toolchain/bin/../lib/gcc/arm-none-eabi/6.3.1/../../../../arm-none-eabi/lib/thumb/v7e-m\libc.a(lib_a-lock.o)
                0x00403e30                __retarget_lock_release_recursive
 .text._malloc_r
                0x00403e34      0x560 c:/program files (x86)/atmel/studio/7.0/toolchain/arm/arm-gnu-toolchain/bin/../lib/gcc/arm-none-eabi/6.3.1/../../../../arm-none-eabi/lib/thumb/v7e-m\libc.a(lib_a-mallocr.o)
                0x00403e34                _malloc_r
 *fill*         0x00404394        0xc 
 .text          0x004043a0       0xa0 c:/program files (x86)/atmel/studio/7.0/toolchain/arm/arm-gnu-toolchain/bin/../lib/gcc/arm-none-eabi/6.3.1/../../../../arm-none-eabi/lib/thumb/v7e-m\libc.a(lib_a-memchr.o)
                0x004043a0                memchr
 .text          0x00404440      0x134 c:/program files (x86)/atmel/studio/7.0/toolchain/arm/arm-gnu-toolchain/bin/../lib/gcc/arm-none-eabi/6.3.1/../../../../arm-none-eabi/lib/thumb/v7e-m\libc.a(lib_a-memcpy.o)
                0x00404440                memcpy
 .text.__malloc_lock
                0x00404574        0xc c:/program files (x86)/atmel/studio/7.0/toolchain/arm/arm-gnu-toolchain/bin/../lib/gcc/arm-none-eabi/6.3.1/../../../../arm-none-eabi/lib/thumb/v7e-m\libc.a(lib_a-mlock.o)
                0x00404574                __malloc_lock
 .text.__malloc_unlock
                0x00404580        0xc c:/program files (x86)/atmel/studio/7.0/toolchain/arm/arm-gnu-toolchain/bin/../lib/gcc/arm-none-eabi/6.3.1/../../../../arm-none-eabi/lib/thumb/v7e-m\libc.a(lib_a-mlock.o)
                0x00404580                __malloc_unlock
 .text._Balloc  0x0040458c       0x4c c:/program files (x86)/atmel/studio/7.0/toolchain/arm/arm-gnu-toolchain/bin/../lib/gcc/arm-none-eabi/6.3.1/../../../../arm-none-eabi/lib/thumb/v7e-m\libc.a(lib_a-mprec.o)
                0x0040458c                _Balloc
 .text._Bfree   0x004045d8       0x14 c:/program files (x86)/atmel/studio/7.0/toolchain/arm/arm-gnu-toolchain/bin/../lib/gcc/arm-none-eabi/6.3.1/../../../../arm-none-eabi/lib/thumb/v7e-m\libc.a(lib_a-mprec.o)
                0x004045d8                _Bfree
 .text.__multadd
                0x004045ec       0x80 c:/program files (x86)/atmel/studio/7.0/toolchain/arm/arm-gnu-toolchain/bin/../lib/gcc/arm-none-eabi/6.3.1/../../../../arm-none-eabi/lib/thumb/v7e-m\libc.a(lib_a-mprec.o)
                0x004045ec                __multadd
 .text.__hi0bits
                0x0040466c       0x40 c:/program files (x86)/atmel/studio/7.0/toolchain/arm/arm-gnu-toolchain/bin/../lib/gcc/arm-none-eabi/6.3.1/../../../../arm-none-eabi/lib/thumb/v7e-m\libc.a(lib_a-mprec.o)
                0x0040466c                __hi0bits
 .text.__lo0bits
                0x004046ac       0x60 c:/program files (x86)/atmel/studio/7.0/toolchain/arm/arm-gnu-toolchain/bin/../lib/gcc/arm-none-eabi/6.3.1/../../../../arm-none-eabi/lib/thumb/v7e-m\libc.a(lib_a-mprec.o)
                0x004046ac                __lo0bits
 .text.__i2b    0x0040470c       0x14 c:/program files (x86)/atmel/studio/7.0/toolchain/arm/arm-gnu-toolchain/bin/../lib/gcc/arm-none-eabi/6.3.1/../../../../arm-none-eabi/lib/thumb/v7e-m\libc.a(lib_a-mprec.o)
                0x0040470c                __i2b
 .text.__multiply
                0x00404720      0x124 c:/program files (x86)/atmel/studio/7.0/toolchain/arm/arm-gnu-toolchain/bin/../lib/gcc/arm-none-eabi/6.3.1/../../../../arm-none-eabi/lib/thumb/v7e-m\libc.a(lib_a-mprec.o)
                0x00404720                __multiply
 .text.__pow5mult
                0x00404844       0xa0 c:/program files (x86)/atmel/studio/7.0/toolchain/arm/arm-gnu-toolchain/bin/../lib/gcc/arm-none-eabi/6.3.1/../../../../arm-none-eabi/lib/thumb/v7e-m\libc.a(lib_a-mprec.o)
                0x00404844                __pow5mult
 .text.__lshift
                0x004048e4       0xa4 c:/program files (x86)/atmel/studio/7.0/toolchain/arm/arm-gnu-toolchain/bin/../lib/gcc/arm-none-eabi/6.3.1/../../../../arm-none-eabi/lib/thumb/v7e-m\libc.a(lib_a-mprec.o)
                0x004048e4                __lshift
 .text.__mcmp   0x00404988       0x38 c:/program files (x86)/atmel/studio/7.0/toolchain/arm/arm-gnu-toolchain/bin/../lib/gcc/arm-none-eabi/6.3.1/../../../../arm-none-eabi/lib/thumb/v7e-m\libc.a(lib_a-mprec.o)
                0x00404988                __mcmp
 .text.__mdiff  0x004049c0      0x108 c:/program files (x86)/atmel/studio/7.0/toolchain/arm/arm-gnu-toolchain/bin/../lib/gcc/arm-none-eabi/6.3.1/../../../../arm-none-eabi/lib/thumb/v7e-m\libc.a(lib_a-mprec.o)
                0x004049c0                __mdiff
 .text.__d2b    0x00404ac8       0xb8 c:/program files (x86)/atmel/studio/7.0/toolchain/arm/arm-gnu-toolchain/bin/../lib/gcc/arm-none-eabi/6.3.1/../../../../arm-none-eabi/lib/thumb/v7e-m\libc.a(lib_a-mprec.o)
                0x00404ac8                __d2b
 .text._sbrk_r  0x00404b80       0x24 c:/program files (x86)/atmel/studio/7.0/toolchain/arm/arm-gnu-toolchain/bin/../lib/gcc/arm-none-eabi/6.3.1/../../../../arm-none-eabi/lib/thumb/v7e-m\libc.a(lib_a-sbrkr.o)
                0x00404b80                _sbrk_r
 *fill*         0x00404ba4       0x1c 
 .text          0x00404bc0       0xdc c:/program files (x86)/atmel/studio/7.0/toolchain/arm/arm-gnu-toolchain/bin/../lib/gcc/arm-none-eabi/6.3.1/../../../../arm-none-eabi/lib/thumb/v7e-m\libc.a(lib_a-strlen.o)
                0x00404bc0                strlen
 .text.__ssprint_r
                0x00404c9c       0xfc c:/program files (x86)/atmel/studio/7.0/toolchain/arm/arm-gnu-toolchain/bin/../lib/gcc/arm-none-eabi/6.3.1/../../../../arm-none-eabi/lib/thumb/v7e-m\libc.a(lib_a-svfiprintf.o)
                0x00404c9c                __ssprint_r
 .text.__register_exitproc
                0x00404d98       0xc4 c:/program files (x86)/atmel/studio/7.0/toolchain/arm/arm-gnu-toolchain/bin/../lib/gcc/arm-none-eabi/6.3.1/../../../../arm-none-eabi/lib/thumb/v7e-m\libc.a(lib_a-__atexit.o)
                0x00404d98                __register_exitproc
 .text._calloc_r
                0x00404e5c       0x60 c:/program files (x86)/atmel/studio/7.0/toolchain/arm/arm-gnu-toolchain/bin/../lib/gcc/arm-none-eabi/6.3.1/../../../../arm-none-eabi/lib/thumb/v7e-m\libc.a(lib_a-callocr.o)
                0x00404e5c                _calloc_r
 .text._malloc_trim_r
                0x00404ebc       0xa0 c:/program files (x86)/atmel/studio/7.0/toolchain/arm/arm-gnu-toolchain/bin/../lib/gcc/arm-none-eabi/6.3.1/../../../../arm-none-eabi/lib/thumb/v7e-m\libc.a(lib_a-freer.o)
                0x00404ebc                _malloc_trim_r
 .text._free_r  0x00404f5c      0x1cc c:/program files (x86)/atmel/studio/7.0/toolchain/arm/arm-gnu-toolchain/bin/../lib/gcc/arm-none-eabi/6.3.1/../../../../arm-none-eabi/lib/thumb/v7e-m\libc.a(lib_a-freer.o)
                0x00404f5c                _free_r
 .text.__ascii_mbtowc
                0x00405128       0x2c c:/program files (x86)/atmel/studio/7.0/toolchain/arm/arm-gnu-toolchain/bin/../lib/gcc/arm-none-eabi/6.3.1/../../../../arm-none-eabi/lib/thumb/v7e-m\libc.a(lib_a-mbtowc_r.o)
                0x00405128                __ascii_mbtowc
 .text.memmove  0x00405154       0xc8 c:/program files (x86)/atmel/studio/7.0/toolchain/arm/arm-gnu-toolchain/bin/../lib/gcc/arm-none-eabi/6.3.1/../../../../arm-none-eabi/lib/thumb/v7e-m\libc.a(lib_a-memmove.o)
                0x00405154                memmove
 .text._realloc_r
                0x0040521c      0x34c c:/program files (x86)/atmel/studio/7.0/toolchain/arm/arm-gnu-toolchain/bin/../lib/gcc/arm-none-eabi/6.3.1/../../../../arm-none-eabi/lib/thumb/v7e-m\libc.a(lib_a-reallocr.o)
                0x0040521c                _realloc_r
 .text.__ascii_wctomb
                0x00405568       0x1c c:/program files (x86)/atmel/studio/7.0/toolchain/arm/arm-gnu-toolchain/bin/../lib/gcc/arm-none-eabi/6.3.1/../../../../arm-none-eabi/lib/thumb/v7e-m\libc.a(lib_a-wctomb_r.o)
                0x00405568                __ascii_wctomb
 .text          0x00405584      0x370 c:/program files (x86)/atmel/studio/7.0/toolchain/arm/arm-gnu-toolchain/bin/../lib/gcc/arm-none-eabi/6.3.1/thumb/v7e-m\libgcc.a(_arm_addsubdf3.o)
                0x00405584                __aeabi_drsub
                0x0040558c                __aeabi_dsub
                0x0040558c                __subdf3
                0x00405590                __aeabi_dadd
                0x00405590                __adddf3
                0x00405808                __floatunsidf
                0x00405808                __aeabi_ui2d
                0x00405828                __floatsidf
                0x00405828                __aeabi_i2d
                0x0040584c                __aeabi_f2d
                0x0040584c                __extendsfdf2
                0x00405888                __floatundidf
                0x00405888                __aeabi_ul2d
                0x00405898                __floatdidf
                0x00405898                __aeabi_l2d
 .text          0x004058f4      0x424 c:/program files (x86)/atmel/studio/7.0/toolchain/arm/arm-gnu-toolchain/bin/../lib/gcc/arm-none-eabi/6.3.1/thumb/v7e-m\libgcc.a(_arm_muldivdf3.o)
                0x004058f4                __aeabi_dmul
                0x004058f4                __muldf3
                0x00405b48                __divdf3
                0x00405b48                __aeabi_ddiv
 .text          0x00405d18      0x110 c:/program files (x86)/atmel/studio/7.0/toolchain/arm/arm-gnu-toolchain/bin/../lib/gcc/arm-none-eabi/6.3.1/thumb/v7e-m\libgcc.a(_arm_cmpdf2.o)
                0x00405d18                __gtdf2
                0x00405d18                __gedf2
                0x00405d20                __ltdf2
                0x00405d20                __ledf2
                0x00405d28                __nedf2
                0x00405d28                __eqdf2
                0x00405d28                __cmpdf2
                0x00405da4                __aeabi_cdrcmple
                0x00405db4                __aeabi_cdcmpeq
                0x00405db4                __aeabi_cdcmple
                0x00405dc4                __aeabi_dcmpeq
                0x00405dd8                __aeabi_dcmplt
                0x00405dec                __aeabi_dcmple
                0x00405e00                __aeabi_dcmpge
                0x00405e14                __aeabi_dcmpgt
 .text          0x00405e28       0x2c c:/program files (x86)/atmel/studio/7.0/toolchain/arm/arm-gnu-toolchain/bin/../lib/gcc/arm-none-eabi/6.3.1/thumb/v7e-m\libgcc.a(_arm_unorddf2.o)
                0x00405e28                __unorddf2
                0x00405e28                __aeabi_dcmpun
 .text          0x00405e54       0x50 c:/program files (x86)/atmel/studio/7.0/toolchain/arm/arm-gnu-toolchain/bin/../lib/gcc/arm-none-eabi/6.3.1/thumb/v7e-m\libgcc.a(_arm_fixdfsi.o)
                0x00405e54                __aeabi_d2iz
                0x00405e54                __fixdfsi
 .text          0x00405ea4       0x30 c:/program files (x86)/atmel/studio/7.0/toolchain/arm/arm-gnu-toolchain/bin/../lib/gcc/arm-none-eabi/6.3.1/thumb/v7e-m\libgcc.a(_aeabi_uldivmod.o)
                0x00405ea4                __aeabi_uldivmod
 .text          0x00405ed4      0x2dc c:/program files (x86)/atmel/studio/7.0/toolchain/arm/arm-gnu-toolchain/bin/../lib/gcc/arm-none-eabi/6.3.1/thumb/v7e-m\libgcc.a(_udivmoddi4.o)
                0x00405ed4                __udivmoddi4
 .text          0x004061b0        0x4 c:/program files (x86)/atmel/studio/7.0/toolchain/arm/arm-gnu-toolchain/bin/../lib/gcc/arm-none-eabi/6.3.1/thumb/v7e-m\libgcc.a(_dvmd_tls.o)
                0x004061b0                __aeabi_idiv0
                0x004061b0                __aeabi_ldiv0
 *(.glue_7t)
 .glue_7t       0x004061b4        0x0 linker stubs
 *(.glue_7)
 .glue_7        0x004061b4        0x0 linker stubs
 *(.rodata .rodata* .gnu.linkonce.r.*)
 .rodata.sysfont_glyphs
                0x004061b4     0x10aa src/OLED/sysfont.o
 *fill*         0x0040725e        0x2 
 .rodata.main.str1.4
                0x00407260       0x14 src/main.o
 .rodata.print.str1.4
                0x00407274        0xc src/main.o
 .rodata._global_impure_ptr
                0x00407280        0x4 c:/program files (x86)/atmel/studio/7.0/toolchain/arm/arm-gnu-toolchain/bin/../lib/gcc/arm-none-eabi/6.3.1/../../../../arm-none-eabi/lib/thumb/v7e-m\libc.a(lib_a-impure.o)
                0x00407280                _global_impure_ptr
 .rodata._svfprintf_r.str1.4
                0x00407284       0x42 c:/program files (x86)/atmel/studio/7.0/toolchain/arm/arm-gnu-toolchain/bin/../lib/gcc/arm-none-eabi/6.3.1/../../../../arm-none-eabi/lib/thumb/v7e-m\libc.a(lib_a-svfprintf.o)
 *fill*         0x004072c6        0x2 
 .rodata.blanks.7223
                0x004072c8       0x10 c:/program files (x86)/atmel/studio/7.0/toolchain/arm/arm-gnu-toolchain/bin/../lib/gcc/arm-none-eabi/6.3.1/../../../../arm-none-eabi/lib/thumb/v7e-m\libc.a(lib_a-svfprintf.o)
 .rodata.zeroes.7224
                0x004072d8       0x10 c:/program files (x86)/atmel/studio/7.0/toolchain/arm/arm-gnu-toolchain/bin/../lib/gcc/arm-none-eabi/6.3.1/../../../../arm-none-eabi/lib/thumb/v7e-m\libc.a(lib_a-svfprintf.o)
 .rodata._dtoa_r.str1.4
                0x004072e8       0x10 c:/program files (x86)/atmel/studio/7.0/toolchain/arm/arm-gnu-toolchain/bin/../lib/gcc/arm-none-eabi/6.3.1/../../../../arm-none-eabi/lib/thumb/v7e-m\libc.a(lib_a-dtoa.o)
                                 0x12 (size before relaxing)
 .rodata.__mprec_bigtens
                0x004072f8       0x28 c:/program files (x86)/atmel/studio/7.0/toolchain/arm/arm-gnu-toolchain/bin/../lib/gcc/arm-none-eabi/6.3.1/../../../../arm-none-eabi/lib/thumb/v7e-m\libc.a(lib_a-mprec.o)
                0x004072f8                __mprec_bigtens
 .rodata.__mprec_tens
                0x00407320       0xc8 c:/program files (x86)/atmel/studio/7.0/toolchain/arm/arm-gnu-toolchain/bin/../lib/gcc/arm-none-eabi/6.3.1/../../../../arm-none-eabi/lib/thumb/v7e-m\libc.a(lib_a-mprec.o)
                0x00407320                __mprec_tens
 .rodata.p05.6055
                0x004073e8        0xc c:/program files (x86)/atmel/studio/7.0/toolchain/arm/arm-gnu-toolchain/bin/../lib/gcc/arm-none-eabi/6.3.1/../../../../arm-none-eabi/lib/thumb/v7e-m\libc.a(lib_a-mprec.o)
 .rodata._setlocale_r.str1.4
                0x004073f4        0xa c:/program files (x86)/atmel/studio/7.0/toolchain/arm/arm-gnu-toolchain/bin/../lib/gcc/arm-none-eabi/6.3.1/../../../../arm-none-eabi/lib/thumb/v7e-m\libc.a(lib_a-locale.o)
                                  0xd (size before relaxing)
 *fill*         0x004073fe        0x2 
 .rodata.str1.4
                0x00407400        0x4 c:/program files (x86)/atmel/studio/7.0/toolchain/arm/arm-gnu-toolchain/bin/../lib/gcc/arm-none-eabi/6.3.1/../../../../arm-none-eabi/lib/thumb/v7e-m\libc.a(lib_a-locale.o)
                                  0x2 (size before relaxing)
 .rodata._ctype_
                0x00407404      0x101 c:/program files (x86)/atmel/studio/7.0/toolchain/arm/arm-gnu-toolchain/bin/../lib/gcc/arm-none-eabi/6.3.1/../../../../arm-none-eabi/lib/thumb/v7e-m\libc.a(lib_a-ctype_.o)
                0x00407404                _ctype_
 *(.ARM.extab* .gnu.linkonce.armextab.*)
                0x00407508                . = ALIGN (0x4)
 *fill*         0x00407505        0x3 
 *(.init)
 .init          0x00407508        0x4 c:/program files (x86)/atmel/studio/7.0/toolchain/arm/arm-gnu-toolchain/bin/../lib/gcc/arm-none-eabi/6.3.1/thumb/v7e-m/crti.o
                0x00407508                _init
 .init          0x0040750c        0x8 c:/program files (x86)/atmel/studio/7.0/toolchain/arm/arm-gnu-toolchain/bin/../lib/gcc/arm-none-eabi/6.3.1/thumb/v7e-m/crtn.o
                0x00407514                . = ALIGN (0x4)
                0x00407514                __preinit_array_start = .
 *(.preinit_array)
                0x00407514                __preinit_array_end = .
                0x00407514                . = ALIGN (0x4)
                0x00407514                __init_array_start = .
 *(SORT(.init_array.*))
 .init_array.00000
                0x00407514        0x4 c:/program files (x86)/atmel/studio/7.0/toolchain/arm/arm-gnu-toolchain/bin/../lib/gcc/arm-none-eabi/6.3.1/../../../../arm-none-eabi/lib/thumb/v7e-m\libc.a(lib_a-__call_atexit.o)
 *(.init_array)
 .init_array    0x00407518        0x4 c:/program files (x86)/atmel/studio/7.0/toolchain/arm/arm-gnu-toolchain/bin/../lib/gcc/arm-none-eabi/6.3.1/thumb/v7e-m/crtbegin.o
                0x0040751c                __init_array_end = .
                0x0040751c                . = ALIGN (0x4)
 *crtbegin.o(.ctors)
 *(EXCLUDE_FILE(*crtend.o) .ctors)
 *(SORT(.ctors.*))
 *crtend.o(.ctors)
                0x0040751c                . = ALIGN (0x4)
 *(.fini)
 .fini          0x0040751c        0x4 c:/program files (x86)/atmel/studio/7.0/toolchain/arm/arm-gnu-toolchain/bin/../lib/gcc/arm-none-eabi/6.3.1/thumb/v7e-m/crti.o
                0x0040751c                _fini
 .fini          0x00407520        0x8 c:/program files (x86)/atmel/studio/7.0/toolchain/arm/arm-gnu-toolchain/bin/../lib/gcc/arm-none-eabi/6.3.1/thumb/v7e-m/crtn.o
                0x00407528                . = ALIGN (0x4)
                0x00407528                __fini_array_start = .
 *(.fini_array)
 .fini_array    0x00407528        0x4 c:/program files (x86)/atmel/studio/7.0/toolchain/arm/arm-gnu-toolchain/bin/../lib/gcc/arm-none-eabi/6.3.1/thumb/v7e-m/crtbegin.o
 *(SORT(.fini_array.*))
                0x0040752c                __fini_array_end = .
 *crtbegin.o(.dtors)
 *(EXCLUDE_FILE(*crtend.o) .dtors)
 *(SORT(.dtors.*))
 *crtend.o(.dtors)
                0x0040752c                . = ALIGN (0x4)
                0x0040752c                _efixed = .
                [!provide]                PROVIDE (__exidx_start, .)

.vfp11_veneer   0x0040752c        0x0
 .vfp11_veneer  0x0040752c        0x0 linker stubs

.v4_bx          0x0040752c        0x0
 .v4_bx         0x0040752c        0x0 linker stubs

.iplt           0x0040752c        0x0
 .iplt          0x0040752c        0x0 c:/program files (x86)/atmel/studio/7.0/toolchain/arm/arm-gnu-toolchain/bin/../lib/gcc/arm-none-eabi/6.3.1/thumb/v7e-m/crtbegin.o

.ARM.exidx      0x0040752c        0x8
 *(.ARM.exidx* .gnu.linkonce.armexidx.*)
 .ARM.exidx     0x0040752c        0x8 c:/program files (x86)/atmel/studio/7.0/toolchain/arm/arm-gnu-toolchain/bin/../lib/gcc/arm-none-eabi/6.3.1/thumb/v7e-m\libgcc.a(_udivmoddi4.o)
                [!provide]                PROVIDE (__exidx_end, .)

.eh_frame       0x00407534        0x0
 .eh_frame      0x00407534        0x0 c:/program files (x86)/atmel/studio/7.0/toolchain/arm/arm-gnu-toolchain/bin/../lib/gcc/arm-none-eabi/6.3.1/thumb/v7e-m/crtbegin.o

.rel.dyn        0x00407534        0x0
 .rel.iplt      0x00407534        0x0 c:/program files (x86)/atmel/studio/7.0/toolchain/arm/arm-gnu-toolchain/bin/../lib/gcc/arm-none-eabi/6.3.1/thumb/v7e-m/crtbegin.o

.jcr            0x00407534        0x0
 .jcr           0x00407534        0x0 c:/program files (x86)/atmel/studio/7.0/toolchain/arm/arm-gnu-toolchain/bin/../lib/gcc/arm-none-eabi/6.3.1/thumb/v7e-m/crtbegin.o

.igot.plt       0x00407534        0x0
 .igot.plt      0x00407534        0x0 c:/program files (x86)/atmel/studio/7.0/toolchain/arm/arm-gnu-toolchain/bin/../lib/gcc/arm-none-eabi/6.3.1/thumb/v7e-m/crtbegin.o
                0x00407534                . = ALIGN (0x4)
                0x00407534                _etext = .

.relocate       0x20400000      0x9d0 load address 0x00407534
                0x20400000                . = ALIGN (0x4)
                0x20400000                _srelocate = .
 *(.ramfunc .ramfunc.*)
 .ramfunc       0x20400000        0xa src/ASF/common/services/delay/sam/cycle_counter.o
                0x20400000                portable_delay_cycles
 *(.data .data.*)
 *fill*         0x2040000a        0x2 
 .data.sysfont  0x2040000c        0xc src/OLED/sysfont.o
                0x2040000c                sysfont
 .data.g_interrupt_enabled
                0x20400018        0x1 src/ASF/common/utils/interrupt/interrupt_sam_nvic.o
                0x20400018                g_interrupt_enabled
 *fill*         0x20400019        0x3 
 .data.SystemCoreClock
                0x2040001c        0x4 src/ASF/sam/utils/cmsis/same70/source/templates/system_same70.o
                0x2040001c                SystemCoreClock
 .data.set_alarm
                0x20400020        0x1 src/main.o
                0x20400020                set_alarm
 *fill*         0x20400021        0x3 
 .data._impure_ptr
                0x20400024        0x4 c:/program files (x86)/atmel/studio/7.0/toolchain/arm/arm-gnu-toolchain/bin/../lib/gcc/arm-none-eabi/6.3.1/../../../../arm-none-eabi/lib/thumb/v7e-m\libc.a(lib_a-impure.o)
                0x20400024                _impure_ptr
 .data.impure_data
                0x20400028      0x428 c:/program files (x86)/atmel/studio/7.0/toolchain/arm/arm-gnu-toolchain/bin/../lib/gcc/arm-none-eabi/6.3.1/../../../../arm-none-eabi/lib/thumb/v7e-m\libc.a(lib_a-impure.o)
 .data.__atexit_recursive_mutex
                0x20400450        0x4 c:/program files (x86)/atmel/studio/7.0/toolchain/arm/arm-gnu-toolchain/bin/../lib/gcc/arm-none-eabi/6.3.1/../../../../arm-none-eabi/lib/thumb/v7e-m\libc.a(lib_a-__call_atexit.o)
                0x20400450                __atexit_recursive_mutex
 .data.__malloc_av_
                0x20400454      0x408 c:/program files (x86)/atmel/studio/7.0/toolchain/arm/arm-gnu-toolchain/bin/../lib/gcc/arm-none-eabi/6.3.1/../../../../arm-none-eabi/lib/thumb/v7e-m\libc.a(lib_a-mallocr.o)
                0x20400454                __malloc_av_
 .data.__malloc_sbrk_base
                0x2040085c        0x4 c:/program files (x86)/atmel/studio/7.0/toolchain/arm/arm-gnu-toolchain/bin/../lib/gcc/arm-none-eabi/6.3.1/../../../../arm-none-eabi/lib/thumb/v7e-m\libc.a(lib_a-mallocr.o)
                0x2040085c                __malloc_sbrk_base
 .data.__malloc_trim_threshold
                0x20400860        0x4 c:/program files (x86)/atmel/studio/7.0/toolchain/arm/arm-gnu-toolchain/bin/../lib/gcc/arm-none-eabi/6.3.1/../../../../arm-none-eabi/lib/thumb/v7e-m\libc.a(lib_a-mallocr.o)
                0x20400860                __malloc_trim_threshold
 .data.__global_locale
                0x20400864      0x16c c:/program files (x86)/atmel/studio/7.0/toolchain/arm/arm-gnu-toolchain/bin/../lib/gcc/arm-none-eabi/6.3.1/../../../../arm-none-eabi/lib/thumb/v7e-m\libc.a(lib_a-locale.o)
                0x20400864                __global_locale
                0x204009d0                . = ALIGN (0x4)
                0x204009d0                _erelocate = .

.bss            0x204009d0      0x308 load address 0x00407f04
                0x204009d0                . = ALIGN (0x4)
                0x204009d0                _sbss = .
                0x204009d0                _szero = .
 *(.bss .bss.*)
 .bss           0x204009d0       0x1c c:/program files (x86)/atmel/studio/7.0/toolchain/arm/arm-gnu-toolchain/bin/../lib/gcc/arm-none-eabi/6.3.1/thumb/v7e-m/crtbegin.o
 .bss.fbpointer
                0x204009ec        0x4 src/OLED/gfx_mono_framebuffer.o
 .bss.framebuffer
                0x204009f0      0x200 src/OLED/gfx_mono_ug_2832hsweg04.o
 .bss.gs_interrupt_sources
                0x20400bf0       0x70 src/ASF/sam/drivers/pio/pio_handler.o
 .bss.gs_ul_nb_sources
                0x20400c60        0x4 src/ASF/sam/drivers/pio/pio_handler.o
 .bss.heap.6420
                0x20400c64        0x4 src/ASF/sam/utils/syscalls/gcc/syscalls.o
 .bss.alarm_done
                0x20400c68        0x4 src/main.o
                0x20400c68                alarm_done
 .bss.flag_Alarm1
                0x20400c6c        0x1 src/main.o
                0x20400c6c                flag_Alarm1
 .bss.flag_Alarm2
                0x20400c6d        0x1 src/main.o
                0x20400c6d                flag_Alarm2
 .bss.flag_led  0x20400c6e        0x1 src/main.o
                0x20400c6e                flag_led
 .bss.flag_runTime
                0x20400c6f        0x1 src/main.o
                0x20400c6f                flag_runTime
 .bss.min1      0x20400c70        0x4 src/main.o
                0x20400c70                min1
 .bss.minuto_alarme
                0x20400c74        0x4 src/main.o
                0x20400c74                minuto_alarme
 .bss.seg       0x20400c78        0x4 src/main.o
                0x20400c78                seg
 .bss.__malloc_current_mallinfo
                0x20400c7c       0x28 c:/program files (x86)/atmel/studio/7.0/toolchain/arm/arm-gnu-toolchain/bin/../lib/gcc/arm-none-eabi/6.3.1/../../../../arm-none-eabi/lib/thumb/v7e-m\libc.a(lib_a-mallocr.o)
                0x20400c7c                __malloc_current_mallinfo
 .bss.__malloc_max_sbrked_mem
                0x20400ca4        0x4 c:/program files (x86)/atmel/studio/7.0/toolchain/arm/arm-gnu-toolchain/bin/../lib/gcc/arm-none-eabi/6.3.1/../../../../arm-none-eabi/lib/thumb/v7e-m\libc.a(lib_a-mallocr.o)
                0x20400ca4                __malloc_max_sbrked_mem
 .bss.__malloc_max_total_mem
                0x20400ca8        0x4 c:/program files (x86)/atmel/studio/7.0/toolchain/arm/arm-gnu-toolchain/bin/../lib/gcc/arm-none-eabi/6.3.1/../../../../arm-none-eabi/lib/thumb/v7e-m\libc.a(lib_a-mallocr.o)
                0x20400ca8                __malloc_max_total_mem
 .bss.__malloc_top_pad
                0x20400cac        0x4 c:/program files (x86)/atmel/studio/7.0/toolchain/arm/arm-gnu-toolchain/bin/../lib/gcc/arm-none-eabi/6.3.1/../../../../arm-none-eabi/lib/thumb/v7e-m\libc.a(lib_a-mallocr.o)
                0x20400cac                __malloc_top_pad
 *(COMMON)
 COMMON         0x20400cb0       0x21 c:/program files (x86)/atmel/studio/7.0/toolchain/arm/arm-gnu-toolchain/bin/../lib/gcc/arm-none-eabi/6.3.1/../../../../arm-none-eabi/lib/thumb/v7e-m\libc.a(lib_a-lock.o)
                0x20400cb0                __lock___atexit_recursive_mutex
                0x20400cb4                __lock___arc4random_mutex
                0x20400cb8                __lock___env_recursive_mutex
                0x20400cbc                __lock___sinit_recursive_mutex
                0x20400cc0                __lock___malloc_recursive_mutex
                0x20400cc4                __lock___at_quick_exit_mutex
                0x20400cc8                __lock___dd_hash_mutex
                0x20400ccc                __lock___tz_mutex
                0x20400cd0                __lock___sfp_recursive_mutex
 *fill*         0x20400cd1        0x3 
 COMMON         0x20400cd4        0x4 c:/program files (x86)/atmel/studio/7.0/toolchain/arm/arm-gnu-toolchain/bin/../lib/gcc/arm-none-eabi/6.3.1/../../../../arm-none-eabi/lib/thumb/v7e-m\libc.a(lib_a-reent.o)
                0x20400cd4                errno
                0x20400cd8                . = ALIGN (0x4)
                0x20400cd8                _ebss = .
                0x20400cd8                _ezero = .

.stack          0x20400cd8     0x2000 load address 0x0040820c
                0x20400cd8                . = ALIGN (0x8)
                0x20400cd8                _sstack = .
                0x20402cd8                . = (. + STACK_SIZE)
 *fill*         0x20400cd8     0x2000 
                0x20402cd8                . = ALIGN (0x8)
                0x20402cd8                _estack = .

.heap           0x20402cd8      0x200 load address 0x0040a20c
                0x20402cd8                . = ALIGN (0x8)
                0x20402cd8                _sheap = .
                0x20402ed8                . = (. + HEAP_SIZE)
 *fill*         0x20402cd8      0x200 
                0x20402ed8                . = ALIGN (0x8)
                0x20402ed8                _eheap = .
                0x20402ed8                . = ALIGN (0x4)
                0x20402ed8                _end = .
                0x2045ffff                _ram_end_ = ((ORIGIN (ram) + LENGTH (ram)) - 0x1)
OUTPUT(SAME70-OLED1-EXT1.elf elf32-littlearm)

.ARM.attributes
                0x00000000       0x2e
 .ARM.attributes
                0x00000000       0x1e c:/program files (x86)/atmel/studio/7.0/toolchain/arm/arm-gnu-toolchain/bin/../lib/gcc/arm-none-eabi/6.3.1/thumb/v7e-m/crti.o
 .ARM.attributes
                0x0000001e       0x2e c:/program files (x86)/atmel/studio/7.0/toolchain/arm/arm-gnu-toolchain/bin/../lib/gcc/arm-none-eabi/6.3.1/thumb/v7e-m/crtbegin.o
 .ARM.attributes
                0x0000004c       0x37 src/ASF/sam/drivers/spi/spi.o
 .ARM.attributes
                0x00000083       0x37 src/ASF/sam/drivers/tc/tc.o
 .ARM.attributes
                0x000000ba       0x37 src/OLED/gfx_mono_framebuffer.o
 .ARM.attributes
                0x000000f1       0x37 src/OLED/gfx_mono_generic.o
 .ARM.attributes
                0x00000128       0x37 src/OLED/gfx_mono_text.o
 .ARM.attributes
                0x0000015f       0x37 src/OLED/gfx_mono_ug_2832hsweg04.o
 .ARM.attributes
                0x00000196       0x37 src/OLED/ssd1306.o
 .ARM.attributes
                0x000001cd       0x37 src/OLED/sysfont.o
 .ARM.attributes
                0x00000204       0x37 src/ASF/common/services/delay/sam/cycle_counter.o
 .ARM.attributes
                0x0000023b       0x37 src/ASF/common/services/clock/same70/sysclk.o
 .ARM.attributes
                0x00000272       0x37 src/ASF/common/utils/interrupt/interrupt_sam_nvic.o
 .ARM.attributes
                0x000002a9       0x37 src/ASF/sam/boards/same70_xplained/init.o
 .ARM.attributes
                0x000002e0       0x37 src/ASF/sam/drivers/pio/pio.o
 .ARM.attributes
                0x00000317       0x37 src/ASF/sam/drivers/pio/pio_handler.o
 .ARM.attributes
                0x0000034e       0x37 src/ASF/sam/drivers/pmc/pmc.o
 .ARM.attributes
                0x00000385       0x37 src/ASF/sam/utils/cmsis/same70/source/templates/gcc/startup_same70.o
 .ARM.attributes
                0x000003bc       0x37 src/ASF/sam/utils/cmsis/same70/source/templates/system_same70.o
 .ARM.attributes
                0x000003f3       0x37 src/ASF/sam/utils/syscalls/gcc/syscalls.o
 .ARM.attributes
                0x0000042a       0x37 src/main.o
 .ARM.attributes
                0x00000461       0x2e c:/program files (x86)/atmel/studio/7.0/toolchain/arm/arm-gnu-toolchain/bin/../lib/gcc/arm-none-eabi/6.3.1/../../../../arm-none-eabi/lib/thumb/v7e-m\libc.a(lib_a-impure.o)
 .ARM.attributes
                0x0000048f       0x2e c:/program files (x86)/atmel/studio/7.0/toolchain/arm/arm-gnu-toolchain/bin/../lib/gcc/arm-none-eabi/6.3.1/../../../../arm-none-eabi/lib/thumb/v7e-m\libc.a(lib_a-init.o)
 .ARM.attributes
                0x000004bd       0x2e c:/program files (x86)/atmel/studio/7.0/toolchain/arm/arm-gnu-toolchain/bin/../lib/gcc/arm-none-eabi/6.3.1/../../../../arm-none-eabi/lib/thumb/v7e-m\libc.a(lib_a-memset.o)
 .ARM.attributes
                0x000004eb       0x2e c:/program files (x86)/atmel/studio/7.0/toolchain/arm/arm-gnu-toolchain/bin/../lib/gcc/arm-none-eabi/6.3.1/../../../../arm-none-eabi/lib/thumb/v7e-m\libc.a(lib_a-sprintf.o)
 .ARM.attributes
                0x00000519       0x2e c:/program files (x86)/atmel/studio/7.0/toolchain/arm/arm-gnu-toolchain/bin/../lib/gcc/arm-none-eabi/6.3.1/../../../../arm-none-eabi/lib/thumb/v7e-m\libc.a(lib_a-svfprintf.o)
 .ARM.attributes
                0x00000547       0x2e c:/program files (x86)/atmel/studio/7.0/toolchain/arm/arm-gnu-toolchain/bin/../lib/gcc/arm-none-eabi/6.3.1/../../../../arm-none-eabi/lib/thumb/v7e-m\libc.a(lib_a-__call_atexit.o)
 .ARM.attributes
                0x00000575       0x2e c:/program files (x86)/atmel/studio/7.0/toolchain/arm/arm-gnu-toolchain/bin/../lib/gcc/arm-none-eabi/6.3.1/../../../../arm-none-eabi/lib/thumb/v7e-m\libc.a(lib_a-atexit.o)
 .ARM.attributes
                0x000005a3       0x2e c:/program files (x86)/atmel/studio/7.0/toolchain/arm/arm-gnu-toolchain/bin/../lib/gcc/arm-none-eabi/6.3.1/../../../../arm-none-eabi/lib/thumb/v7e-m\libc.a(lib_a-dtoa.o)
 .ARM.attributes
                0x000005d1       0x2e c:/program files (x86)/atmel/studio/7.0/toolchain/arm/arm-gnu-toolchain/bin/../lib/gcc/arm-none-eabi/6.3.1/../../../../arm-none-eabi/lib/thumb/v7e-m\libc.a(lib_a-fini.o)
 .ARM.attributes
                0x000005ff       0x2e c:/program files (x86)/atmel/studio/7.0/toolchain/arm/arm-gnu-toolchain/bin/../lib/gcc/arm-none-eabi/6.3.1/../../../../arm-none-eabi/lib/thumb/v7e-m\libc.a(lib_a-localeconv.o)
 .ARM.attributes
                0x0000062d       0x2e c:/program files (x86)/atmel/studio/7.0/toolchain/arm/arm-gnu-toolchain/bin/../lib/gcc/arm-none-eabi/6.3.1/../../../../arm-none-eabi/lib/thumb/v7e-m\libc.a(lib_a-lock.o)
 .ARM.attributes
                0x0000065b       0x2e c:/program files (x86)/atmel/studio/7.0/toolchain/arm/arm-gnu-toolchain/bin/../lib/gcc/arm-none-eabi/6.3.1/../../../../arm-none-eabi/lib/thumb/v7e-m\libc.a(lib_a-mallocr.o)
 .ARM.attributes
                0x00000689       0x1c c:/program files (x86)/atmel/studio/7.0/toolchain/arm/arm-gnu-toolchain/bin/../lib/gcc/arm-none-eabi/6.3.1/../../../../arm-none-eabi/lib/thumb/v7e-m\libc.a(lib_a-memchr.o)
 .ARM.attributes
                0x000006a5       0x1c c:/program files (x86)/atmel/studio/7.0/toolchain/arm/arm-gnu-toolchain/bin/../lib/gcc/arm-none-eabi/6.3.1/../../../../arm-none-eabi/lib/thumb/v7e-m\libc.a(lib_a-memcpy.o)
 .ARM.attributes
                0x000006c1       0x2e c:/program files (x86)/atmel/studio/7.0/toolchain/arm/arm-gnu-toolchain/bin/../lib/gcc/arm-none-eabi/6.3.1/../../../../arm-none-eabi/lib/thumb/v7e-m\libc.a(lib_a-mlock.o)
 .ARM.attributes
                0x000006ef       0x2e c:/program files (x86)/atmel/studio/7.0/toolchain/arm/arm-gnu-toolchain/bin/../lib/gcc/arm-none-eabi/6.3.1/../../../../arm-none-eabi/lib/thumb/v7e-m\libc.a(lib_a-mprec.o)
 .ARM.attributes
                0x0000071d       0x2e c:/program files (x86)/atmel/studio/7.0/toolchain/arm/arm-gnu-toolchain/bin/../lib/gcc/arm-none-eabi/6.3.1/../../../../arm-none-eabi/lib/thumb/v7e-m\libc.a(lib_a-sbrkr.o)
 .ARM.attributes
                0x0000074b       0x1c c:/program files (x86)/atmel/studio/7.0/toolchain/arm/arm-gnu-toolchain/bin/../lib/gcc/arm-none-eabi/6.3.1/../../../../arm-none-eabi/lib/thumb/v7e-m\libc.a(lib_a-strlen.o)
 .ARM.attributes
                0x00000767       0x2e c:/program files (x86)/atmel/studio/7.0/toolchain/arm/arm-gnu-toolchain/bin/../lib/gcc/arm-none-eabi/6.3.1/../../../../arm-none-eabi/lib/thumb/v7e-m\libc.a(lib_a-svfiprintf.o)
 .ARM.attributes
                0x00000795       0x2e c:/program files (x86)/atmel/studio/7.0/toolchain/arm/arm-gnu-toolchain/bin/../lib/gcc/arm-none-eabi/6.3.1/../../../../arm-none-eabi/lib/thumb/v7e-m\libc.a(lib_a-__atexit.o)
 .ARM.attributes
                0x000007c3       0x2e c:/program files (x86)/atmel/studio/7.0/toolchain/arm/arm-gnu-toolchain/bin/../lib/gcc/arm-none-eabi/6.3.1/../../../../arm-none-eabi/lib/thumb/v7e-m\libc.a(lib_a-callocr.o)
 .ARM.attributes
                0x000007f1       0x2e c:/program files (x86)/atmel/studio/7.0/toolchain/arm/arm-gnu-toolchain/bin/../lib/gcc/arm-none-eabi/6.3.1/../../../../arm-none-eabi/lib/thumb/v7e-m\libc.a(lib_a-freer.o)
 .ARM.attributes
                0x0000081f       0x2e c:/program files (x86)/atmel/studio/7.0/toolchain/arm/arm-gnu-toolchain/bin/../lib/gcc/arm-none-eabi/6.3.1/../../../../arm-none-eabi/lib/thumb/v7e-m\libc.a(lib_a-locale.o)
 .ARM.attributes
                0x0000084d       0x2e c:/program files (x86)/atmel/studio/7.0/toolchain/arm/arm-gnu-toolchain/bin/../lib/gcc/arm-none-eabi/6.3.1/../../../../arm-none-eabi/lib/thumb/v7e-m\libc.a(lib_a-mbtowc_r.o)
 .ARM.attributes
                0x0000087b       0x2e c:/program files (x86)/atmel/studio/7.0/toolchain/arm/arm-gnu-toolchain/bin/../lib/gcc/arm-none-eabi/6.3.1/../../../../arm-none-eabi/lib/thumb/v7e-m\libc.a(lib_a-memmove.o)
 .ARM.attributes
                0x000008a9       0x2e c:/program files (x86)/atmel/studio/7.0/toolchain/arm/arm-gnu-toolchain/bin/../lib/gcc/arm-none-eabi/6.3.1/../../../../arm-none-eabi/lib/thumb/v7e-m\libc.a(lib_a-reallocr.o)
 .ARM.attributes
                0x000008d7       0x2e c:/program files (x86)/atmel/studio/7.0/toolchain/arm/arm-gnu-toolchain/bin/../lib/gcc/arm-none-eabi/6.3.1/../../../../arm-none-eabi/lib/thumb/v7e-m\libc.a(lib_a-reent.o)
 .ARM.attributes
                0x00000905       0x2e c:/program files (x86)/atmel/studio/7.0/toolchain/arm/arm-gnu-toolchain/bin/../lib/gcc/arm-none-eabi/6.3.1/../../../../arm-none-eabi/lib/thumb/v7e-m\libc.a(lib_a-wctomb_r.o)
 .ARM.attributes
                0x00000933       0x2e c:/program files (x86)/atmel/studio/7.0/toolchain/arm/arm-gnu-toolchain/bin/../lib/gcc/arm-none-eabi/6.3.1/../../../../arm-none-eabi/lib/thumb/v7e-m\libc.a(lib_a-ctype_.o)
 .ARM.attributes
                0x00000961       0x1e c:/program files (x86)/atmel/studio/7.0/toolchain/arm/arm-gnu-toolchain/bin/../lib/gcc/arm-none-eabi/6.3.1/thumb/v7e-m\libgcc.a(_arm_addsubdf3.o)
 .ARM.attributes
                0x0000097f       0x1e c:/program files (x86)/atmel/studio/7.0/toolchain/arm/arm-gnu-toolchain/bin/../lib/gcc/arm-none-eabi/6.3.1/thumb/v7e-m\libgcc.a(_arm_muldivdf3.o)
 .ARM.attributes
                0x0000099d       0x1e c:/program files (x86)/atmel/studio/7.0/toolchain/arm/arm-gnu-toolchain/bin/../lib/gcc/arm-none-eabi/6.3.1/thumb/v7e-m\libgcc.a(_arm_cmpdf2.o)
 .ARM.attributes
                0x000009bb       0x1e c:/program files (x86)/atmel/studio/7.0/toolchain/arm/arm-gnu-toolchain/bin/../lib/gcc/arm-none-eabi/6.3.1/thumb/v7e-m\libgcc.a(_arm_unorddf2.o)
 .ARM.attributes
                0x000009d9       0x1e c:/program files (x86)/atmel/studio/7.0/toolchain/arm/arm-gnu-toolchain/bin/../lib/gcc/arm-none-eabi/6.3.1/thumb/v7e-m\libgcc.a(_arm_fixdfsi.o)
 .ARM.attributes
                0x000009f7       0x1e c:/program files (x86)/atmel/studio/7.0/toolchain/arm/arm-gnu-toolchain/bin/../lib/gcc/arm-none-eabi/6.3.1/thumb/v7e-m\libgcc.a(_aeabi_uldivmod.o)
 .ARM.attributes
                0x00000a15       0x2e c:/program files (x86)/atmel/studio/7.0/toolchain/arm/arm-gnu-toolchain/bin/../lib/gcc/arm-none-eabi/6.3.1/thumb/v7e-m\libgcc.a(_udivmoddi4.o)
 .ARM.attributes
                0x00000a43       0x1e c:/program files (x86)/atmel/studio/7.0/toolchain/arm/arm-gnu-toolchain/bin/../lib/gcc/arm-none-eabi/6.3.1/thumb/v7e-m\libgcc.a(_dvmd_tls.o)
 .ARM.attributes
                0x00000a61       0x1e c:/program files (x86)/atmel/studio/7.0/toolchain/arm/arm-gnu-toolchain/bin/../lib/gcc/arm-none-eabi/6.3.1/thumb/v7e-m/crtn.o

.comment        0x00000000       0x59
 .comment       0x00000000       0x59 src/ASF/sam/drivers/spi/spi.o
                                 0x5a (size before relaxing)
 .comment       0x00000059       0x5a src/ASF/sam/drivers/tc/tc.o
 .comment       0x00000059       0x5a src/OLED/gfx_mono_framebuffer.o
 .comment       0x00000059       0x5a src/OLED/gfx_mono_generic.o
 .comment       0x00000059       0x5a src/OLED/gfx_mono_text.o
 .comment       0x00000059       0x5a src/OLED/gfx_mono_ug_2832hsweg04.o
 .comment       0x00000059       0x5a src/OLED/ssd1306.o
 .comment       0x00000059       0x5a src/OLED/sysfont.o
 .comment       0x00000059       0x5a src/ASF/common/services/delay/sam/cycle_counter.o
 .comment       0x00000059       0x5a src/ASF/common/services/clock/same70/sysclk.o
 .comment       0x00000059       0x5a src/ASF/common/utils/interrupt/interrupt_sam_nvic.o
 .comment       0x00000059       0x5a src/ASF/sam/boards/same70_xplained/init.o
 .comment       0x00000059       0x5a src/ASF/sam/drivers/pio/pio.o
 .comment       0x00000059       0x5a src/ASF/sam/drivers/pio/pio_handler.o
 .comment       0x00000059       0x5a src/ASF/sam/drivers/pmc/pmc.o
 .comment       0x00000059       0x5a src/ASF/sam/utils/cmsis/same70/source/templates/gcc/startup_same70.o
 .comment       0x00000059       0x5a src/ASF/sam/utils/cmsis/same70/source/templates/system_same70.o
 .comment       0x00000059       0x5a src/ASF/sam/utils/syscalls/gcc/syscalls.o
 .comment       0x00000059       0x5a src/main.o

.debug_info     0x00000000    0x180c6
 .debug_info    0x00000000     0x115d src/ASF/sam/drivers/spi/spi.o
 .debug_info    0x0000115d     0x1233 src/ASF/sam/drivers/tc/tc.o
 .debug_info    0x00002390      0xdd2 src/OLED/gfx_mono_framebuffer.o
 .debug_info    0x00003162     0x157d src/OLED/gfx_mono_generic.o
 .debug_info    0x000046df      0xf6a src/OLED/gfx_mono_text.o
 .debug_info    0x00005649     0x1261 src/OLED/gfx_mono_ug_2832hsweg04.o
 .debug_info    0x000068aa     0x1fae src/OLED/ssd1306.o
 .debug_info    0x00008858      0xb06 src/OLED/sysfont.o
 .debug_info    0x0000935e      0xa45 src/ASF/common/services/delay/sam/cycle_counter.o
 .debug_info    0x00009da3     0x1267 src/ASF/common/services/clock/same70/sysclk.o
 .debug_info    0x0000b00a      0xb01 src/ASF/common/utils/interrupt/interrupt_sam_nvic.o
 .debug_info    0x0000bb0b     0x1bd7 src/ASF/sam/boards/same70_xplained/init.o
 .debug_info    0x0000d6e2     0x2150 src/ASF/sam/drivers/pio/pio.o
 .debug_info    0x0000f832     0x1b22 src/ASF/sam/drivers/pio/pio_handler.o
 .debug_info    0x00011354     0x1e0e src/ASF/sam/drivers/pmc/pmc.o
 .debug_info    0x00013162     0x156a src/ASF/sam/utils/cmsis/same70/source/templates/gcc/startup_same70.o
 .debug_info    0x000146cc      0x55b src/ASF/sam/utils/cmsis/same70/source/templates/system_same70.o
 .debug_info    0x00014c27      0xdb0 src/ASF/sam/utils/syscalls/gcc/syscalls.o
 .debug_info    0x000159d7     0x26ef src/main.o

.debug_abbrev   0x00000000     0x3637
 .debug_abbrev  0x00000000      0x3a5 src/ASF/sam/drivers/spi/spi.o
 .debug_abbrev  0x000003a5      0x293 src/ASF/sam/drivers/tc/tc.o
 .debug_abbrev  0x00000638      0x284 src/OLED/gfx_mono_framebuffer.o
 .debug_abbrev  0x000008bc      0x2a2 src/OLED/gfx_mono_generic.o
 .debug_abbrev  0x00000b5e      0x30a src/OLED/gfx_mono_text.o
 .debug_abbrev  0x00000e68      0x36f src/OLED/gfx_mono_ug_2832hsweg04.o
 .debug_abbrev  0x000011d7      0x35e src/OLED/ssd1306.o
 .debug_abbrev  0x00001535      0x1b6 src/OLED/sysfont.o
 .debug_abbrev  0x000016eb      0x1b3 src/ASF/common/services/delay/sam/cycle_counter.o
 .debug_abbrev  0x0000189e      0x31f src/ASF/common/services/clock/same70/sysclk.o
 .debug_abbrev  0x00001bbd      0x212 src/ASF/common/utils/interrupt/interrupt_sam_nvic.o
 .debug_abbrev  0x00001dcf      0x368 src/ASF/sam/boards/same70_xplained/init.o
 .debug_abbrev  0x00002137      0x410 src/ASF/sam/drivers/pio/pio.o
 .debug_abbrev  0x00002547      0x32f src/ASF/sam/drivers/pio/pio_handler.o
 .debug_abbrev  0x00002876      0x369 src/ASF/sam/drivers/pmc/pmc.o
 .debug_abbrev  0x00002bdf      0x2e4 src/ASF/sam/utils/cmsis/same70/source/templates/gcc/startup_same70.o
 .debug_abbrev  0x00002ec3      0x102 src/ASF/sam/utils/cmsis/same70/source/templates/system_same70.o
 .debug_abbrev  0x00002fc5      0x264 src/ASF/sam/utils/syscalls/gcc/syscalls.o
 .debug_abbrev  0x00003229      0x40e src/main.o

.debug_loc      0x00000000     0x5cbb
 .debug_loc     0x00000000      0x610 src/ASF/sam/drivers/spi/spi.o
 .debug_loc     0x00000610      0x5a4 src/ASF/sam/drivers/tc/tc.o
 .debug_loc     0x00000bb4      0x506 src/OLED/gfx_mono_framebuffer.o
 .debug_loc     0x000010ba      0xda8 src/OLED/gfx_mono_generic.o
 .debug_loc     0x00001e62      0x66a src/OLED/gfx_mono_text.o
 .debug_loc     0x000024cc      0x6d7 src/OLED/gfx_mono_ug_2832hsweg04.o
 .debug_loc     0x00002ba3      0x365 src/OLED/ssd1306.o
 .debug_loc     0x00002f08      0x183 src/ASF/common/services/clock/same70/sysclk.o
 .debug_loc     0x0000308b      0x1e7 src/ASF/sam/boards/same70_xplained/init.o
 .debug_loc     0x00003272      0xea4 src/ASF/sam/drivers/pio/pio.o
 .debug_loc     0x00004116      0x588 src/ASF/sam/drivers/pio/pio_handler.o
 .debug_loc     0x0000469e      0xce3 src/ASF/sam/drivers/pmc/pmc.o
 .debug_loc     0x00005381       0x77 src/ASF/sam/utils/cmsis/same70/source/templates/gcc/startup_same70.o
 .debug_loc     0x000053f8       0xfd src/ASF/sam/utils/syscalls/gcc/syscalls.o
 .debug_loc     0x000054f5      0x7c6 src/main.o

.debug_aranges  0x00000000      0x938
 .debug_aranges
                0x00000000       0x90 src/ASF/sam/drivers/spi/spi.o
 .debug_aranges
                0x00000090       0xd0 src/ASF/sam/drivers/tc/tc.o
 .debug_aranges
                0x00000160       0x58 src/OLED/gfx_mono_framebuffer.o
 .debug_aranges
                0x000001b8       0x58 src/OLED/gfx_mono_generic.o
 .debug_aranges
                0x00000210       0x40 src/OLED/gfx_mono_text.o
 .debug_aranges
                0x00000250       0x60 src/OLED/gfx_mono_ug_2832hsweg04.o
 .debug_aranges
                0x000002b0       0x30 src/OLED/ssd1306.o
 .debug_aranges
                0x000002e0       0x18 src/OLED/sysfont.o
 .debug_aranges
                0x000002f8       0x20 src/ASF/common/services/delay/sam/cycle_counter.o
 .debug_aranges
                0x00000318       0x40 src/ASF/common/services/clock/same70/sysclk.o
 .debug_aranges
                0x00000358       0x28 src/ASF/common/utils/interrupt/interrupt_sam_nvic.o
 .debug_aranges
                0x00000380       0x20 src/ASF/sam/boards/same70_xplained/init.o
 .debug_aranges
                0x000003a0      0x1a8 src/ASF/sam/drivers/pio/pio.o
 .debug_aranges
                0x00000548       0x60 src/ASF/sam/drivers/pio/pio_handler.o
 .debug_aranges
                0x000005a8      0x250 src/ASF/sam/drivers/pmc/pmc.o
 .debug_aranges
                0x000007f8       0x28 src/ASF/sam/utils/cmsis/same70/source/templates/gcc/startup_same70.o
 .debug_aranges
                0x00000820       0x30 src/ASF/sam/utils/cmsis/same70/source/templates/system_same70.o
 .debug_aranges
                0x00000850       0x60 src/ASF/sam/utils/syscalls/gcc/syscalls.o
 .debug_aranges
                0x000008b0       0x88 src/main.o

.debug_ranges   0x00000000      0x998
 .debug_ranges  0x00000000       0x80 src/ASF/sam/drivers/spi/spi.o
 .debug_ranges  0x00000080       0xc0 src/ASF/sam/drivers/tc/tc.o
 .debug_ranges  0x00000140       0x48 src/OLED/gfx_mono_framebuffer.o
 .debug_ranges  0x00000188       0x48 src/OLED/gfx_mono_generic.o
 .debug_ranges  0x000001d0       0x48 src/OLED/gfx_mono_text.o
 .debug_ranges  0x00000218       0x80 src/OLED/gfx_mono_ug_2832hsweg04.o
 .debug_ranges  0x00000298       0x20 src/OLED/ssd1306.o
 .debug_ranges  0x000002b8       0x10 src/ASF/common/services/delay/sam/cycle_counter.o
 .debug_ranges  0x000002c8       0x30 src/ASF/common/services/clock/same70/sysclk.o
 .debug_ranges  0x000002f8       0x18 src/ASF/common/utils/interrupt/interrupt_sam_nvic.o
 .debug_ranges  0x00000310       0x10 src/ASF/sam/boards/same70_xplained/init.o
 .debug_ranges  0x00000320      0x2a0 src/ASF/sam/drivers/pio/pio.o
 .debug_ranges  0x000005c0       0x68 src/ASF/sam/drivers/pio/pio_handler.o
 .debug_ranges  0x00000628      0x240 src/ASF/sam/drivers/pmc/pmc.o
 .debug_ranges  0x00000868       0x18 src/ASF/sam/utils/cmsis/same70/source/templates/gcc/startup_same70.o
 .debug_ranges  0x00000880       0x20 src/ASF/sam/utils/cmsis/same70/source/templates/system_same70.o
 .debug_ranges  0x000008a0       0x50 src/ASF/sam/utils/syscalls/gcc/syscalls.o
 .debug_ranges  0x000008f0       0xa8 src/main.o

.debug_macro    0x00000000     0x9dc5
 .debug_macro   0x00000000      0x6d9 src/ASF/sam/drivers/spi/spi.o
 .debug_macro   0x000006d9       0x10 src/ASF/sam/drivers/spi/spi.o
 .debug_macro   0x000006e9       0x3a src/ASF/sam/drivers/spi/spi.o
 .debug_macro   0x00000723      0x2c6 src/ASF/sam/drivers/spi/spi.o
 .debug_macro   0x000009e9      0xa96 src/ASF/sam/drivers/spi/spi.o
 .debug_macro   0x0000147f       0x70 src/ASF/sam/drivers/spi/spi.o
 .debug_macro   0x000014ef       0x64 src/ASF/sam/drivers/spi/spi.o
 .debug_macro   0x00001553       0x5f src/ASF/sam/drivers/spi/spi.o
 .debug_macro   0x000015b2       0xac src/ASF/sam/drivers/spi/spi.o
 .debug_macro   0x0000165e      0x66d src/ASF/sam/drivers/tc/tc.o
 .debug_macro   0x00001ccb       0x52 src/ASF/sam/drivers/tc/tc.o
 .debug_macro   0x00001d1d       0x8d src/ASF/sam/drivers/tc/tc.o
 .debug_macro   0x00001daa       0x16 src/ASF/sam/drivers/tc/tc.o
 .debug_macro   0x00001dc0       0x57 src/ASF/sam/drivers/tc/tc.o
 .debug_macro   0x00001e17       0x1c src/ASF/sam/drivers/tc/tc.o
 .debug_macro   0x00001e33      0x7db src/OLED/gfx_mono_framebuffer.o
 .debug_macro   0x0000260e       0x50 src/OLED/gfx_mono_framebuffer.o
 .debug_macro   0x0000265e       0x22 src/OLED/gfx_mono_framebuffer.o
 .debug_macro   0x00002680       0x7b src/OLED/gfx_mono_framebuffer.o
 .debug_macro   0x000026fb       0x28 src/OLED/gfx_mono_framebuffer.o
 .debug_macro   0x00002723       0x23 src/OLED/gfx_mono_framebuffer.o
 .debug_macro   0x00002746       0x94 src/OLED/gfx_mono_framebuffer.o
 .debug_macro   0x000027da       0x40 src/OLED/gfx_mono_framebuffer.o
 .debug_macro   0x0000281a       0x88 src/OLED/gfx_mono_framebuffer.o
 .debug_macro   0x000028a2      0x1ce src/OLED/gfx_mono_framebuffer.o
 .debug_macro   0x00002a70       0x34 src/OLED/gfx_mono_framebuffer.o
 .debug_macro   0x00002aa4       0x16 src/OLED/gfx_mono_framebuffer.o
 .debug_macro   0x00002aba       0x1c src/OLED/gfx_mono_framebuffer.o
 .debug_macro   0x00002ad6       0x16 src/OLED/gfx_mono_framebuffer.o
 .debug_macro   0x00002aec       0x28 src/OLED/gfx_mono_framebuffer.o
 .debug_macro   0x00002b14       0xd1 src/OLED/gfx_mono_framebuffer.o
 .debug_macro   0x00002be5       0x8b src/OLED/gfx_mono_framebuffer.o
 .debug_macro   0x00002c70      0x7db src/OLED/gfx_mono_generic.o
 .debug_macro   0x0000344b      0x7f4 src/OLED/gfx_mono_text.o
 .debug_macro   0x00003c3f      0x7e1 src/OLED/gfx_mono_ug_2832hsweg04.o
 .debug_macro   0x00004420       0x28 src/OLED/gfx_mono_ug_2832hsweg04.o
 .debug_macro   0x00004448      0x7b5 src/OLED/ssd1306.o
 .debug_macro   0x00004bfd      0x69c src/OLED/sysfont.o
 .debug_macro   0x00005299       0x3a src/OLED/sysfont.o
 .debug_macro   0x000052d3      0x665 src/ASF/common/services/delay/sam/cycle_counter.o
 .debug_macro   0x00005938       0x22 src/ASF/common/services/delay/sam/cycle_counter.o
 .debug_macro   0x0000595a      0x6d1 src/ASF/common/services/clock/same70/sysclk.o
 .debug_macro   0x0000602b      0x2c0 src/ASF/common/services/clock/same70/sysclk.o
 .debug_macro   0x000062eb      0x655 src/ASF/common/utils/interrupt/interrupt_sam_nvic.o
 .debug_macro   0x00006940      0x70b src/ASF/sam/boards/same70_xplained/init.o
 .debug_macro   0x0000704b       0x82 src/ASF/sam/boards/same70_xplained/init.o
 .debug_macro   0x000070cd      0x66b src/ASF/sam/drivers/pio/pio.o
 .debug_macro   0x00007738       0x8e src/ASF/sam/drivers/pio/pio.o
 .debug_macro   0x000077c6      0x676 src/ASF/sam/drivers/pio/pio_handler.o
 .debug_macro   0x00007e3c      0x66b src/ASF/sam/drivers/pmc/pmc.o
 .debug_macro   0x000084a7       0x6a src/ASF/sam/drivers/pmc/pmc.o
 .debug_macro   0x00008511      0x664 src/ASF/sam/utils/cmsis/same70/source/templates/gcc/startup_same70.o
 .debug_macro   0x00008b75       0x10 src/ASF/sam/utils/cmsis/same70/source/templates/gcc/startup_same70.o
 .debug_macro   0x00008b85      0x455 src/ASF/sam/utils/cmsis/same70/source/templates/system_same70.o
 .debug_macro   0x00008fda      0x1d6 src/ASF/sam/utils/syscalls/gcc/syscalls.o
 .debug_macro   0x000091b0       0x97 src/ASF/sam/utils/syscalls/gcc/syscalls.o
 .debug_macro   0x00009247       0xf6 src/ASF/sam/utils/syscalls/gcc/syscalls.o
 .debug_macro   0x0000933d       0x4c src/ASF/sam/utils/syscalls/gcc/syscalls.o
 .debug_macro   0x00009389       0x16 src/ASF/sam/utils/syscalls/gcc/syscalls.o
 .debug_macro   0x0000939f       0x10 src/ASF/sam/utils/syscalls/gcc/syscalls.o
 .debug_macro   0x000093af       0x10 src/ASF/sam/utils/syscalls/gcc/syscalls.o
 .debug_macro   0x000093bf       0x35 src/ASF/sam/utils/syscalls/gcc/syscalls.o
 .debug_macro   0x000093f4      0x122 src/ASF/sam/utils/syscalls/gcc/syscalls.o
 .debug_macro   0x00009516      0x8af src/main.o

.debug_line     0x00000000     0xe65e
 .debug_line    0x00000000      0xc41 src/ASF/sam/drivers/spi/spi.o
 .debug_line    0x00000c41      0xb85 src/ASF/sam/drivers/tc/tc.o
 .debug_line    0x000017c6      0xe63 src/OLED/gfx_mono_framebuffer.o
 .debug_line    0x00002629      0xf17 src/OLED/gfx_mono_generic.o
 .debug_line    0x00003540      0xe73 src/OLED/gfx_mono_text.o
 .debug_line    0x000043b3      0xee8 src/OLED/gfx_mono_ug_2832hsweg04.o
 .debug_line    0x0000529b      0xe40 src/OLED/ssd1306.o
 .debug_line    0x000060db      0xa1b src/OLED/sysfont.o
 .debug_line    0x00006af6      0x9ed src/ASF/common/services/delay/sam/cycle_counter.o
 .debug_line    0x000074e3      0xb4f src/ASF/common/services/clock/same70/sysclk.o
 .debug_line    0x00008032      0xa01 src/ASF/common/utils/interrupt/interrupt_sam_nvic.o
 .debug_line    0x00008a33      0xc04 src/ASF/sam/boards/same70_xplained/init.o
 .debug_line    0x00009637      0xee3 src/ASF/sam/drivers/pio/pio.o
 .debug_line    0x0000a51a      0xabf src/ASF/sam/drivers/pio/pio_handler.o
 .debug_line    0x0000afd9     0x106b src/ASF/sam/drivers/pmc/pmc.o
 .debug_line    0x0000c044      0xa73 src/ASF/sam/utils/cmsis/same70/source/templates/gcc/startup_same70.o
 .debug_line    0x0000cab7      0x7e9 src/ASF/sam/utils/cmsis/same70/source/templates/system_same70.o
 .debug_line    0x0000d2a0      0x40b src/ASF/sam/utils/syscalls/gcc/syscalls.o
 .debug_line    0x0000d6ab      0xfb3 src/main.o

.debug_str      0x00000000    0x92989
 .debug_str     0x00000000    0x85e48 src/ASF/sam/drivers/spi/spi.o
                              0x86515 (size before relaxing)
 .debug_str     0x00085e48      0x382 src/ASF/sam/drivers/tc/tc.o
                              0x8225e (size before relaxing)
 .debug_str     0x000861ca     0x2ad3 src/OLED/gfx_mono_framebuffer.o
                              0x88c01 (size before relaxing)
 .debug_str     0x00088c9d      0x25c src/OLED/gfx_mono_generic.o
                              0x88d45 (size before relaxing)
 .debug_str     0x00088ef9      0x1f0 src/OLED/gfx_mono_text.o
                              0x88d20 (size before relaxing)
 .debug_str     0x000890e9      0x1c9 src/OLED/gfx_mono_ug_2832hsweg04.o
                              0x88dc7 (size before relaxing)
 .debug_str     0x000892b2      0x565 src/OLED/ssd1306.o
                              0x88919 (size before relaxing)
 .debug_str     0x00089817     0x651f src/OLED/sysfont.o
                              0x88785 (size before relaxing)
 .debug_str     0x0008fd36       0x35 src/ASF/common/services/delay/sam/cycle_counter.o
                              0x8207b (size before relaxing)
 .debug_str     0x0008fd6b      0x3f1 src/ASF/common/services/clock/same70/sysclk.o
                              0x86599 (size before relaxing)
 .debug_str     0x0009015c       0x94 src/ASF/common/utils/interrupt/interrupt_sam_nvic.o
                              0x81f4b (size before relaxing)
 .debug_str     0x000901f0      0x4f4 src/ASF/sam/boards/same70_xplained/init.o
                              0x87089 (size before relaxing)
 .debug_str     0x000906e4      0x559 src/ASF/sam/drivers/pio/pio.o
                              0x82aa1 (size before relaxing)
 .debug_str     0x00090c3d      0x437 src/ASF/sam/drivers/pio/pio_handler.o
                              0x82bc3 (size before relaxing)
 .debug_str     0x00091074      0x68e src/ASF/sam/drivers/pmc/pmc.o
                              0x82c05 (size before relaxing)
 .debug_str     0x00091702      0x64c src/ASF/sam/utils/cmsis/same70/source/templates/gcc/startup_same70.o
                              0x82718 (size before relaxing)
 .debug_str     0x00091d4e      0x137 src/ASF/sam/utils/cmsis/same70/source/templates/system_same70.o
                              0x72824 (size before relaxing)
 .debug_str     0x00091e85      0x779 src/ASF/sam/utils/syscalls/gcc/syscalls.o
                               0x7455 (size before relaxing)
 .debug_str     0x000925fe      0x38b src/main.o
                              0x8fd5f (size before relaxing)

.debug_frame    0x00000000     0x207c
 .debug_frame   0x00000000      0x140 src/ASF/sam/drivers/spi/spi.o
 .debug_frame   0x00000140      0x1a8 src/ASF/sam/drivers/tc/tc.o
 .debug_frame   0x000002e8       0xdc src/OLED/gfx_mono_framebuffer.o
 .debug_frame   0x000003c4      0x168 src/OLED/gfx_mono_generic.o
 .debug_frame   0x0000052c       0xc8 src/OLED/gfx_mono_text.o
 .debug_frame   0x000005f4      0x120 src/OLED/gfx_mono_ug_2832hsweg04.o
 .debug_frame   0x00000714       0x6c src/OLED/ssd1306.o
 .debug_frame   0x00000780       0x20 src/ASF/common/services/delay/sam/cycle_counter.o
 .debug_frame   0x000007a0       0x88 src/ASF/common/services/clock/same70/sysclk.o
 .debug_frame   0x00000828       0x30 src/ASF/common/utils/interrupt/interrupt_sam_nvic.o
 .debug_frame   0x00000858       0x30 src/ASF/sam/boards/same70_xplained/init.o
 .debug_frame   0x00000888      0x390 src/ASF/sam/drivers/pio/pio.o
 .debug_frame   0x00000c18      0x110 src/ASF/sam/drivers/pio/pio_handler.o
 .debug_frame   0x00000d28      0x494 src/ASF/sam/drivers/pmc/pmc.o
 .debug_frame   0x000011bc       0x38 src/ASF/sam/utils/cmsis/same70/source/templates/gcc/startup_same70.o
 .debug_frame   0x000011f4       0x40 src/ASF/sam/utils/cmsis/same70/source/templates/system_same70.o
 .debug_frame   0x00001234       0xa0 src/ASF/sam/utils/syscalls/gcc/syscalls.o
 .debug_frame   0x000012d4      0x1bc src/main.o
 .debug_frame   0x00001490       0x2c c:/program files (x86)/atmel/studio/7.0/toolchain/arm/arm-gnu-toolchain/bin/../lib/gcc/arm-none-eabi/6.3.1/../../../../arm-none-eabi/lib/thumb/v7e-m\libc.a(lib_a-init.o)
 .debug_frame   0x000014bc       0x34 c:/program files (x86)/atmel/studio/7.0/toolchain/arm/arm-gnu-toolchain/bin/../lib/gcc/arm-none-eabi/6.3.1/../../../../arm-none-eabi/lib/thumb/v7e-m\libc.a(lib_a-memset.o)
 .debug_frame   0x000014f0       0x84 c:/program files (x86)/atmel/studio/7.0/toolchain/arm/arm-gnu-toolchain/bin/../lib/gcc/arm-none-eabi/6.3.1/../../../../arm-none-eabi/lib/thumb/v7e-m\libc.a(lib_a-sprintf.o)
 .debug_frame   0x00001574       0x40 c:/program files (x86)/atmel/studio/7.0/toolchain/arm/arm-gnu-toolchain/bin/../lib/gcc/arm-none-eabi/6.3.1/../../../../arm-none-eabi/lib/thumb/v7e-m\libc.a(lib_a-svfprintf.o)
 .debug_frame   0x000015b4       0x5c c:/program files (x86)/atmel/studio/7.0/toolchain/arm/arm-gnu-toolchain/bin/../lib/gcc/arm-none-eabi/6.3.1/../../../../arm-none-eabi/lib/thumb/v7e-m\libc.a(lib_a-__call_atexit.o)
 .debug_frame   0x00001610       0x20 c:/program files (x86)/atmel/studio/7.0/toolchain/arm/arm-gnu-toolchain/bin/../lib/gcc/arm-none-eabi/6.3.1/../../../../arm-none-eabi/lib/thumb/v7e-m\libc.a(lib_a-atexit.o)
 .debug_frame   0x00001630       0x88 c:/program files (x86)/atmel/studio/7.0/toolchain/arm/arm-gnu-toolchain/bin/../lib/gcc/arm-none-eabi/6.3.1/../../../../arm-none-eabi/lib/thumb/v7e-m\libc.a(lib_a-dtoa.o)
 .debug_frame   0x000016b8       0x34 c:/program files (x86)/atmel/studio/7.0/toolchain/arm/arm-gnu-toolchain/bin/../lib/gcc/arm-none-eabi/6.3.1/../../../../arm-none-eabi/lib/thumb/v7e-m\libc.a(lib_a-fini.o)
 .debug_frame   0x000016ec       0x40 c:/program files (x86)/atmel/studio/7.0/toolchain/arm/arm-gnu-toolchain/bin/../lib/gcc/arm-none-eabi/6.3.1/../../../../arm-none-eabi/lib/thumb/v7e-m\libc.a(lib_a-localeconv.o)
 .debug_frame   0x0000172c       0xb0 c:/program files (x86)/atmel/studio/7.0/toolchain/arm/arm-gnu-toolchain/bin/../lib/gcc/arm-none-eabi/6.3.1/../../../../arm-none-eabi/lib/thumb/v7e-m\libc.a(lib_a-lock.o)
 .debug_frame   0x000017dc       0x58 c:/program files (x86)/atmel/studio/7.0/toolchain/arm/arm-gnu-toolchain/bin/../lib/gcc/arm-none-eabi/6.3.1/../../../../arm-none-eabi/lib/thumb/v7e-m\libc.a(lib_a-mallocr.o)
 .debug_frame   0x00001834       0x30 c:/program files (x86)/atmel/studio/7.0/toolchain/arm/arm-gnu-toolchain/bin/../lib/gcc/arm-none-eabi/6.3.1/../../../../arm-none-eabi/lib/thumb/v7e-m\libc.a(lib_a-mlock.o)
 .debug_frame   0x00001864      0x25c c:/program files (x86)/atmel/studio/7.0/toolchain/arm/arm-gnu-toolchain/bin/../lib/gcc/arm-none-eabi/6.3.1/../../../../arm-none-eabi/lib/thumb/v7e-m\libc.a(lib_a-mprec.o)
 .debug_frame   0x00001ac0       0x2c c:/program files (x86)/atmel/studio/7.0/toolchain/arm/arm-gnu-toolchain/bin/../lib/gcc/arm-none-eabi/6.3.1/../../../../arm-none-eabi/lib/thumb/v7e-m\libc.a(lib_a-sbrkr.o)
 .debug_frame   0x00001aec       0x78 c:/program files (x86)/atmel/studio/7.0/toolchain/arm/arm-gnu-toolchain/bin/../lib/gcc/arm-none-eabi/6.3.1/../../../../arm-none-eabi/lib/thumb/v7e-m\libc.a(lib_a-svfiprintf.o)
 .debug_frame   0x00001b64       0x34 c:/program files (x86)/atmel/studio/7.0/toolchain/arm/arm-gnu-toolchain/bin/../lib/gcc/arm-none-eabi/6.3.1/../../../../arm-none-eabi/lib/thumb/v7e-m\libc.a(lib_a-__atexit.o)
 .debug_frame   0x00001b98       0x28 c:/program files (x86)/atmel/studio/7.0/toolchain/arm/arm-gnu-toolchain/bin/../lib/gcc/arm-none-eabi/6.3.1/../../../../arm-none-eabi/lib/thumb/v7e-m\libc.a(lib_a-callocr.o)
 .debug_frame   0x00001bc0       0x74 c:/program files (x86)/atmel/studio/7.0/toolchain/arm/arm-gnu-toolchain/bin/../lib/gcc/arm-none-eabi/6.3.1/../../../../arm-none-eabi/lib/thumb/v7e-m\libc.a(lib_a-freer.o)
 .debug_frame   0x00001c34       0x6c c:/program files (x86)/atmel/studio/7.0/toolchain/arm/arm-gnu-toolchain/bin/../lib/gcc/arm-none-eabi/6.3.1/../../../../arm-none-eabi/lib/thumb/v7e-m\libc.a(lib_a-locale.o)
 .debug_frame   0x00001ca0       0x4c c:/program files (x86)/atmel/studio/7.0/toolchain/arm/arm-gnu-toolchain/bin/../lib/gcc/arm-none-eabi/6.3.1/../../../../arm-none-eabi/lib/thumb/v7e-m\libc.a(lib_a-mbtowc_r.o)
 .debug_frame   0x00001cec       0x30 c:/program files (x86)/atmel/studio/7.0/toolchain/arm/arm-gnu-toolchain/bin/../lib/gcc/arm-none-eabi/6.3.1/../../../../arm-none-eabi/lib/thumb/v7e-m\libc.a(lib_a-memmove.o)
 .debug_frame   0x00001d1c       0x68 c:/program files (x86)/atmel/studio/7.0/toolchain/arm/arm-gnu-toolchain/bin/../lib/gcc/arm-none-eabi/6.3.1/../../../../arm-none-eabi/lib/thumb/v7e-m\libc.a(lib_a-reallocr.o)
 .debug_frame   0x00001d84       0x58 c:/program files (x86)/atmel/studio/7.0/toolchain/arm/arm-gnu-toolchain/bin/../lib/gcc/arm-none-eabi/6.3.1/../../../../arm-none-eabi/lib/thumb/v7e-m\libc.a(lib_a-reent.o)
 .debug_frame   0x00001ddc       0x3c c:/program files (x86)/atmel/studio/7.0/toolchain/arm/arm-gnu-toolchain/bin/../lib/gcc/arm-none-eabi/6.3.1/../../../../arm-none-eabi/lib/thumb/v7e-m\libc.a(lib_a-wctomb_r.o)
 .debug_frame   0x00001e18       0xac c:/program files (x86)/atmel/studio/7.0/toolchain/arm/arm-gnu-toolchain/bin/../lib/gcc/arm-none-eabi/6.3.1/thumb/v7e-m\libgcc.a(_arm_addsubdf3.o)
 .debug_frame   0x00001ec4       0x50 c:/program files (x86)/atmel/studio/7.0/toolchain/arm/arm-gnu-toolchain/bin/../lib/gcc/arm-none-eabi/6.3.1/thumb/v7e-m\libgcc.a(_arm_muldivdf3.o)
 .debug_frame   0x00001f14       0xc4 c:/program files (x86)/atmel/studio/7.0/toolchain/arm/arm-gnu-toolchain/bin/../lib/gcc/arm-none-eabi/6.3.1/thumb/v7e-m\libgcc.a(_arm_cmpdf2.o)
 .debug_frame   0x00001fd8       0x20 c:/program files (x86)/atmel/studio/7.0/toolchain/arm/arm-gnu-toolchain/bin/../lib/gcc/arm-none-eabi/6.3.1/thumb/v7e-m\libgcc.a(_arm_unorddf2.o)
 .debug_frame   0x00001ff8       0x24 c:/program files (x86)/atmel/studio/7.0/toolchain/arm/arm-gnu-toolchain/bin/../lib/gcc/arm-none-eabi/6.3.1/thumb/v7e-m\libgcc.a(_arm_fixdfsi.o)
 .debug_frame   0x0000201c       0x2c c:/program files (x86)/atmel/studio/7.0/toolchain/arm/arm-gnu-toolchain/bin/../lib/gcc/arm-none-eabi/6.3.1/thumb/v7e-m\libgcc.a(_aeabi_uldivmod.o)
 .debug_frame   0x00002048       0x34 c:/program files (x86)/atmel/studio/7.0/toolchain/arm/arm-gnu-toolchain/bin/../lib/gcc/arm-none-eabi/6.3.1/thumb/v7e-m\libgcc.a(_udivmoddi4.o)

Cross Reference Table

Symbol                                            File
ACC_Handler                                       src/ASF/sam/utils/cmsis/same70/source/templates/gcc/startup_same70.o
AES_Handler                                       src/ASF/sam/utils/cmsis/same70/source/templates/gcc/startup_same70.o
AFEC0_Handler                                     src/ASF/sam/utils/cmsis/same70/source/templates/gcc/startup_same70.o
AFEC1_Handler                                     src/ASF/sam/utils/cmsis/same70/source/templates/gcc/startup_same70.o
BUT_init                                          src/main.o
BUZZ_init                                         src/main.o
BusFault_Handler                                  src/ASF/sam/utils/cmsis/same70/source/templates/gcc/startup_same70.o
DACC_Handler                                      src/ASF/sam/utils/cmsis/same70/source/templates/gcc/startup_same70.o
DebugMon_Handler                                  src/ASF/sam/utils/cmsis/same70/source/templates/gcc/startup_same70.o
Dummy_Handler                                     src/ASF/sam/utils/cmsis/same70/source/templates/gcc/startup_same70.o
EFC_Handler                                       src/ASF/sam/utils/cmsis/same70/source/templates/gcc/startup_same70.o
GMAC_Handler                                      src/ASF/sam/utils/cmsis/same70/source/templates/gcc/startup_same70.o
HSMCI_Handler                                     src/ASF/sam/utils/cmsis/same70/source/templates/gcc/startup_same70.o
HardFault_Handler                                 src/ASF/sam/utils/cmsis/same70/source/templates/gcc/startup_same70.o
ICM_Handler                                       src/ASF/sam/utils/cmsis/same70/source/templates/gcc/startup_same70.o
ISI_Handler                                       src/ASF/sam/utils/cmsis/same70/source/templates/gcc/startup_same70.o
LED_init                                          src/main.o
MCAN0_Handler                                     src/ASF/sam/utils/cmsis/same70/source/templates/gcc/startup_same70.o
MCAN1_Handler                                     src/ASF/sam/utils/cmsis/same70/source/templates/gcc/startup_same70.o
MemManage_Handler                                 src/ASF/sam/utils/cmsis/same70/source/templates/gcc/startup_same70.o
NMI_Handler                                       src/ASF/sam/utils/cmsis/same70/source/templates/gcc/startup_same70.o
PIOA_Handler                                      src/ASF/sam/drivers/pio/pio_handler.o
PIOB_Handler                                      src/ASF/sam/drivers/pio/pio_handler.o
PIOC_Handler                                      src/ASF/sam/drivers/pio/pio_handler.o
PIOD_Handler                                      src/ASF/sam/drivers/pio/pio_handler.o
PIOE_Handler                                      src/ASF/sam/drivers/pio/pio_handler.o
PMC_Handler                                       src/ASF/sam/utils/cmsis/same70/source/templates/gcc/startup_same70.o
PWM0_Handler                                      src/ASF/sam/utils/cmsis/same70/source/templates/gcc/startup_same70.o
PWM1_Handler                                      src/ASF/sam/utils/cmsis/same70/source/templates/gcc/startup_same70.o
PendSV_Handler                                    src/ASF/sam/utils/cmsis/same70/source/templates/gcc/startup_same70.o
QSPI_Handler                                      src/ASF/sam/utils/cmsis/same70/source/templates/gcc/startup_same70.o
RSTC_Handler                                      src/ASF/sam/utils/cmsis/same70/source/templates/gcc/startup_same70.o
RSWDT_Handler                                     src/ASF/sam/utils/cmsis/same70/source/templates/gcc/startup_same70.o
RTC_Handler                                       src/ASF/sam/utils/cmsis/same70/source/templates/gcc/startup_same70.o
RTT_Handler                                       src/ASF/sam/utils/cmsis/same70/source/templates/gcc/startup_same70.o
Reset_Handler                                     src/ASF/sam/utils/cmsis/same70/source/templates/gcc/startup_same70.o
SDRAMC_Handler                                    src/ASF/sam/utils/cmsis/same70/source/templates/gcc/startup_same70.o
SPI0_Handler                                      src/ASF/sam/utils/cmsis/same70/source/templates/gcc/startup_same70.o
SPI1_Handler                                      src/ASF/sam/utils/cmsis/same70/source/templates/gcc/startup_same70.o
SSC_Handler                                       src/ASF/sam/utils/cmsis/same70/source/templates/gcc/startup_same70.o
SUPC_Handler                                      src/ASF/sam/utils/cmsis/same70/source/templates/gcc/startup_same70.o
SVC_Handler                                       src/ASF/sam/utils/cmsis/same70/source/templates/gcc/startup_same70.o
SysTick_Handler                                   src/ASF/sam/utils/cmsis/same70/source/templates/gcc/startup_same70.o
SystemCoreClock                                   src/ASF/sam/utils/cmsis/same70/source/templates/system_same70.o
SystemCoreClockUpdate                             src/ASF/sam/utils/cmsis/same70/source/templates/system_same70.o
                                                  src/ASF/common/services/clock/same70/sysclk.o
SystemInit                                        src/ASF/sam/utils/cmsis/same70/source/templates/system_same70.o
TC0_Handler                                       src/main.o
                                                  src/ASF/sam/utils/cmsis/same70/source/templates/gcc/startup_same70.o
TC10_Handler                                      src/ASF/sam/utils/cmsis/same70/source/templates/gcc/startup_same70.o
TC11_Handler                                      src/ASF/sam/utils/cmsis/same70/source/templates/gcc/startup_same70.o
TC1_Handler                                       src/main.o
                                                  src/ASF/sam/utils/cmsis/same70/source/templates/gcc/startup_same70.o
TC2_Handler                                       src/ASF/sam/utils/cmsis/same70/source/templates/gcc/startup_same70.o
TC3_Handler                                       src/ASF/sam/utils/cmsis/same70/source/templates/gcc/startup_same70.o
TC4_Handler                                       src/ASF/sam/utils/cmsis/same70/source/templates/gcc/startup_same70.o
TC5_Handler                                       src/ASF/sam/utils/cmsis/same70/source/templates/gcc/startup_same70.o
TC6_Handler                                       src/ASF/sam/utils/cmsis/same70/source/templates/gcc/startup_same70.o
TC7_Handler                                       src/ASF/sam/utils/cmsis/same70/source/templates/gcc/startup_same70.o
TC8_Handler                                       src/ASF/sam/utils/cmsis/same70/source/templates/gcc/startup_same70.o
TC9_Handler                                       src/ASF/sam/utils/cmsis/same70/source/templates/gcc/startup_same70.o
TC_init                                           src/main.o
TRNG_Handler                                      src/ASF/sam/utils/cmsis/same70/source/templates/gcc/startup_same70.o
TWIHS0_Handler                                    src/ASF/sam/utils/cmsis/same70/source/templates/gcc/startup_same70.o
TWIHS1_Handler                                    src/ASF/sam/utils/cmsis/same70/source/templates/gcc/startup_same70.o
TWIHS2_Handler                                    src/ASF/sam/utils/cmsis/same70/source/templates/gcc/startup_same70.o
UART0_Handler                                     src/ASF/sam/utils/cmsis/same70/source/templates/gcc/startup_same70.o
UART1_Handler                                     src/ASF/sam/utils/cmsis/same70/source/templates/gcc/startup_same70.o
UART2_Handler                                     src/ASF/sam/utils/cmsis/same70/source/templates/gcc/startup_same70.o
UART3_Handler                                     src/ASF/sam/utils/cmsis/same70/source/templates/gcc/startup_same70.o
UART4_Handler                                     src/ASF/sam/utils/cmsis/same70/source/templates/gcc/startup_same70.o
USART0_Handler                                    src/ASF/sam/utils/cmsis/same70/source/templates/gcc/startup_same70.o
USART1_Handler                                    src/ASF/sam/utils/cmsis/same70/source/templates/gcc/startup_same70.o
USART2_Handler                                    src/ASF/sam/utils/cmsis/same70/source/templates/gcc/startup_same70.o
USBHS_Handler                                     src/ASF/sam/utils/cmsis/same70/source/templates/gcc/startup_same70.o
UsageFault_Handler                                src/ASF/sam/utils/cmsis/same70/source/templates/gcc/startup_same70.o
WDT_Handler                                       src/ASF/sam/utils/cmsis/same70/source/templates/gcc/startup_same70.o
XDMAC_Handler                                     src/ASF/sam/utils/cmsis/same70/source/templates/gcc/startup_same70.o
_Balloc                                           c:/program files (x86)/atmel/studio/7.0/toolchain/arm/arm-gnu-toolchain/bin/../lib/gcc/arm-none-eabi/6.3.1/../../../../arm-none-eabi/lib/thumb/v7e-m\libc.a(lib_a-mprec.o)
                                                  c:/program files (x86)/atmel/studio/7.0/toolchain/arm/arm-gnu-toolchain/bin/../lib/gcc/arm-none-eabi/6.3.1/../../../../arm-none-eabi/lib/thumb/v7e-m\libc.a(lib_a-dtoa.o)
_Bfree                                            c:/program files (x86)/atmel/studio/7.0/toolchain/arm/arm-gnu-toolchain/bin/../lib/gcc/arm-none-eabi/6.3.1/../../../../arm-none-eabi/lib/thumb/v7e-m\libc.a(lib_a-mprec.o)
                                                  c:/program files (x86)/atmel/studio/7.0/toolchain/arm/arm-gnu-toolchain/bin/../lib/gcc/arm-none-eabi/6.3.1/../../../../arm-none-eabi/lib/thumb/v7e-m\libc.a(lib_a-dtoa.o)
_Jv_RegisterClasses                               c:/program files (x86)/atmel/studio/7.0/toolchain/arm/arm-gnu-toolchain/bin/../lib/gcc/arm-none-eabi/6.3.1/thumb/v7e-m/crtbegin.o