Archive member included to satisfy reference by file (symbol)

c:/program files (x86)/atmel/studio/7.0/toolchain/arm/arm-gnu-toolchain/bin/../lib/gcc/arm-none-eabi/6.3.1/../../../../arm-none-eabi/lib/thumb/v7e-m\libc.a(lib_a-exit.o)
                              c:/program files (x86)/atmel/studio/7.0/toolchain/arm/arm-gnu-toolchain/bin/../lib/gcc/arm-none-eabi/6.3.1/../../../../arm-none-eabi/lib/thumb/v7e-m/crt0.o (exit)
c:/program files (x86)/atmel/studio/7.0/toolchain/arm/arm-gnu-toolchain/bin/../lib/gcc/arm-none-eabi/6.3.1/../../../../arm-none-eabi/lib/thumb/v7e-m\libc.a(lib_a-impure.o)
                              c:/program files (x86)/atmel/studio/7.0/toolchain/arm/arm-gnu-toolchain/bin/../lib/gcc/arm-none-eabi/6.3.1/../../../../arm-none-eabi/lib/thumb/v7e-m\libc.a(lib_a-exit.o) (_global_impure_ptr)
c:/program files (x86)/atmel/studio/7.0/toolchain/arm/arm-gnu-toolchain/bin/../lib/gcc/arm-none-eabi/6.3.1/../../../../arm-none-eabi/lib/thumb/v7e-m\libc.a(lib_a-init.o)
                              c:/program files (x86)/atmel/studio/7.0/toolchain/arm/arm-gnu-toolchain/bin/../lib/gcc/arm-none-eabi/6.3.1/../../../../arm-none-eabi/lib/thumb/v7e-m/crt0.o (__libc_init_array)
c:/program files (x86)/atmel/studio/7.0/toolchain/arm/arm-gnu-toolchain/bin/../lib/gcc/arm-none-eabi/6.3.1/../../../../arm-none-eabi/lib/thumb/v7e-m\libc.a(lib_a-memset.o)
                              c:/program files (x86)/atmel/studio/7.0/toolchain/arm/arm-gnu-toolchain/bin/../lib/gcc/arm-none-eabi/6.3.1/../../../../arm-none-eabi/lib/thumb/v7e-m/crt0.o (memset)
c:/program files (x86)/atmel/studio/7.0/toolchain/arm/arm-gnu-toolchain/bin/../lib/gcc/arm-none-eabi/6.3.1/../../../../arm-none-eabi/lib/thumb/v7e-m\libc.a(lib_a-sprintf.o)
                              src/main.o (sprintf)
c:/program files (x86)/atmel/studio/7.0/toolchain/arm/arm-gnu-toolchain/bin/../lib/gcc/arm-none-eabi/6.3.1/../../../../arm-none-eabi/lib/thumb/v7e-m\libc.a(lib_a-svfprintf.o)
                              c:/program files (x86)/atmel/studio/7.0/toolchain/arm/arm-gnu-toolchain/bin/../lib/gcc/arm-none-eabi/6.3.1/../../../../arm-none-eabi/lib/thumb/v7e-m\libc.a(lib_a-sprintf.o) (_svfprintf_r)
c:/program files (x86)/atmel/studio/7.0/toolchain/arm/arm-gnu-toolchain/bin/../lib/gcc/arm-none-eabi/6.3.1/../../../../arm-none-eabi/lib/thumb/v7e-m\libc.a(lib_a-__call_atexit.o)
                              c:/program files (x86)/atmel/studio/7.0/toolchain/arm/arm-gnu-toolchain/bin/../lib/gcc/arm-none-eabi/6.3.1/../../../../arm-none-eabi/lib/thumb/v7e-m\libc.a(lib_a-exit.o) (__call_exitprocs)
c:/program files (x86)/atmel/studio/7.0/toolchain/arm/arm-gnu-toolchain/bin/../lib/gcc/arm-none-eabi/6.3.1/../../../../arm-none-eabi/lib/thumb/v7e-m\libc.a(lib_a-atexit.o)
                              c:/program files (x86)/atmel/studio/7.0/toolchain/arm/arm-gnu-toolchain/bin/../lib/gcc/arm-none-eabi/6.3.1/../../../../arm-none-eabi/lib/thumb/v7e-m\libc.a(lib_a-__call_atexit.o) (atexit)
c:/program files (x86)/atmel/studio/7.0/toolchain/arm/arm-gnu-toolchain/bin/../lib/gcc/arm-none-eabi/6.3.1/../../../../arm-none-eabi/lib/thumb/v7e-m\libc.a(lib_a-dtoa.o)
                              c:/program files (x86)/atmel/studio/7.0/toolchain/arm/arm-gnu-toolchain/bin/../lib/gcc/arm-none-eabi/6.3.1/../../../../arm-none-eabi/lib/thumb/v7e-m\libc.a(lib_a-svfprintf.o) (_dtoa_r)
c:/program files (x86)/atmel/studio/7.0/toolchain/arm/arm-gnu-toolchain/bin/../lib/gcc/arm-none-eabi/6.3.1/../../../../arm-none-eabi/lib/thumb/v7e-m\libc.a(lib_a-fini.o)
                              c:/program files (x86)/atmel/studio/7.0/toolchain/arm/arm-gnu-toolchain/bin/../lib/gcc/arm-none-eabi/6.3.1/../../../../arm-none-eabi/lib/thumb/v7e-m\libc.a(lib_a-__call_atexit.o) (__libc_fini_array)
c:/program files (x86)/atmel/studio/7.0/toolchain/arm/arm-gnu-toolchain/bin/../lib/gcc/arm-none-eabi/6.3.1/../../../../arm-none-eabi/lib/thumb/v7e-m\libc.a(lib_a-localeconv.o)
                              c:/program files (x86)/atmel/studio/7.0/toolchain/arm/arm-gnu-toolchain/bin/../lib/gcc/arm-none-eabi/6.3.1/../../../../arm-none-eabi/lib/thumb/v7e-m\libc.a(lib_a-svfprintf.o) (_localeconv_r)
c:/program files (x86)/atmel/studio/7.0/toolchain/arm/arm-gnu-toolchain/bin/../lib/gcc/arm-none-eabi/6.3.1/../../../../arm-none-eabi/lib/thumb/v7e-m\libc.a(lib_a-lock.o)
                              c:/program files (x86)/atmel/studio/7.0/toolchain/arm/arm-gnu-toolchain/bin/../lib/gcc/arm-none-eabi/6.3.1/../../../../arm-none-eabi/lib/thumb/v7e-m\libc.a(lib_a-__call_atexit.o) (__retarget_lock_acquire_recursive)
c:/program files (x86)/atmel/studio/7.0/toolchain/arm/arm-gnu-toolchain/bin/../lib/gcc/arm-none-eabi/6.3.1/../../../../arm-none-eabi/lib/thumb/v7e-m\libc.a(lib_a-mallocr.o)
                              c:/program files (x86)/atmel/studio/7.0/toolchain/arm/arm-gnu-toolchain/bin/../lib/gcc/arm-none-eabi/6.3.1/../../../../arm-none-eabi/lib/thumb/v7e-m\libc.a(lib_a-svfprintf.o) (_malloc_r)
[...]
Memory Configuration

Name             Origin             Length             Attributes
rom              0x00400000         0x00200000         xr
ram              0x20400000         0x00060000         xrw
*default*        0x00000000         0xffffffff

Linker script and memory map

LOAD c:/program files (x86)/atmel/studio/7.0/toolchain/arm/arm-gnu-toolchain/bin/../lib/gcc/arm-none-eabi/6.3.1/thumb/v7e-m/crti.o
LOAD c:/program files (x86)/atmel/studio/7.0/toolchain/arm/arm-gnu-toolchain/bin/../lib/gcc/arm-none-eabi/6.3.1/thumb/v7e-m/crtbegin.o
LOAD c:/program files (x86)/atmel/studio/7.0/toolchain/arm/arm-gnu-toolchain/bin/../lib/gcc/arm-none-eabi/6.3.1/../../../../arm-none-eabi/lib/thumb/v7e-m/crt0.o
LOAD src/ASF/sam/drivers/rtc/rtc.o
LOAD src/ASF/sam/drivers/spi/spi.o
LOAD src/ASF/sam/drivers/tc/tc.o
LOAD src/OLED/gfx_mono_framebuffer.o
LOAD src/OLED/gfx_mono_generic.o
LOAD src/OLED/gfx_mono_text.o
LOAD src/OLED/gfx_mono_ug_2832hsweg04.o
LOAD src/OLED/ssd1306.o
LOAD src/OLED/sysfont.o
LOAD src/ASF/common/services/delay/sam/cycle_counter.o
LOAD src/ASF/common/services/clock/same70/sysclk.o
LOAD src/ASF/common/utils/interrupt/interrupt_sam_nvic.o
LOAD src/ASF/sam/boards/same70_xplained/init.o
LOAD src/ASF/sam/drivers/mpu/mpu.o
LOAD src/ASF/sam/drivers/pio/pio.o
LOAD src/ASF/sam/drivers/pio/pio_handler.o
LOAD src/ASF/sam/drivers/pmc/pmc.o
LOAD src/ASF/sam/drivers/pmc/sleep.o
LOAD src/ASF/sam/utils/cmsis/same70/source/templates/gcc/startup_same70.o
LOAD src/ASF/sam/utils/cmsis/same70/source/templates/system_same70.o
LOAD src/ASF/sam/utils/syscalls/gcc/syscalls.o
LOAD src/main.o
START GROUP
LOAD ../src/ASF/thirdparty/CMSIS/Lib/GCC\libarm_cortexM7lfsp_math_softfp.a
LOAD c:/program files (x86)/atmel/studio/7.0/toolchain/arm/arm-gnu-toolchain/bin/../lib/gcc/arm-none-eabi/6.3.1/../../../../arm-none-eabi/lib/thumb/v7e-m\libm.a
END GROUP
START GROUP
LOAD c:/program files (x86)/atmel/studio/7.0/toolchain/arm/arm-gnu-toolchain/bin/../lib/gcc/arm-none-eabi/6.3.1/thumb/v7e-m\libgcc.a
LOAD c:/program files (x86)/atmel/studio/7.0/toolchain/arm/arm-gnu-toolchain/bin/../lib/gcc/arm-none-eabi/6.3.1/../../../../arm-none-eabi/lib/thumb/v7e-m\libc.a
END GROUP
LOAD c:/program files (x86)/atmel/studio/7.0/toolchain/arm/arm-gnu-toolchain/bin/../lib/gcc/arm-none-eabi/6.3.1/thumb/v7e-m/crtend.o
LOAD c:/program files (x86)/atmel/studio/7.0/toolchain/arm/arm-gnu-toolchain/bin/../lib/gcc/arm-none-eabi/6.3.1/thumb/v7e-m/crtn.o
                0x00002000                STACK_SIZE = DEFINED (STACK_SIZE)?STACK_SIZE:0x2000
                0x2045fffc                __ram_end__ = ((ORIGIN (ram) + LENGTH (ram)) - 0x4)
                0x00000200                HEAP_SIZE = DEFINED (HEAP_SIZE)?HEAP_SIZE:0x200

.text           0x00400000     0x79e4
                0x00400000                . = ALIGN (0x4)
                0x00400000                _sfixed = .
 *(.vectors .vectors.*)
 .vectors       0x00400000      0x140 src/ASF/sam/utils/cmsis/same70/source/templates/gcc/startup_same70.o
                0x00400000                exception_table
 *(.text .text.* .gnu.linkonce.t.*)
 .text          0x00400140       0x6c c:/program files (x86)/atmel/studio/7.0/toolchain/arm/arm-gnu-toolchain/bin/../lib/gcc/arm-none-eabi/6.3.1/thumb/v7e-m/crtbegin.o
 .text.rtc_set_hour_mode
                0x004001ac       0x16 src/ASF/sam/drivers/rtc/rtc.o
                0x004001ac                rtc_set_hour_mode
 .text.rtc_enable_interrupt
                0x004001c2        0x4 src/ASF/sam/drivers/rtc/rtc.o
                0x004001c2                rtc_enable_interrupt
 .text.rtc_get_time
                0x004001c6       0x5a src/ASF/sam/drivers/rtc/rtc.o
                0x004001c6                rtc_get_time
 .text.rtc_set_time
                0x00400220       0x90 src/ASF/sam/drivers/rtc/rtc.o
                0x00400220                rtc_set_time
 .text.rtc_set_time_alarm
                0x004002b0       0x94 src/ASF/sam/drivers/rtc/rtc.o
                0x004002b0                rtc_set_time_alarm
 .text.rtc_set_date
                0x00400344       0xb8 src/ASF/sam/drivers/rtc/rtc.o
                0x00400344                rtc_set_date
 .text.rtc_get_status
                0x004003fc        0x4 src/ASF/sam/drivers/rtc/rtc.o
                0x004003fc                rtc_get_status
 .text.rtc_clear_status
                0x00400400        0x4 src/ASF/sam/drivers/rtc/rtc.o
                0x00400400                rtc_clear_status
 .text.spi_enable_clock
                0x00400404       0x2c src/ASF/sam/drivers/spi/spi.o
                0x00400404                spi_enable_clock
 .text.spi_set_peripheral_chip_select_value
                0x00400430       0x16 src/ASF/sam/drivers/spi/spi.o
                0x00400430                spi_set_peripheral_chip_select_value
 .text.spi_write
                0x00400446       0x34 src/ASF/sam/drivers/spi/spi.o
                0x00400446                spi_write
 .text.spi_set_clock_polarity
                0x0040047a       0x1e src/ASF/sam/drivers/spi/spi.o
                0x0040047a                spi_set_clock_polarity
 .text.spi_set_clock_phase
                0x00400498       0x1e src/ASF/sam/drivers/spi/spi.o
                0x00400498                spi_set_clock_phase
 .text.spi_configure_cs_behavior
                0x004004b6       0x46 src/ASF/sam/drivers/spi/spi.o
                0x004004b6                spi_configure_cs_behavior
 .text.spi_set_bits_per_transfer
                0x004004fc       0x14 src/ASF/sam/drivers/spi/spi.o
                0x004004fc                spi_set_bits_per_transfer
 .text.spi_calc_baudrate_div
                0x00400510       0x16 src/ASF/sam/drivers/spi/spi.o
                0x00400510                spi_calc_baudrate_div
 .text.spi_set_baudrate_div
                0x00400526       0x28 src/ASF/sam/drivers/spi/spi.o
                0x00400526                spi_set_baudrate_div
 .text.tc_init  0x0040054e       0x1a src/ASF/sam/drivers/tc/tc.o
                0x0040054e                tc_init
 .text.tc_start
                0x00400568        0x8 src/ASF/sam/drivers/tc/tc.o
                0x00400568                tc_start
 .text.tc_write_rc
                0x00400570        0x8 src/ASF/sam/drivers/tc/tc.o
                0x00400570                tc_write_rc
 .text.tc_enable_interrupt
                0x00400578        0x8 src/ASF/sam/drivers/tc/tc.o
                0x00400578                tc_enable_interrupt
 .text.tc_get_status
                0x00400580        0x8 src/ASF/sam/drivers/tc/tc.o
                0x00400580                tc_get_status
 .text.tc_find_mck_divisor
                0x00400588       0x70 src/ASF/sam/drivers/tc/tc.o
                0x00400588                tc_find_mck_divisor
 .text.gfx_mono_set_framebuffer
                0x004005f8        0xc src/OLED/gfx_mono_framebuffer.o
                0x004005f8                gfx_mono_set_framebuffer
 .text.gfx_mono_framebuffer_put_byte
                0x00400604       0x10 src/OLED/gfx_mono_framebuffer.o
                0x00400604                gfx_mono_framebuffer_put_byte
 .text.gfx_mono_framebuffer_get_byte
                0x00400614       0x10 src/OLED/gfx_mono_framebuffer.o
                0x00400614                gfx_mono_framebuffer_get_byte
 .text.gfx_mono_generic_draw_horizontal_line
                0x00400624       0xd0 src/OLED/gfx_mono_generic.o
                0x00400624                gfx_mono_generic_draw_horizontal_line
 .text.gfx_mono_generic_draw_vertical_line
                0x004006f4       0xa0 src/OLED/gfx_mono_generic.o
                0x004006f4                gfx_mono_generic_draw_vertical_line
 .text.gfx_mono_generic_draw_filled_rect
                0x00400794       0x38 src/OLED/gfx_mono_generic.o
                0x00400794                gfx_mono_generic_draw_filled_rect
 .text.gfx_mono_generic_draw_filled_circle
                0x004007cc      0x11c src/OLED/gfx_mono_generic.o
                0x004007cc                gfx_mono_generic_draw_filled_circle
 .text.gfx_mono_draw_char
                0x004008e8       0xac src/OLED/gfx_mono_text.o
                0x004008e8                gfx_mono_draw_char
 .text.gfx_mono_draw_string
                0x00400994       0x48 src/OLED/gfx_mono_text.o
                0x00400994                gfx_mono_draw_string
 .text.gfx_mono_ssd1306_put_byte
                0x004009dc       0x50 src/OLED/gfx_mono_ug_2832hsweg04.o
                0x004009dc                gfx_mono_ssd1306_put_byte
 .text.gfx_mono_ssd1306_init
                0x00400a2c       0x50 src/OLED/gfx_mono_ug_2832hsweg04.o
                0x00400a2c                gfx_mono_ssd1306_init
 .text.gfx_mono_ssd1306_draw_pixel
                0x00400a7c       0x78 src/OLED/gfx_mono_ug_2832hsweg04.o
                0x00400a7c                gfx_mono_ssd1306_draw_pixel
 .text.gfx_mono_ssd1306_get_byte
                0x00400af4        0xc src/OLED/gfx_mono_ug_2832hsweg04.o
                0x00400af4                gfx_mono_ssd1306_get_byte
 .text.gfx_mono_ssd1306_mask_byte
                0x00400b00       0x44 src/OLED/gfx_mono_ug_2832hsweg04.o
                0x00400b00                gfx_mono_ssd1306_mask_byte
 .text.ssd1306_write_command
                0x00400b44       0x40 src/OLED/ssd1306.o
                0x00400b44                ssd1306_write_command
 .text.ssd1306_init
                0x00400b84      0x1e0 src/OLED/ssd1306.o
                0x00400b84                ssd1306_init
 .text.ssd1306_write_data
                0x00400d64       0x40 src/OLED/ssd1306.o
                0x00400d64                ssd1306_write_data
 .text.sysclk_init
                0x00400da4       0x70 src/ASF/common/services/clock/same70/sysclk.o
                0x00400da4                sysclk_init
 .text.board_init
                0x00400e14      0x140 src/ASF/sam/boards/same70_xplained/init.o
                0x00400e14                board_init
 .text.pio_set  0x00400f54        0x4 src/ASF/sam/drivers/pio/pio.o
                0x00400f54                pio_set
 .text.pio_clear
                0x00400f58        0x4 src/ASF/sam/drivers/pio/pio.o
                0x00400f58                pio_clear
 .text.pio_set_peripheral
                0x00400f5c       0x92 src/ASF/sam/drivers/pio/pio.o
                0x00400f5c                pio_set_peripheral
 .text.pio_set_input
                0x00400fee       0x36 src/ASF/sam/drivers/pio/pio.o
                0x00400fee                pio_set_input
 .text.pio_set_output
                0x00401024       0x28 src/ASF/sam/drivers/pio/pio.o
                0x00401024                pio_set_output
 .text.pio_configure
                0x0040104c       0x90 src/ASF/sam/drivers/pio/pio.o
                0x0040104c                pio_configure
 .text.pio_get_output_data_status
                0x004010dc        0xc src/ASF/sam/drivers/pio/pio.o
                0x004010dc                pio_get_output_data_status
 .text.pio_configure_interrupt
                0x004010e8       0x32 src/ASF/sam/drivers/pio/pio.o
                0x004010e8                pio_configure_interrupt
 .text.pio_enable_interrupt
                0x0040111a        0x4 src/ASF/sam/drivers/pio/pio.o
                0x0040111a                pio_enable_interrupt
 .text.pio_get_interrupt_status
                0x0040111e        0x4 src/ASF/sam/drivers/pio/pio.o
                0x0040111e                pio_get_interrupt_status
 .text.pio_get_interrupt_mask
                0x00401122        0x4 src/ASF/sam/drivers/pio/pio.o
                0x00401122                pio_get_interrupt_mask
 *fill*         0x00401126        0x2 
 .text.pio_handler_process
                0x00401128       0x50 src/ASF/sam/drivers/pio/pio_handler.o
                0x00401128                pio_handler_process
 .text.pio_handler_set
                0x00401178       0x70 src/ASF/sam/drivers/pio/pio_handler.o
                0x00401178                pio_handler_set
 .text.PIOA_Handler
                0x004011e8       0x14 src/ASF/sam/drivers/pio/pio_handler.o
                0x004011e8                PIOA_Handler
 .text.PIOB_Handler
                0x004011fc       0x14 src/ASF/sam/drivers/pio/pio_handler.o
                0x004011fc                PIOB_Handler
 .text.PIOC_Handler
                0x00401210       0x14 src/ASF/sam/drivers/pio/pio_handler.o
                0x00401210                PIOC_Handler
 .text.PIOD_Handler
                0x00401224       0x14 src/ASF/sam/drivers/pio/pio_handler.o
                0x00401224                PIOD_Handler
 .text.PIOE_Handler
                0x00401238       0x14 src/ASF/sam/drivers/pio/pio_handler.o
                0x00401238                PIOE_Handler
 .text.pmc_mck_set_division
                0x0040124c       0x38 src/ASF/sam/drivers/pmc/pmc.o
                0x0040124c                pmc_mck_set_division
 .text.pmc_switch_mck_to_pllack
                0x00401284       0x64 src/ASF/sam/drivers/pmc/pmc.o
                0x00401284                pmc_switch_mck_to_pllack
 .text.pmc_switch_mainck_to_xtal
                0x004012e8       0x54 src/ASF/sam/drivers/pmc/pmc.o
                0x004012e8                pmc_switch_mainck_to_xtal
 .text.pmc_osc_is_ready_mainck
                0x0040133c       0x10 src/ASF/sam/drivers/pmc/pmc.o
                0x0040133c                pmc_osc_is_ready_mainck
 .text.pmc_disable_pllack
                0x0040134c       0x10 src/ASF/sam/drivers/pmc/pmc.o
                0x0040134c                pmc_disable_pllack
 .text.pmc_is_locked_pllack
                0x0040135c       0x10 src/ASF/sam/drivers/pmc/pmc.o
                0x0040135c                pmc_is_locked_pllack
 .text.pmc_enable_periph_clk
                0x0040136c       0x54 src/ASF/sam/drivers/pmc/pmc.o
                0x0040136c                pmc_enable_periph_clk
 .text.pmc_disable_periph_clk
                0x004013c0       0x54 src/ASF/sam/drivers/pmc/pmc.o
                0x004013c0                pmc_disable_periph_clk
 .text.Dummy_Handler
                0x00401414        0x2 src/ASF/sam/utils/cmsis/same70/source/templates/gcc/startup_same70.o
                0x00401414                DACC_Handler
                0x00401414                DebugMon_Handler
                0x00401414                UART3_Handler
                0x00401414                UART2_Handler
                0x00401414                TRNG_Handler
                0x00401414                HardFault_Handler
                0x00401414                TC2_Handler
                0x00401414                SysTick_Handler
                0x00401414                AFEC1_Handler
                0x00401414                PendSV_Handler
                0x00401414                NMI_Handler
                0x00401414                TC7_Handler
                0x00401414                QSPI_Handler
                0x00401414                ISI_Handler
                0x00401414                TC9_Handler
                0x00401414                RSWDT_Handler
                0x00401414                MCAN1_Handler
                0x00401414                USART0_Handler
                0x00401414                RTT_Handler
                0x00401414                USBHS_Handler
                0x00401414                UsageFault_Handler
                0x00401414                TC6_Handler
                0x00401414                WDT_Handler
                0x00401414                TC4_Handler
                0x00401414                HSMCI_Handler
                0x00401414                UART1_Handler
                0x00401414                TC3_Handler
                0x00401414                Dummy_Handler
                0x00401414                TWIHS1_Handler
                0x00401414                XDMAC_Handler
                0x00401414                UART4_Handler
                0x00401414                PWM1_Handler
                0x00401414                USART1_Handler
                0x00401414                PWM0_Handler
                0x00401414                AFEC0_Handler
                0x00401414                SSC_Handler
                0x00401414                TC11_Handler
                0x00401414                ACC_Handler
                0x00401414                PMC_Handler
                0x00401414                GMAC_Handler
                0x00401414                MemManage_Handler
                0x00401414                SUPC_Handler
                0x00401414                SVC_Handler
                0x00401414                TC8_Handler
                0x00401414                EFC_Handler
                0x00401414                USART2_Handler
                0x00401414                SDRAMC_Handler
                0x00401414                SPI1_Handler
                0x00401414                MCAN0_Handler
                0x00401414                TC10_Handler
                0x00401414                TWIHS2_Handler
                0x00401414                UART0_Handler
                0x00401414                BusFault_Handler
                0x00401414                RSTC_Handler
                0x00401414                TC0_Handler
                0x00401414                TC5_Handler
                0x00401414                ICM_Handler
                0x00401414                AES_Handler
                0x00401414                TWIHS0_Handler
                0x00401414                SPI0_Handler
 *fill*         0x00401416        0x2 
 .text.Reset_Handler
                0x00401418       0xc8 src/ASF/sam/utils/cmsis/same70/source/templates/gcc/startup_same70.o
                0x00401418                Reset_Handler
 .text.SystemCoreClockUpdate
                0x004014e0      0x10c src/ASF/sam/utils/cmsis/same70/source/templates/system_same70.o
                0x004014e0                SystemCoreClockUpdate
 .text.system_init_flash
                0x004015ec       0x8c src/ASF/sam/utils/cmsis/same70/source/templates/system_same70.o
                0x004015ec                system_init_flash
 .text._sbrk    0x00401678       0x38 src/ASF/sam/utils/syscalls/gcc/syscalls.o
                0x00401678                _sbrk
 .text.Button_0_Handler
                0x004016b0       0x18 src/main.o
 .text.Button_2_Handler
                0x004016c8       0xa8 src/main.o
 .text.Button_3_Handler
                0x00401770       0xa8 src/main.o
 .text.pin_toggle
                0x00401818       0x2c src/main.o
                0x00401818                pin_toggle
 .text.TC1_Handler
                0x00401844       0x3c src/main.o
                0x00401844                TC1_Handler
 .text.RTC_init
                0x00401880       0x70 src/main.o
                0x00401880                RTC_init
 .text.TC_init  0x004018f0       0x94 src/main.o
                0x004018f0                TC_init
 .text.LED_init
                0x00401984       0x2c src/main.o
                0x00401984                LED_init
 .text.BUT_init
                0x004019b0       0x64 src/main.o
                0x004019b0                BUT_init
 .text.BUT_1_init
                0x00401a14       0x64 src/main.o
                0x00401a14                BUT_1_init
 .text.BUT_2_init
                0x00401a78       0x64 src/main.o
                0x00401a78                BUT_2_init
 .text.BUT_3_init
                0x00401adc       0x64 src/main.o
                0x00401adc                BUT_3_init
 .text.print    0x00401b40       0x48 src/main.o
                0x00401b40                print
 .text.RTC_Handler
                0x00401b88       0xb4 src/main.o
                0x00401b88                RTC_Handler
 .text.Button_1_Handler
                0x00401c3c       0xa0 src/main.o
 .text.main     0x00401cdc       0x84 src/main.o
                0x00401cdc                main
 .text.__libc_init_array
                0x00401d60       0x50 c:/program files (x86)/atmel/studio/7.0/toolchain/arm/arm-gnu-toolchain/bin/../lib/gcc/arm-none-eabi/6.3.1/../../../../arm-none-eabi/lib/thumb/v7e-m\libc.a(lib_a-init.o)
                0x00401d60                __libc_init_array
 .text.memset   0x00401db0       0x9c c:/program files (x86)/atmel/studio/7.0/toolchain/arm/arm-gnu-toolchain/bin/../lib/gcc/arm-none-eabi/6.3.1/../../../../arm-none-eabi/lib/thumb/v7e-m\libc.a(lib_a-memset.o)
                0x00401db0                memset
 .text.sprintf  0x00401e4c       0x4c c:/program files (x86)/atmel/studio/7.0/toolchain/arm/arm-gnu-toolchain/bin/../lib/gcc/arm-none-eabi/6.3.1/../../../../arm-none-eabi/lib/thumb/v7e-m\libc.a(lib_a-sprintf.o)
                0x00401e4c                sprintf
 .text._svfprintf_r
                0x00401e98     0x145c c:/program files (x86)/atmel/studio/7.0/toolchain/arm/arm-gnu-toolchain/bin/../lib/gcc/arm-none-eabi/6.3.1/../../../../arm-none-eabi/lib/thumb/v7e-m\libc.a(lib_a-svfprintf.o)
                0x00401e98                _svfprintf_r
 .text.startup.register_fini
                0x004032f4       0x14 c:/program files (x86)/atmel/studio/7.0/toolchain/arm/arm-gnu-toolchain/bin/../lib/gcc/arm-none-eabi/6.3.1/../../../../arm-none-eabi/lib/thumb/v7e-m\libc.a(lib_a-__call_atexit.o)
 .text.atexit   0x00403308        0xc c:/program files (x86)/atmel/studio/7.0/toolchain/arm/arm-gnu-toolchain/bin/../lib/gcc/arm-none-eabi/6.3.1/../../../../arm-none-eabi/lib/thumb/v7e-m\libc.a(lib_a-atexit.o)
                0x00403308                atexit
 .text.quorem   0x00403314      0x128 c:/program files (x86)/atmel/studio/7.0/toolchain/arm/arm-gnu-toolchain/bin/../lib/gcc/arm-none-eabi/6.3.1/../../../../arm-none-eabi/lib/thumb/v7e-m\libc.a(lib_a-dtoa.o)
 *fill*         0x0040343c        0x4 
 .text._dtoa_r  0x00403440      0xe54 c:/program files (x86)/atmel/studio/7.0/toolchain/arm/arm-gnu-toolchain/bin/../lib/gcc/arm-none-eabi/6.3.1/../../../../arm-none-eabi/lib/thumb/v7e-m\libc.a(lib_a-dtoa.o)
                0x00403440                _dtoa_r
 .text.__libc_fini_array
                0x00404294       0x34 c:/program files (x86)/atmel/studio/7.0/toolchain/arm/arm-gnu-toolchain/bin/../lib/gcc/arm-none-eabi/6.3.1/../../../../arm-none-eabi/lib/thumb/v7e-m\libc.a(lib_a-fini.o)
                0x00404294                __libc_fini_array
 .text._localeconv_r
                0x004042c8       0x1c c:/program files (x86)/atmel/studio/7.0/toolchain/arm/arm-gnu-toolchain/bin/../lib/gcc/arm-none-eabi/6.3.1/../../../../arm-none-eabi/lib/thumb/v7e-m\libc.a(lib_a-localeconv.o)
                0x004042c8                _localeconv_r
 .text.__retarget_lock_acquire_recursive
                0x004042e4        0x4 c:/program files (x86)/atmel/studio/7.0/toolchain/arm/arm-gnu-toolchain/bin/../lib/gcc/arm-none-eabi/6.3.1/../../../../arm-none-eabi/lib/thumb/v7e-m\libc.a(lib_a-lock.o)
                0x004042e4                __retarget_lock_acquire_recursive
 .text.__retarget_lock_release_recursive
                0x004042e8        0x4 c:/program files (x86)/atmel/studio/7.0/toolchain/arm/arm-gnu-toolchain/bin/../lib/gcc/arm-none-eabi/6.3.1/../../../../arm-none-eabi/lib/thumb/v7e-m\libc.a(lib_a-lock.o)
                0x004042e8                __retarget_lock_release_recursive
 .text._malloc_r
                0x004042ec      0x560 c:/program files (x86)/atmel/studio/7.0/toolchain/arm/arm-gnu-toolchain/bin/../lib/gcc/arm-none-eabi/6.3.1/../../../../arm-none-eabi/lib/thumb/v7e-m\libc.a(lib_a-mallocr.o)
                0x004042ec                _malloc_r
 *fill*         0x0040484c        0x4 
 .text          0x00404850       0xa0 c:/program files (x86)/atmel/studio/7.0/toolchain/arm/arm-gnu-toolchain/bin/../lib/gcc/arm-none-eabi/6.3.1/../../../../arm-none-eabi/lib/thumb/v7e-m\libc.a(lib_a-memchr.o)
                0x00404850                memchr
 .text          0x004048f0      0x134 c:/program files (x86)/atmel/studio/7.0/toolchain/arm/arm-gnu-toolchain/bin/../lib/gcc/arm-none-eabi/6.3.1/../../../../arm-none-eabi/lib/thumb/v7e-m\libc.a(lib_a-memcpy.o)
                0x004048f0                memcpy
 .text.__malloc_lock
                0x00404a24        0xc c:/program files (x86)/atmel/studio/7.0/toolchain/arm/arm-gnu-toolchain/bin/../lib/gcc/arm-none-eabi/6.3.1/../../../../arm-none-eabi/lib/thumb/v7e-m\libc.a(lib_a-mlock.o)
                0x00404a24                __malloc_lock
 .text.__malloc_unlock
                0x00404a30        0xc c:/program files (x86)/atmel/studio/7.0/toolchain/arm/arm-gnu-toolchain/bin/../lib/gcc/arm-none-eabi/6.3.1/../../../../arm-none-eabi/lib/thumb/v7e-m\libc.a(lib_a-mlock.o)
                0x00404a30                __malloc_unlock
 .text._Balloc  0x00404a3c       0x4c c:/program files (x86)/atmel/studio/7.0/toolchain/arm/arm-gnu-toolchain/bin/../lib/gcc/arm-none-eabi/6.3.1/../../../../arm-none-eabi/lib/thumb/v7e-m\libc.a(lib_a-mprec.o)
                0x00404a3c                _Balloc
 .text._Bfree   0x00404a88       0x14 c:/program files (x86)/atmel/studio/7.0/toolchain/arm/arm-gnu-toolchain/bin/../lib/gcc/arm-none-eabi/6.3.1/../../../../arm-none-eabi/lib/thumb/v7e-m\libc.a(lib_a-mprec.o)
                0x00404a88                _Bfree
 .text.__multadd
                0x00404a9c       0x80 c:/program files (x86)/atmel/studio/7.0/toolchain/arm/arm-gnu-toolchain/bin/../lib/gcc/arm-none-eabi/6.3.1/../../../../arm-none-eabi/lib/thumb/v7e-m\libc.a(lib_a-mprec.o)
                0x00404a9c                __multadd
 .text.__hi0bits
                0x00404b1c       0x40 c:/program files (x86)/atmel/studio/7.0/toolchain/arm/arm-gnu-toolchain/bin/../lib/gcc/arm-none-eabi/6.3.1/../../../../arm-none-eabi/lib/thumb/v7e-m\libc.a(lib_a-mprec.o)
                0x00404b1c                __hi0bits
 .text.__lo0bits
                0x00404b5c       0x60 c:/program files (x86)/atmel/studio/7.0/toolchain/arm/arm-gnu-toolchain/bin/../lib/gcc/arm-none-eabi/6.3.1/../../../../arm-none-eabi/lib/thumb/v7e-m\libc.a(lib_a-mprec.o)
                0x00404b5c                __lo0bits
 .text.__i2b    0x00404bbc       0x14 c:/program files (x86)/atmel/studio/7.0/toolchain/arm/arm-gnu-toolchain/bin/../lib/gcc/arm-none-eabi/6.3.1/../../../../arm-none-eabi/lib/thumb/v7e-m\libc.a(lib_a-mprec.o)
                0x00404bbc                __i2b
 .text.__multiply
                0x00404bd0      0x124 c:/program files (x86)/atmel/studio/7.0/toolchain/arm/arm-gnu-toolchain/bin/../lib/gcc/arm-none-eabi/6.3.1/../../../../arm-none-eabi/lib/thumb/v7e-m\libc.a(lib_a-mprec.o)
                0x00404bd0                __multiply
 .text.__pow5mult
                0x00404cf4       0xa0 c:/program files (x86)/atmel/studio/7.0/toolchain/arm/arm-gnu-toolchain/bin/../lib/gcc/arm-none-eabi/6.3.1/../../../../arm-none-eabi/lib/thumb/v7e-m\libc.a(lib_a-mprec.o)
                0x00404cf4                __pow5mult
 .text.__lshift
                0x00404d94       0xa4 c:/program files (x86)/atmel/studio/7.0/toolchain/arm/arm-gnu-toolchain/bin/../lib/gcc/arm-none-eabi/6.3.1/../../../../arm-none-eabi/lib/thumb/v7e-m\libc.a(lib_a-mprec.o)
                0x00404d94                __lshift
 .text.__mcmp   0x00404e38       0x38 c:/program files (x86)/atmel/studio/7.0/toolchain/arm/arm-gnu-toolchain/bin/../lib/gcc/arm-none-eabi/6.3.1/../../../../arm-none-eabi/lib/thumb/v7e-m\libc.a(lib_a-mprec.o)
                0x00404e38                __mcmp
 .text.__mdiff  0x00404e70      0x108 c:/program files (x86)/atmel/studio/7.0/toolchain/arm/arm-gnu-toolchain/bin/../lib/gcc/arm-none-eabi/6.3.1/../../../../arm-none-eabi/lib/thumb/v7e-m\libc.a(lib_a-mprec.o)
                0x00404e70                __mdiff
 .text.__d2b    0x00404f78       0xb8 c:/program files (x86)/atmel/studio/7.0/toolchain/arm/arm-gnu-toolchain/bin/../lib/gcc/arm-none-eabi/6.3.1/../../../../arm-none-eabi/lib/thumb/v7e-m\libc.a(lib_a-mprec.o)
                0x00404f78                __d2b
 .text._sbrk_r  0x00405030       0x24 c:/program files (x86)/atmel/studio/7.0/toolchain/arm/arm-gnu-toolchain/bin/../lib/gcc/arm-none-eabi/6.3.1/../../../../arm-none-eabi/lib/thumb/v7e-m\libc.a(lib_a-sbrkr.o)
                0x00405030                _sbrk_r
 *fill*         0x00405054       0x2c 
 .text          0x00405080       0xdc c:/program files (x86)/atmel/studio/7.0/toolchain/arm/arm-gnu-toolchain/bin/../lib/gcc/arm-none-eabi/6.3.1/../../../../arm-none-eabi/lib/thumb/v7e-m\libc.a(lib_a-strlen.o)
                0x00405080                strlen
 .text.__ssprint_r
                0x0040515c       0xfc c:/program files (x86)/atmel/studio/7.0/toolchain/arm/arm-gnu-toolchain/bin/../lib/gcc/arm-none-eabi/6.3.1/../../../../arm-none-eabi/lib/thumb/v7e-m\libc.a(lib_a-svfiprintf.o)
                0x0040515c                __ssprint_r
 .text.__register_exitproc
                0x00405258       0xc4 c:/program files (x86)/atmel/studio/7.0/toolchain/arm/arm-gnu-toolchain/bin/../lib/gcc/arm-none-eabi/6.3.1/../../../../arm-none-eabi/lib/thumb/v7e-m\libc.a(lib_a-__atexit.o)
                0x00405258                __register_exitproc
 .text._calloc_r
                0x0040531c       0x60 c:/program files (x86)/atmel/studio/7.0/toolchain/arm/arm-gnu-toolchain/bin/../lib/gcc/arm-none-eabi/6.3.1/../../../../arm-none-eabi/lib/thumb/v7e-m\libc.a(lib_a-callocr.o)
                0x0040531c                _calloc_r
 .text._malloc_trim_r
                0x0040537c       0xa0 c:/program files (x86)/atmel/studio/7.0/toolchain/arm/arm-gnu-toolchain/bin/../lib/gcc/arm-none-eabi/6.3.1/../../../../arm-none-eabi/lib/thumb/v7e-m\libc.a(lib_a-freer.o)
                0x0040537c                _malloc_trim_r
 .text._free_r  0x0040541c      0x1cc c:/program files (x86)/atmel/studio/7.0/toolchain/arm/arm-gnu-toolchain/bin/../lib/gcc/arm-none-eabi/6.3.1/../../../../arm-none-eabi/lib/thumb/v7e-m\libc.a(lib_a-freer.o)
                0x0040541c                _free_r
 .text.__ascii_mbtowc
                0x004055e8       0x2c c:/program files (x86)/atmel/studio/7.0/toolchain/arm/arm-gnu-toolchain/bin/../lib/gcc/arm-none-eabi/6.3.1/../../../../arm-none-eabi/lib/thumb/v7e-m\libc.a(lib_a-mbtowc_r.o)
                0x004055e8                __ascii_mbtowc
 .text.memmove  0x00405614       0xc8 c:/program files (x86)/atmel/studio/7.0/toolchain/arm/arm-gnu-toolchain/bin/../lib/gcc/arm-none-eabi/6.3.1/../../../../arm-none-eabi/lib/thumb/v7e-m\libc.a(lib_a-memmove.o)
                0x00405614                memmove
 .text._realloc_r
                0x004056dc      0x34c c:/program files (x86)/atmel/studio/7.0/toolchain/arm/arm-gnu-toolchain/bin/../lib/gcc/arm-none-eabi/6.3.1/../../../../arm-none-eabi/lib/thumb/v7e-m\libc.a(lib_a-reallocr.o)
                0x004056dc                _realloc_r
 .text.__ascii_wctomb
                0x00405a28       0x1c c:/program files (x86)/atmel/studio/7.0/toolchain/arm/arm-gnu-toolchain/bin/../lib/gcc/arm-none-eabi/6.3.1/../../../../arm-none-eabi/lib/thumb/v7e-m\libc.a(lib_a-wctomb_r.o)
                0x00405a28                __ascii_wctomb
 .text          0x00405a44      0x370 c:/program files (x86)/atmel/studio/7.0/toolchain/arm/arm-gnu-toolchain/bin/../lib/gcc/arm-none-eabi/6.3.1/thumb/v7e-m\libgcc.a(_arm_addsubdf3.o)
                0x00405a44                __aeabi_drsub
                0x00405a4c                __aeabi_dsub
                0x00405a4c                __subdf3
                0x00405a50                __aeabi_dadd
                0x00405a50                __adddf3
                0x00405cc8                __floatunsidf
                0x00405cc8                __aeabi_ui2d
                0x00405ce8                __floatsidf
                0x00405ce8                __aeabi_i2d
                0x00405d0c                __aeabi_f2d
                0x00405d0c                __extendsfdf2
                0x00405d48                __floatundidf
                0x00405d48                __aeabi_ul2d
                0x00405d58                __floatdidf
                0x00405d58                __aeabi_l2d
 .text          0x00405db4      0x424 c:/program files (x86)/atmel/studio/7.0/toolchain/arm/arm-gnu-toolchain/bin/../lib/gcc/arm-none-eabi/6.3.1/thumb/v7e-m\libgcc.a(_arm_muldivdf3.o)
                0x00405db4                __aeabi_dmul
                0x00405db4                __muldf3
                0x00406008                __divdf3
                0x00406008                __aeabi_ddiv
 .text          0x004061d8      0x110 c:/program files (x86)/atmel/studio/7.0/toolchain/arm/arm-gnu-toolchain/bin/../lib/gcc/arm-none-eabi/6.3.1/thumb/v7e-m\libgcc.a(_arm_cmpdf2.o)
                0x004061d8                __gtdf2
                0x004061d8                __gedf2
                0x004061e0                __ltdf2
                0x004061e0                __ledf2
                0x004061e8                __nedf2
                0x004061e8                __eqdf2
                0x004061e8                __cmpdf2
                0x00406264                __aeabi_cdrcmple
                0x00406274                __aeabi_cdcmpeq
                0x00406274                __aeabi_cdcmple
                0x00406284                __aeabi_dcmpeq
                0x00406298                __aeabi_dcmplt
                0x004062ac                __aeabi_dcmple
                0x004062c0                __aeabi_dcmpge
                0x004062d4                __aeabi_dcmpgt
 .text          0x004062e8       0x2c c:/program files (x86)/atmel/studio/7.0/toolchain/arm/arm-gnu-toolchain/bin/../lib/gcc/arm-none-eabi/6.3.1/thumb/v7e-m\libgcc.a(_arm_unorddf2.o)
                0x004062e8                __unorddf2
                0x004062e8                __aeabi_dcmpun
 .text          0x00406314       0x50 c:/program files (x86)/atmel/studio/7.0/toolchain/arm/arm-gnu-toolchain/bin/../lib/gcc/arm-none-eabi/6.3.1/thumb/v7e-m\libgcc.a(_arm_fixdfsi.o)
                0x00406314                __aeabi_d2iz
                0x00406314                __fixdfsi
 .text          0x00406364       0x30 c:/program files (x86)/atmel/studio/7.0/toolchain/arm/arm-gnu-toolchain/bin/../lib/gcc/arm-none-eabi/6.3.1/thumb/v7e-m\libgcc.a(_aeabi_uldivmod.o)
                0x00406364                __aeabi_uldivmod
 .text          0x00406394      0x2dc c:/program files (x86)/atmel/studio/7.0/toolchain/arm/arm-gnu-toolchain/bin/../lib/gcc/arm-none-eabi/6.3.1/thumb/v7e-m\libgcc.a(_udivmoddi4.o)
                0x00406394                __udivmoddi4
 .text          0x00406670        0x4 c:/program files (x86)/atmel/studio/7.0/toolchain/arm/arm-gnu-toolchain/bin/../lib/gcc/arm-none-eabi/6.3.1/thumb/v7e-m\libgcc.a(_dvmd_tls.o)
                0x00406670                __aeabi_idiv0
                0x00406670                __aeabi_ldiv0
 *(.glue_7t)
 .glue_7t       0x00406674        0x0 linker stubs
 *(.glue_7)
 .glue_7        0x00406674        0x0 linker stubs
 *(.rodata .rodata* .gnu.linkonce.r.*)
 .rodata.sysfont_glyphs
                0x00406674     0x10aa src/OLED/sysfont.o
 *fill*         0x0040771e        0x2 
 .rodata.Button_2_Handler.str1.4
                0x00407720        0xb src/main.o
 *fill*         0x0040772b        0x1 
 .rodata.print.str1.4
                0x0040772c        0xb src/main.o
 *fill*         0x00407737        0x1 
 .rodata._global_impure_ptr
                0x00407738        0x4 c:/program files (x86)/atmel/studio/7.0/toolchain/arm/arm-gnu-toolchain/bin/../lib/gcc/arm-none-eabi/6.3.1/../../../../arm-none-eabi/lib/thumb/v7e-m\libc.a(lib_a-impure.o)
                0x00407738                _global_impure_ptr
 .rodata._svfprintf_r.str1.4
                0x0040773c       0x42 c:/program files (x86)/atmel/studio/7.0/toolchain/arm/arm-gnu-toolchain/bin/../lib/gcc/arm-none-eabi/6.3.1/../../../../arm-none-eabi/lib/thumb/v7e-m\libc.a(lib_a-svfprintf.o)
 *fill*         0x0040777e        0x2 
 .rodata.blanks.7223
                0x00407780       0x10 c:/program files (x86)/atmel/studio/7.0/toolchain/arm/arm-gnu-toolchain/bin/../lib/gcc/arm-none-eabi/6.3.1/../../../../arm-none-eabi/lib/thumb/v7e-m\libc.a(lib_a-svfprintf.o)
 .rodata.zeroes.7224
                0x00407790       0x10 c:/program files (x86)/atmel/studio/7.0/toolchain/arm/arm-gnu-toolchain/bin/../lib/gcc/arm-none-eabi/6.3.1/../../../../arm-none-eabi/lib/thumb/v7e-m\libc.a(lib_a-svfprintf.o)
 .rodata._dtoa_r.str1.4
                0x004077a0       0x10 c:/program files (x86)/atmel/studio/7.0/toolchain/arm/arm-gnu-toolchain/bin/../lib/gcc/arm-none-eabi/6.3.1/../../../../arm-none-eabi/lib/thumb/v7e-m\libc.a(lib_a-dtoa.o)
                                 0x12 (size before relaxing)
 .rodata.__mprec_bigtens
                0x004077b0       0x28 c:/program files (x86)/atmel/studio/7.0/toolchain/arm/arm-gnu-toolchain/bin/../lib/gcc/arm-none-eabi/6.3.1/../../../../arm-none-eabi/lib/thumb/v7e-m\libc.a(lib_a-mprec.o)
                0x004077b0                __mprec_bigtens
 .rodata.__mprec_tens
                0x004077d8       0xc8 c:/program files (x86)/atmel/studio/7.0/toolchain/arm/arm-gnu-toolchain/bin/../lib/gcc/arm-none-eabi/6.3.1/../../../../arm-none-eabi/lib/thumb/v7e-m\libc.a(lib_a-mprec.o)
                0x004077d8                __mprec_tens
 .rodata.p05.6055
                0x004078a0        0xc c:/program files (x86)/atmel/studio/7.0/toolchain/arm/arm-gnu-toolchain/bin/../lib/gcc/arm-none-eabi/6.3.1/../../../../arm-none-eabi/lib/thumb/v7e-m\libc.a(lib_a-mprec.o)
 .rodata._setlocale_r.str1.4
                0x004078ac        0xa c:/program files (x86)/atmel/studio/7.0/toolchain/arm/arm-gnu-toolchain/bin/../lib/gcc/arm-none-eabi/6.3.1/../../../../arm-none-eabi/lib/thumb/v7e-m\libc.a(lib_a-locale.o)
                                  0xd (size before relaxing)
 *fill*         0x004078b6        0x2 
 .rodata.str1.4
                0x004078b8        0x4 c:/program files (x86)/atmel/studio/7.0/toolchain/arm/arm-gnu-toolchain/bin/../lib/gcc/arm-none-eabi/6.3.1/../../../../arm-none-eabi/lib/thumb/v7e-m\libc.a(lib_a-locale.o)
                                  0x2 (size before relaxing)
 .rodata._ctype_
                0x004078bc      0x101 c:/program files (x86)/atmel/studio/7.0/toolchain/arm/arm-gnu-toolchain/bin/../lib/gcc/arm-none-eabi/6.3.1/../../../../arm-none-eabi/lib/thumb/v7e-m\libc.a(lib_a-ctype_.o)
                0x004078bc                _ctype_
 *(.ARM.extab* .gnu.linkonce.armextab.*)
                0x004079c0                . = ALIGN (0x4)
 *fill*         0x004079bd        0x3 
 *(.init)
 .init          0x004079c0        0x4 c:/program files (x86)/atmel/studio/7.0/toolchain/arm/arm-gnu-toolchain/bin/../lib/gcc/arm-none-eabi/6.3.1/thumb/v7e-m/crti.o
                0x004079c0                _init
 .init          0x004079c4        0x8 c:/program files (x86)/atmel/studio/7.0/toolchain/arm/arm-gnu-toolchain/bin/../lib/gcc/arm-none-eabi/6.3.1/thumb/v7e-m/crtn.o
                0x004079cc                . = ALIGN (0x4)
                0x004079cc                __preinit_array_start = .
 *(.preinit_array)
                0x004079cc                __preinit_array_end = .
                0x004079cc                . = ALIGN (0x4)
                0x004079cc                __init_array_start = .
 *(SORT(.init_array.*))
 .init_array.00000
                0x004079cc        0x4 c:/program files (x86)/atmel/studio/7.0/toolchain/arm/arm-gnu-toolchain/bin/../lib/gcc/arm-none-eabi/6.3.1/../../../../arm-none-eabi/lib/thumb/v7e-m\libc.a(lib_a-__call_atexit.o)
 *(.init_array)
 .init_array    0x004079d0        0x4 c:/program files (x86)/atmel/studio/7.0/toolchain/arm/arm-gnu-toolchain/bin/../lib/gcc/arm-none-eabi/6.3.1/thumb/v7e-m/crtbegin.o
                0x004079d4                __init_array_end = .
                0x004079d4                . = ALIGN (0x4)
 *crtbegin.o(.ctors)
 *(EXCLUDE_FILE(*crtend.o) .ctors)
 *(SORT(.ctors.*))
 *crtend.o(.ctors)
                0x004079d4                . = ALIGN (0x4)
 *(.fini)
 .fini          0x004079d4        0x4 c:/program files (x86)/atmel/studio/7.0/toolchain/arm/arm-gnu-toolchain/bin/../lib/gcc/arm-none-eabi/6.3.1/thumb/v7e-m/crti.o
                0x004079d4                _fini
 .fini          0x004079d8        0x8 c:/program files (x86)/atmel/studio/7.0/toolchain/arm/arm-gnu-toolchain/bin/../lib/gcc/arm-none-eabi/6.3.1/thumb/v7e-m/crtn.o
                0x004079e0                . = ALIGN (0x4)
                0x004079e0                __fini_array_start = .
 *(.fini_array)
 .fini_array    0x004079e0        0x4 c:/program files (x86)/atmel/studio/7.0/toolchain/arm/arm-gnu-toolchain/bin/../lib/gcc/arm-none-eabi/6.3.1/thumb/v7e-m/crtbegin.o
 *(SORT(.fini_array.*))
                0x004079e4                __fini_array_end = .
 *crtbegin.o(.dtors)
 *(EXCLUDE_FILE(*crtend.o) .dtors)
 *(SORT(.dtors.*))
 *crtend.o(.dtors)
                0x004079e4                . = ALIGN (0x4)
                0x004079e4                _efixed = .
                [!provide]                PROVIDE (__exidx_start, .)

.vfp11_veneer   0x004079e4        0x0
 .vfp11_veneer  0x004079e4        0x0 linker stubs

.v4_bx          0x004079e4        0x0
 .v4_bx         0x004079e4        0x0 linker stubs

.iplt           0x004079e4        0x0
 .iplt          0x004079e4        0x0 c:/program files (x86)/atmel/studio/7.0/toolchain/arm/arm-gnu-toolchain/bin/../lib/gcc/arm-none-eabi/6.3.1/thumb/v7e-m/crtbegin.o

.ARM.exidx      0x004079e4        0x8
 *(.ARM.exidx* .gnu.linkonce.armexidx.*)
 .ARM.exidx     0x004079e4        0x8 c:/program files (x86)/atmel/studio/7.0/toolchain/arm/arm-gnu-toolchain/bin/../lib/gcc/arm-none-eabi/6.3.1/thumb/v7e-m\libgcc.a(_udivmoddi4.o)
                [!provide]                PROVIDE (__exidx_end, .)

.eh_frame       0x004079ec        0x0
 .eh_frame      0x004079ec        0x0 c:/program files (x86)/atmel/studio/7.0/toolchain/arm/arm-gnu-toolchain/bin/../lib/gcc/arm-none-eabi/6.3.1/thumb/v7e-m/crtbegin.o

.rel.dyn        0x004079ec        0x0
 .rel.iplt      0x004079ec        0x0 c:/program files (x86)/atmel/studio/7.0/toolchain/arm/arm-gnu-toolchain/bin/../lib/gcc/arm-none-eabi/6.3.1/thumb/v7e-m/crtbegin.o

.jcr            0x004079ec        0x0
 .jcr           0x004079ec        0x0 c:/program files (x86)/atmel/studio/7.0/toolchain/arm/arm-gnu-toolchain/bin/../lib/gcc/arm-none-eabi/6.3.1/thumb/v7e-m/crtbegin.o

.igot.plt       0x004079ec        0x0
 .igot.plt      0x004079ec        0x0 c:/program files (x86)/atmel/studio/7.0/toolchain/arm/arm-gnu-toolchain/bin/../lib/gcc/arm-none-eabi/6.3.1/thumb/v7e-m/crtbegin.o
                0x004079ec                . = ALIGN (0x4)
                0x004079ec                _etext = .

.relocate       0x20400000      0x9d8 load address 0x004079ec
                0x20400000                . = ALIGN (0x4)
                0x20400000                _srelocate = .
 *(.ramfunc .ramfunc.*)
 .ramfunc       0x20400000        0xa src/ASF/common/services/delay/sam/cycle_counter.o
                0x20400000                portable_delay_cycles
 *(.data .data.*)
 *fill*         0x2040000a        0x2 
 .data.sysfont  0x2040000c        0xc src/OLED/sysfont.o
                0x2040000c                sysfont
 .data.g_interrupt_enabled
                0x20400018        0x1 src/ASF/common/utils/interrupt/interrupt_sam_nvic.o
                0x20400018                g_interrupt_enabled
 *fill*         0x20400019        0x3 
 .data.SystemCoreClock
                0x2040001c        0x4 src/ASF/sam/utils/cmsis/same70/source/templates/system_same70.o
                0x2040001c                SystemCoreClock
 .data.hora     0x20400020        0x4 src/main.o
                0x20400020                hora
 .data.minuto   0x20400024        0x4 src/main.o
                0x20400024                minuto
 .data._impure_ptr
                0x20400028        0x4 c:/program files (x86)/atmel/studio/7.0/toolchain/arm/arm-gnu-toolchain/bin/../lib/gcc/arm-none-eabi/6.3.1/../../../../arm-none-eabi/lib/thumb/v7e-m\libc.a(lib_a-impure.o)
                0x20400028                _impure_ptr
 *fill*         0x2040002c        0x4 
 .data.impure_data
                0x20400030      0x428 c:/program files (x86)/atmel/studio/7.0/toolchain/arm/arm-gnu-toolchain/bin/../lib/gcc/arm-none-eabi/6.3.1/../../../../arm-none-eabi/lib/thumb/v7e-m\libc.a(lib_a-impure.o)
 .data.__atexit_recursive_mutex
                0x20400458        0x4 c:/program files (x86)/atmel/studio/7.0/toolchain/arm/arm-gnu-toolchain/bin/../lib/gcc/arm-none-eabi/6.3.1/../../../../arm-none-eabi/lib/thumb/v7e-m\libc.a(lib_a-__call_atexit.o)
                0x20400458                __atexit_recursive_mutex
 .data.__malloc_av_
                0x2040045c      0x408 c:/program files (x86)/atmel/studio/7.0/toolchain/arm/arm-gnu-toolchain/bin/../lib/gcc/arm-none-eabi/6.3.1/../../../../arm-none-eabi/lib/thumb/v7e-m\libc.a(lib_a-mallocr.o)
                0x2040045c                __malloc_av_
 .data.__malloc_sbrk_base
                0x20400864        0x4 c:/program files (x86)/atmel/studio/7.0/toolchain/arm/arm-gnu-toolchain/bin/../lib/gcc/arm-none-eabi/6.3.1/../../../../arm-none-eabi/lib/thumb/v7e-m\libc.a(lib_a-mallocr.o)
                0x20400864                __malloc_sbrk_base
 .data.__malloc_trim_threshold
                0x20400868        0x4 c:/program files (x86)/atmel/studio/7.0/toolchain/arm/arm-gnu-toolchain/bin/../lib/gcc/arm-none-eabi/6.3.1/../../../../arm-none-eabi/lib/thumb/v7e-m\libc.a(lib_a-mallocr.o)
                0x20400868                __malloc_trim_threshold
 .data.__global_locale
                0x2040086c      0x16c c:/program files (x86)/atmel/studio/7.0/toolchain/arm/arm-gnu-toolchain/bin/../lib/gcc/arm-none-eabi/6.3.1/../../../../arm-none-eabi/lib/thumb/v7e-m\libc.a(lib_a-locale.o)
                0x2040086c                __global_locale
                0x204009d8                . = ALIGN (0x4)
                0x204009d8                _erelocate = .

.bss            0x204009d8      0x2fc load address 0x004083c4
                0x204009d8                . = ALIGN (0x4)
                0x204009d8                _sbss = .
                0x204009d8                _szero = .
 *(.bss .bss.*)
 .bss           0x204009d8       0x1c c:/program files (x86)/atmel/studio/7.0/toolchain/arm/arm-gnu-toolchain/bin/../lib/gcc/arm-none-eabi/6.3.1/thumb/v7e-m/crtbegin.o
 .bss.fbpointer
                0x204009f4        0x4 src/OLED/gfx_mono_framebuffer.o
 .bss.framebuffer
                0x204009f8      0x200 src/OLED/gfx_mono_ug_2832hsweg04.o
 .bss.gs_interrupt_sources
                0x20400bf8       0x70 src/ASF/sam/drivers/pio/pio_handler.o
 .bss.gs_ul_nb_sources
                0x20400c68        0x4 src/ASF/sam/drivers/pio/pio_handler.o
 .bss.heap.6420
                0x20400c6c        0x4 src/ASF/sam/utils/syscalls/gcc/syscalls.o
 .bss.but_counter
                0x20400c70        0x4 src/main.o
                0x20400c70                but_counter
 .bss.flag_but_1
                0x20400c74        0x1 src/main.o
                0x20400c74                flag_but_1
 .bss.flag_led0
                0x20400c75        0x1 src/main.o
                0x20400c75                flag_led0
 .bss.flag_led_2
                0x20400c76        0x1 src/main.o
                0x20400c76                flag_led_2
 .bss.flag_led_3
                0x20400c77        0x1 src/main.o
                0x20400c77                flag_led_3
 .bss.__malloc_current_mallinfo
                0x20400c78       0x28 c:/program files (x86)/atmel/studio/7.0/toolchain/arm/arm-gnu-toolchain/bin/../lib/gcc/arm-none-eabi/6.3.1/../../../../arm-none-eabi/lib/thumb/v7e-m\libc.a(lib_a-mallocr.o)
                0x20400c78                __malloc_current_mallinfo
 .bss.__malloc_max_sbrked_mem
                0x20400ca0        0x4 c:/program files (x86)/atmel/studio/7.0/toolchain/arm/arm-gnu-toolchain/bin/../lib/gcc/arm-none-eabi/6.3.1/../../../../arm-none-eabi/lib/thumb/v7e-m\libc.a(lib_a-mallocr.o)
                0x20400ca0                __malloc_max_sbrked_mem
 .bss.__malloc_max_total_mem
                0x20400ca4        0x4 c:/program files (x86)/atmel/studio/7.0/toolchain/arm/arm-gnu-toolchain/bin/../lib/gcc/arm-none-eabi/6.3.1/../../../../arm-none-eabi/lib/thumb/v7e-m\libc.a(lib_a-mallocr.o)
                0x20400ca4                __malloc_max_total_mem
 .bss.__malloc_top_pad
                0x20400ca8        0x4 c:/program files (x86)/atmel/studio/7.0/toolchain/arm/arm-gnu-toolchain/bin/../lib/gcc/arm-none-eabi/6.3.1/../../../../arm-none-eabi/lib/thumb/v7e-m\libc.a(lib_a-mallocr.o)
                0x20400ca8                __malloc_top_pad
 *(COMMON)
 COMMON         0x20400cac       0x21 c:/program files (x86)/atmel/studio/7.0/toolchain/arm/arm-gnu-toolchain/bin/../lib/gcc/arm-none-eabi/6.3.1/../../../../arm-none-eabi/lib/thumb/v7e-m\libc.a(lib_a-lock.o)
                0x20400cac                __lock___atexit_recursive_mutex
                0x20400cb0                __lock___arc4random_mutex
                0x20400cb4                __lock___env_recursive_mutex
                0x20400cb8                __lock___sinit_recursive_mutex
                0x20400cbc                __lock___malloc_recursive_mutex
                0x20400cc0                __lock___at_quick_exit_mutex
                0x20400cc4                __lock___dd_hash_mutex
                0x20400cc8                __lock___tz_mutex
                0x20400ccc                __lock___sfp_recursive_mutex
 *fill*         0x20400ccd        0x3 
 COMMON         0x20400cd0        0x4 c:/program files (x86)/atmel/studio/7.0/toolchain/arm/arm-gnu-toolchain/bin/../lib/gcc/arm-none-eabi/6.3.1/../../../../arm-none-eabi/lib/thumb/v7e-m\libc.a(lib_a-reent.o)
                0x20400cd0                errno
                0x20400cd4                . = ALIGN (0x4)
                0x20400cd4                _ebss = .
                0x20400cd4                _ezero = .

.stack          0x20400cd4     0x2004 load address 0x004086c0
                0x20400cd8                . = ALIGN (0x8)
 *fill*         0x20400cd4        0x4 
                0x20400cd8                _sstack = .
                0x20402cd8                . = (. + STACK_SIZE)
 *fill*         0x20400cd8     0x2000 
                0x20402cd8                . = ALIGN (0x8)
                0x20402cd8                _estack = .

.heap           0x20402cd8      0x200 load address 0x0040a6c4
                0x20402cd8                . = ALIGN (0x8)
                0x20402cd8                _sheap = .
                0x20402ed8                . = (. + HEAP_SIZE)
 *fill*         0x20402cd8      0x200 
                0x20402ed8                . = ALIGN (0x8)
                0x20402ed8                _eheap = .
                0x20402ed8                . = ALIGN (0x4)
                0x20402ed8                _end = .
                0x2045ffff                _ram_end_ = ((ORIGIN (ram) + LENGTH (ram)) - 0x1)
OUTPUT(SAME70-OLED1-EXT1.elf elf32-littlearm)

.ARM.attributes
                0x00000000       0x2e
 .ARM.attributes
                0x00000000       0x1e c:/program files (x86)/atmel/studio/7.0/toolchain/arm/arm-gnu-toolchain/bin/../lib/gcc/arm-none-eabi/6.3.1/thumb/v7e-m/crti.o
 .ARM.attributes
                0x0000001e       0x2e c:/program files (x86)/atmel/studio/7.0/toolchain/arm/arm-gnu-toolchain/bin/../lib/gcc/arm-none-eabi/6.3.1/thumb/v7e-m/crtbegin.o
 .ARM.attributes
                0x0000004c       0x37 src/ASF/sam/drivers/rtc/rtc.o
 .ARM.attributes
                0x00000083       0x37 src/ASF/sam/drivers/spi/spi.o
 .ARM.attributes
                0x000000ba       0x37 src/ASF/sam/drivers/tc/tc.o
 .ARM.attributes
                0x000000f1       0x37 src/OLED/gfx_mono_framebuffer.o
 .ARM.attributes
                0x00000128       0x37 src/OLED/gfx_mono_generic.o
 .ARM.attributes
                0x0000015f       0x37 src/OLED/gfx_mono_text.o
 .ARM.attributes
                0x00000196       0x37 src/OLED/gfx_mono_ug_2832hsweg04.o
 .ARM.attributes
                0x000001cd       0x37 src/OLED/ssd1306.o
 .ARM.attributes
                0x00000204       0x37 src/OLED/sysfont.o
 .ARM.attributes
                0x0000023b       0x37 src/ASF/common/services/delay/sam/cycle_counter.o
 .ARM.attributes
                0x00000272       0x37 src/ASF/common/services/clock/same70/sysclk.o
 .ARM.attributes
                0x000002a9       0x37 src/ASF/common/utils/interrupt/interrupt_sam_nvic.o
 .ARM.attributes
                0x000002e0       0x37 src/ASF/sam/boards/same70_xplained/init.o
 .ARM.attributes
                0x00000317       0x37 src/ASF/sam/drivers/pio/pio.o
 .ARM.attributes
                0x0000034e       0x37 src/ASF/sam/drivers/pio/pio_handler.o
 .ARM.attributes
                0x00000385       0x37 src/ASF/sam/drivers/pmc/pmc.o
 .ARM.attributes
                0x000003bc       0x37 src/ASF/sam/utils/cmsis/same70/source/templates/gcc/startup_same70.o
 .ARM.attributes
                0x000003f3       0x37 src/ASF/sam/utils/cmsis/same70/source/templates/system_same70.o
 .ARM.attributes
                0x0000042a       0x37 src/ASF/sam/utils/syscalls/gcc/syscalls.o
 .ARM.attributes
                0x00000461       0x37 src/main.o
 .ARM.attributes
                0x00000498       0x2e c:/program files (x86)/atmel/studio/7.0/toolchain/arm/arm-gnu-toolchain/bin/../lib/gcc/arm-none-eabi/6.3.1/../../../../arm-none-eabi/lib/thumb/v7e-m\libc.a(lib_a-impure.o)
 .ARM.attributes
                0x000004c6       0x2e c:/program files (x86)/atmel/studio/7.0/toolchain/arm/arm-gnu-toolchain/bin/../lib/gcc/arm-none-eabi/6.3.1/../../../../arm-none-eabi/lib/thumb/v7e-m\libc.a(lib_a-init.o)
 .ARM.attributes
                0x000004f4       0x2e c:/program files (x86)/atmel/studio/7.0/toolchain/arm/arm-gnu-toolchain/bin/../lib/gcc/arm-none-eabi/6.3.1/../../../../arm-none-eabi/lib/thumb/v7e-m\libc.a(lib_a-memset.o)
 .ARM.attributes
                0x00000522       0x2e c:/program files (x86)/atmel/studio/7.0/toolchain/arm/arm-gnu-toolchain/bin/../lib/gcc/arm-none-eabi/6.3.1/../../../../arm-none-eabi/lib/thumb/v7e-m\libc.a(lib_a-sprintf.o)
 .ARM.attributes
                0x00000550       0x2e c:/program files (x86)/atmel/studio/7.0/toolchain/arm/arm-gnu-toolchain/bin/../lib/gcc/arm-none-eabi/6.3.1/../../../../arm-none-eabi/lib/thumb/v7e-m\libc.a(lib_a-svfprintf.o)
 .ARM.attributes
                0x0000057e       0x2e c:/program files (x86)/atmel/studio/7.0/toolchain/arm/arm-gnu-toolchain/bin/../lib/gcc/arm-none-eabi/6.3.1/../../../../arm-none-eabi/lib/thumb/v7e-m\libc.a(lib_a-__call_atexit.o)
 .ARM.attributes
                0x000005ac       0x2e c:/program files (x86)/atmel/studio/7.0/toolchain/arm/arm-gnu-toolchain/bin/../lib/gcc/arm-none-eabi/6.3.1/../../../../arm-none-eabi/lib/thumb/v7e-m\libc.a(lib_a-atexit.o)
 .ARM.attributes
                0x000005da       0x2e c:/program files (x86)/atmel/studio/7.0/toolchain/arm/arm-gnu-toolchain/bin/../lib/gcc/arm-none-eabi/6.3.1/../../../../arm-none-eabi/lib/thumb/v7e-m\libc.a(lib_a-dtoa.o)
 .ARM.attributes
                0x00000608       0x2e c:/program files (x86)/atmel/studio/7.0/toolchain/arm/arm-gnu-toolchain/bin/../lib/gcc/arm-none-eabi/6.3.1/../../../../arm-none-eabi/lib/thumb/v7e-m\libc.a(lib_a-fini.o)
 .ARM.attributes
                0x00000636       0x2e c:/program files (x86)/atmel/studio/7.0/toolchain/arm/arm-gnu-toolchain/bin/../lib/gcc/arm-none-eabi/6.3.1/../../../../arm-none-eabi/lib/thumb/v7e-m\libc.a(lib_a-localeconv.o)
 .ARM.attributes
                0x00000664       0x2e c:/program files (x86)/atmel/studio/7.0/toolchain/arm/arm-gnu-toolchain/bin/../lib/gcc/arm-none-eabi/6.3.1/../../../../arm-none-eabi/lib/thumb/v7e-m\libc.a(lib_a-lock.o)
 .ARM.attributes
                0x00000692       0x2e c:/program files (x86)/atmel/studio/7.0/toolchain/arm/arm-gnu-toolchain/bin/../lib/gcc/arm-none-eabi/6.3.1/../../../../arm-none-eabi/lib/thumb/v7e-m\libc.a(lib_a-mallocr.o)
 .ARM.attributes
                0x000006c0       0x1c c:/program files (x86)/atmel/studio/7.0/toolchain/arm/arm-gnu-toolchain/bin/../lib/gcc/arm-none-eabi/6.3.1/../../../../arm-none-eabi/lib/thumb/v7e-m\libc.a(lib_a-memchr.o)
 .ARM.attributes
                0x000006dc       0x1c c:/program files (x86)/atmel/studio/7.0/toolchain/arm/arm-gnu-toolchain/bin/../lib/gcc/arm-none-eabi/6.3.1/../../../../arm-none-eabi/lib/thumb/v7e-m\libc.a(lib_a-memcpy.o)
 .ARM.attributes
                0x000006f8       0x2e c:/program files (x86)/atmel/studio/7.0/toolchain/arm/arm-gnu-toolchain/bin/../lib/gcc/arm-none-eabi/6.3.1/../../../../arm-none-eabi/lib/thumb/v7e-m\libc.a(lib_a-mlock.o)
 .ARM.attributes
                0x00000726       0x2e c:/program files (x86)/atmel/studio/7.0/toolchain/arm/arm-gnu-toolchain/bin/../lib/gcc/arm-none-eabi/6.3.1/../../../../arm-none-eabi/lib/thumb/v7e-m\libc.a(lib_a-mprec.o)
 .ARM.attributes
                0x00000754       0x2e c:/program files (x86)/atmel/studio/7.0/toolchain/arm/arm-gnu-toolchain/bin/../lib/gcc/arm-none-eabi/6.3.1/../../../../arm-none-eabi/lib/thumb/v7e-m\libc.a(lib_a-sbrkr.o)
 .ARM.attributes
                0x00000782       0x1c c:/program files (x86)/atmel/studio/7.0/toolchain/arm/arm-gnu-toolchain/bin/../lib/gcc/arm-none-eabi/6.3.1/../../../../arm-none-eabi/lib/thumb/v7e-m\libc.a(lib_a-strlen.o)
 .ARM.attributes
                0x0000079e       0x2e c:/program files (x86)/atmel/studio/7.0/toolchain/arm/arm-gnu-toolchain/bin/../lib/gcc/arm-none-eabi/6.3.1/../../../../arm-none-eabi/lib/thumb/v7e-m\libc.a(lib_a-svfiprintf.o)
 .ARM.attributes
                0x000007cc       0x2e c:/program files (x86)/atmel/studio/7.0/toolchain/arm/arm-gnu-toolchain/bin/../lib/gcc/arm-none-eabi/6.3.1/../../../../arm-none-eabi/lib/thumb/v7e-m\libc.a(lib_a-__atexit.o)
 .ARM.attributes
                0x000007fa       0x2e c:/program files (x86)/atmel/studio/7.0/toolchain/arm/arm-gnu-toolchain/bin/../lib/gcc/arm-none-eabi/6.3.1/../../../../arm-none-eabi/lib/thumb/v7e-m\libc.a(lib_a-callocr.o)
 .ARM.attributes
                0x00000828       0x2e c:/program files (x86)/atmel/studio/7.0/toolchain/arm/arm-gnu-toolchain/bin/../lib/gcc/arm-none-eabi/6.3.1/../../../../arm-none-eabi/lib/thumb/v7e-m\libc.a(lib_a-freer.o)
 .ARM.attributes
                0x00000856       0x2e c:/program files (x86)/atmel/studio/7.0/toolchain/arm/arm-gnu-toolchain/bin/../lib/gcc/arm-none-eabi/6.3.1/../../../../arm-none-eabi/lib/thumb/v7e-m\libc.a(lib_a-locale.o)
 .ARM.attributes
                0x00000884       0x2e c:/program files (x86)/atmel/studio/7.0/toolchain/arm/arm-gnu-toolchain/bin/../lib/gcc/arm-none-eabi/6.3.1/../../../../arm-none-eabi/lib/thumb/v7e-m\libc.a(lib_a-mbtowc_r.o)
 .ARM.attributes
                0x000008b2       0x2e c:/program files (x86)/atmel/studio/7.0/toolchain/arm/arm-gnu-toolchain/bin/../lib/gcc/arm-none-eabi/6.3.1/../../../../arm-none-eabi/lib/thumb/v7e-m\libc.a(lib_a-memmove.o)
 .ARM.attributes
                0x000008e0       0x2e c:/program files (x86)/atmel/studio/7.0/toolchain/arm/arm-gnu-toolchain/bin/../lib/gcc/arm-none-eabi/6.3.1/../../../../arm-none-eabi/lib/thumb/v7e-m\libc.a(lib_a-reallocr.o)
 .ARM.attributes
                0x0000090e       0x2e c:/program files (x86)/atmel/studio/7.0/toolchain/arm/arm-gnu-toolchain/bin/../lib/gcc/arm-none-eabi/6.3.1/../../../../arm-none-eabi/lib/thumb/v7e-m\libc.a(lib_a-reent.o)
 .ARM.attributes
                0x0000093c       0x2e c:/program files (x86)/atmel/studio/7.0/toolchain/arm/arm-gnu-toolchain/bin/../lib/gcc/arm-none-eabi/6.3.1/../../../../arm-none-eabi/lib/thumb/v7e-m\libc.a(lib_a-wctomb_r.o)
 .ARM.attributes
                0x0000096a       0x2e c:/program files (x86)/atmel/studio/7.0/toolchain/arm/arm-gnu-toolchain/bin/../lib/gcc/arm-none-eabi/6.3.1/../../../../arm-none-eabi/lib/thumb/v7e-m\libc.a(lib_a-ctype_.o)
 .ARM.attributes
                0x00000998       0x1e c:/program files (x86)/atmel/studio/7.0/toolchain/arm/arm-gnu-toolchain/bin/../lib/gcc/arm-none-eabi/6.3.1/thumb/v7e-m\libgcc.a(_arm_addsubdf3.o)
 .ARM.attributes
                0x000009b6       0x1e c:/program files (x86)/atmel/studio/7.0/toolchain/arm/arm-gnu-toolchain/bin/../lib/gcc/arm-none-eabi/6.3.1/thumb/v7e-m\libgcc.a(_arm_muldivdf3.o)
 .ARM.attributes
                0x000009d4       0x1e c:/program files (x86)/atmel/studio/7.0/toolchain/arm/arm-gnu-toolchain/bin/../lib/gcc/arm-none-eabi/6.3.1/thumb/v7e-m\libgcc.a(_arm_cmpdf2.o)
 .ARM.attributes
                0x000009f2       0x1e c:/program files (x86)/atmel/studio/7.0/toolchain/arm/arm-gnu-toolchain/bin/../lib/gcc/arm-none-eabi/6.3.1/thumb/v7e-m\libgcc.a(_arm_unorddf2.o)
 .ARM.attributes
                0x00000a10       0x1e c:/program files (x86)/atmel/studio/7.0/toolchain/arm/arm-gnu-toolchain/bin/../lib/gcc/arm-none-eabi/6.3.1/thumb/v7e-m\libgcc.a(_arm_fixdfsi.o)
 .ARM.attributes
                0x00000a2e       0x1e c:/program files (x86)/atmel/studio/7.0/toolchain/arm/arm-gnu-toolchain/bin/../lib/gcc/arm-none-eabi/6.3.1/thumb/v7e-m\libgcc.a(_aeabi_uldivmod.o)
 .ARM.attributes
                0x00000a4c       0x2e c:/program files (x86)/atmel/studio/7.0/toolchain/arm/arm-gnu-toolchain/bin/../lib/gcc/arm-none-eabi/6.3.1/thumb/v7e-m\libgcc.a(_udivmoddi4.o)
 .ARM.attributes
                0x00000a7a       0x1e c:/program files (x86)/atmel/studio/7.0/toolchain/arm/arm-gnu-toolchain/bin/../lib/gcc/arm-none-eabi/6.3.1/thumb/v7e-m\libgcc.a(_dvmd_tls.o)
 .ARM.attributes
                0x00000a98       0x1e c:/program files (x86)/atmel/studio/7.0/toolchain/arm/arm-gnu-toolchain/bin/../lib/gcc/arm-none-eabi/6.3.1/thumb/v7e-m/crtn.o

.comment        0x00000000       0x59
 .comment       0x00000000       0x59 src/ASF/sam/drivers/rtc/rtc.o
                                 0x5a (size before relaxing)
 .comment       0x00000059       0x5a src/ASF/sam/drivers/spi/spi.o
 .comment       0x00000059       0x5a src/ASF/sam/drivers/tc/tc.o
 .comment       0x00000059       0x5a src/OLED/gfx_mono_framebuffer.o
 .comment       0x00000059       0x5a src/OLED/gfx_mono_generic.o
 .comment       0x00000059       0x5a src/OLED/gfx_mono_text.o
 .comment       0x00000059       0x5a src/OLED/gfx_mono_ug_2832hsweg04.o
 .comment       0x00000059       0x5a src/OLED/ssd1306.o
 .comment       0x00000059       0x5a src/OLED/sysfont.o
 .comment       0x00000059       0x5a src/ASF/common/services/delay/sam/cycle_counter.o
 .comment       0x00000059       0x5a src/ASF/common/services/clock/same70/sysclk.o
 .comment       0x00000059       0x5a src/ASF/common/utils/interrupt/interrupt_sam_nvic.o
 .comment       0x00000059       0x5a src/ASF/sam/boards/same70_xplained/init.o
 .comment       0x00000059       0x5a src/ASF/sam/drivers/pio/pio.o
 .comment       0x00000059       0x5a src/ASF/sam/drivers/pio/pio_handler.o
 .comment       0x00000059       0x5a src/ASF/sam/drivers/pmc/pmc.o
 .comment       0x00000059       0x5a src/ASF/sam/utils/cmsis/same70/source/templates/gcc/startup_same70.o
 .comment       0x00000059       0x5a src/ASF/sam/utils/cmsis/same70/source/templates/system_same70.o
 .comment       0x00000059       0x5a src/ASF/sam/utils/syscalls/gcc/syscalls.o
 .comment       0x00000059       0x5a src/main.o

.debug_info     0x00000000    0x19370
 .debug_info    0x00000000     0x10f7 src/ASF/sam/drivers/rtc/rtc.o
 .debug_info    0x000010f7     0x115d src/ASF/sam/drivers/spi/spi.o
 .debug_info    0x00002254     0x1233 src/ASF/sam/drivers/tc/tc.o
 .debug_info    0x00003487      0xdd2 src/OLED/gfx_mono_framebuffer.o
 .debug_info    0x00004259     0x157d src/OLED/gfx_mono_generic.o
 .debug_info    0x000057d6      0xf6a src/OLED/gfx_mono_text.o
 .debug_info    0x00006740     0x1261 src/OLED/gfx_mono_ug_2832hsweg04.o
 .debug_info    0x000079a1     0x1fae src/OLED/ssd1306.o
 .debug_info    0x0000994f      0xb06 src/OLED/sysfont.o
 .debug_info    0x0000a455      0xa45 src/ASF/common/services/delay/sam/cycle_counter.o
 .debug_info    0x0000ae9a     0x1267 src/ASF/common/services/clock/same70/sysclk.o
 .debug_info    0x0000c101      0xb01 src/ASF/common/utils/interrupt/interrupt_sam_nvic.o
 .debug_info    0x0000cc02     0x1bd7 src/ASF/sam/boards/same70_xplained/init.o
 .debug_info    0x0000e7d9     0x2150 src/ASF/sam/drivers/pio/pio.o
 .debug_info    0x00010929     0x1b22 src/ASF/sam/drivers/pio/pio_handler.o
 .debug_info    0x0001244b     0x1e0e src/ASF/sam/drivers/pmc/pmc.o
 .debug_info    0x00014259     0x156a src/ASF/sam/utils/cmsis/same70/source/templates/gcc/startup_same70.o
 .debug_info    0x000157c3      0x55b src/ASF/sam/utils/cmsis/same70/source/templates/system_same70.o
 .debug_info    0x00015d1e      0xdb0 src/ASF/sam/utils/syscalls/gcc/syscalls.o
 .debug_info    0x00016ace     0x28a2 src/main.o

.debug_abbrev   0x00000000     0x3902
 .debug_abbrev  0x00000000      0x2e3 src/ASF/sam/drivers/rtc/rtc.o
 .debug_abbrev  0x000002e3      0x3a5 src/ASF/sam/drivers/spi/spi.o
 .debug_abbrev  0x00000688      0x293 src/ASF/sam/drivers/tc/tc.o
 .debug_abbrev  0x0000091b      0x284 src/OLED/gfx_mono_framebuffer.o
 .debug_abbrev  0x00000b9f      0x2a2 src/OLED/gfx_mono_generic.o
 .debug_abbrev  0x00000e41      0x30a src/OLED/gfx_mono_text.o
 .debug_abbrev  0x0000114b      0x36f src/OLED/gfx_mono_ug_2832hsweg04.o
 .debug_abbrev  0x000014ba      0x35e src/OLED/ssd1306.o
 .debug_abbrev  0x00001818      0x1b6 src/OLED/sysfont.o
 .debug_abbrev  0x000019ce      0x1b3 src/ASF/common/services/delay/sam/cycle_counter.o
 .debug_abbrev  0x00001b81      0x31f src/ASF/common/services/clock/same70/sysclk.o
 .debug_abbrev  0x00001ea0      0x212 src/ASF/common/utils/interrupt/interrupt_sam_nvic.o
 .debug_abbrev  0x000020b2      0x368 src/ASF/sam/boards/same70_xplained/init.o
 .debug_abbrev  0x0000241a      0x410 src/ASF/sam/drivers/pio/pio.o
 .debug_abbrev  0x0000282a      0x32f src/ASF/sam/drivers/pio/pio_handler.o
 .debug_abbrev  0x00002b59      0x369 src/ASF/sam/drivers/pmc/pmc.o
 .debug_abbrev  0x00002ec2      0x2e4 src/ASF/sam/utils/cmsis/same70/source/templates/gcc/startup_same70.o
 .debug_abbrev  0x000031a6      0x102 src/ASF/sam/utils/cmsis/same70/source/templates/system_same70.o
 .debug_abbrev  0x000032a8      0x264 src/ASF/sam/utils/syscalls/gcc/syscalls.o
 .debug_abbrev  0x0000350c      0x3f6 src/main.o

.debug_loc      0x00000000     0x65f1
 .debug_loc     0x00000000      0x8d0 src/ASF/sam/drivers/rtc/rtc.o
 .debug_loc     0x000008d0      0x610 src/ASF/sam/drivers/spi/spi.o
 .debug_loc     0x00000ee0      0x5a4 src/ASF/sam/drivers/tc/tc.o
 .debug_loc     0x00001484      0x506 src/OLED/gfx_mono_framebuffer.o
 .debug_loc     0x0000198a      0xda8 src/OLED/gfx_mono_generic.o
 .debug_loc     0x00002732      0x66a src/OLED/gfx_mono_text.o
 .debug_loc     0x00002d9c      0x6d7 src/OLED/gfx_mono_ug_2832hsweg04.o
 .debug_loc     0x00003473      0x365 src/OLED/ssd1306.o
 .debug_loc     0x000037d8      0x183 src/ASF/common/services/clock/same70/sysclk.o
 .debug_loc     0x0000395b      0x1e7 src/ASF/sam/boards/same70_xplained/init.o
 .debug_loc     0x00003b42      0xea4 src/ASF/sam/drivers/pio/pio.o
 .debug_loc     0x000049e6      0x588 src/ASF/sam/drivers/pio/pio_handler.o
 .debug_loc     0x00004f6e      0xce3 src/ASF/sam/drivers/pmc/pmc.o
 .debug_loc     0x00005c51       0x77 src/ASF/sam/utils/cmsis/same70/source/templates/gcc/startup_same70.o
 .debug_loc     0x00005cc8       0xfd src/ASF/sam/utils/syscalls/gcc/syscalls.o
 .debug_loc     0x00005dc5      0x82c src/main.o

.debug_aranges  0x00000000      0xa00
 .debug_aranges
                0x00000000       0xb8 src/ASF/sam/drivers/rtc/rtc.o
 .debug_aranges
                0x000000b8       0x90 src/ASF/sam/drivers/spi/spi.o
 .debug_aranges
                0x00000148       0xd0 src/ASF/sam/drivers/tc/tc.o
 .debug_aranges
                0x00000218       0x58 src/OLED/gfx_mono_framebuffer.o
 .debug_aranges
                0x00000270       0x58 src/OLED/gfx_mono_generic.o
 .debug_aranges
                0x000002c8       0x40 src/OLED/gfx_mono_text.o
 .debug_aranges
                0x00000308       0x60 src/OLED/gfx_mono_ug_2832hsweg04.o
 .debug_aranges
                0x00000368       0x30 src/OLED/ssd1306.o
 .debug_aranges
                0x00000398       0x18 src/OLED/sysfont.o
 .debug_aranges
                0x000003b0       0x20 src/ASF/common/services/delay/sam/cycle_counter.o
 .debug_aranges
                0x000003d0       0x40 src/ASF/common/services/clock/same70/sysclk.o
 .debug_aranges
                0x00000410       0x28 src/ASF/common/utils/interrupt/interrupt_sam_nvic.o
 .debug_aranges
                0x00000438       0x20 src/ASF/sam/boards/same70_xplained/init.o
 .debug_aranges
                0x00000458      0x1a8 src/ASF/sam/drivers/pio/pio.o
 .debug_aranges
                0x00000600       0x60 src/ASF/sam/drivers/pio/pio_handler.o
 .debug_aranges
                0x00000660      0x250 src/ASF/sam/drivers/pmc/pmc.o
 .debug_aranges
                0x000008b0       0x28 src/ASF/sam/utils/cmsis/same70/source/templates/gcc/startup_same70.o
 .debug_aranges
                0x000008d8       0x30 src/ASF/sam/utils/cmsis/same70/source/templates/system_same70.o
 .debug_aranges
                0x00000908       0x60 src/ASF/sam/utils/syscalls/gcc/syscalls.o
 .debug_aranges
                0x00000968       0x98 src/main.o

.debug_ranges   0x00000000      0xa20
 .debug_ranges  0x00000000       0xa8 src/ASF/sam/drivers/rtc/rtc.o
 .debug_ranges  0x000000a8       0x80 src/ASF/sam/drivers/spi/spi.o
 .debug_ranges  0x00000128       0xc0 src/ASF/sam/drivers/tc/tc.o
 .debug_ranges  0x000001e8       0x48 src/OLED/gfx_mono_framebuffer.o
 .debug_ranges  0x00000230       0x48 src/OLED/gfx_mono_generic.o
 .debug_ranges  0x00000278       0x48 src/OLED/gfx_mono_text.o
 .debug_ranges  0x000002c0       0x80 src/OLED/gfx_mono_ug_2832hsweg04.o
 .debug_ranges  0x00000340       0x20 src/OLED/ssd1306.o
 .debug_ranges  0x00000360       0x10 src/ASF/common/services/delay/sam/cycle_counter.o
 .debug_ranges  0x00000370       0x30 src/ASF/common/services/clock/same70/sysclk.o
 .debug_ranges  0x000003a0       0x18 src/ASF/common/utils/interrupt/interrupt_sam_nvic.o
 .debug_ranges  0x000003b8       0x10 src/ASF/sam/boards/same70_xplained/init.o
 .debug_ranges  0x000003c8      0x2a0 src/ASF/sam/drivers/pio/pio.o
 .debug_ranges  0x00000668       0x68 src/ASF/sam/drivers/pio/pio_handler.o
 .debug_ranges  0x000006d0      0x240 src/ASF/sam/drivers/pmc/pmc.o
 .debug_ranges  0x00000910       0x18 src/ASF/sam/utils/cmsis/same70/source/templates/gcc/startup_same70.o
 .debug_ranges  0x00000928       0x20 src/ASF/sam/utils/cmsis/same70/source/templates/system_same70.o
 .debug_ranges  0x00000948       0x50 src/ASF/sam/utils/syscalls/gcc/syscalls.o
 .debug_ranges  0x00000998       0x88 src/main.o

.debug_macro    0x00000000    0x21814
 .debug_macro   0x00000000      0x678 src/ASF/sam/drivers/rtc/rtc.o
 .debug_macro   0x00000678      0x8ce src/ASF/sam/drivers/rtc/rtc.o
 .debug_macro   0x00000f46      0x16d src/ASF/sam/drivers/rtc/rtc.o
 .debug_macro   0x000010b3      0x64b src/ASF/sam/drivers/rtc/rtc.o
 .debug_macro   0x000016fe       0x76 src/ASF/sam/drivers/rtc/rtc.o
 .debug_macro   0x00001774       0x16 src/ASF/sam/drivers/rtc/rtc.o
 .debug_macro   0x0000178a      0x6e4 src/ASF/sam/drivers/rtc/rtc.o
 .debug_macro   0x00001e6e       0x22 src/ASF/sam/drivers/rtc/rtc.o
 .debug_macro   0x00001e90       0x87 src/ASF/sam/drivers/rtc/rtc.o
 .debug_macro   0x00001f17       0x51 src/ASF/sam/drivers/rtc/rtc.o
 .debug_macro   0x00001f68       0xef src/ASF/sam/drivers/rtc/rtc.o
 .debug_macro   0x00002057       0x6a src/ASF/sam/drivers/rtc/rtc.o
 .debug_macro   0x000020c1      0x1df src/ASF/sam/drivers/rtc/rtc.o
 .debug_macro   0x000022a0       0x4a src/ASF/sam/drivers/rtc/rtc.o
 .debug_macro   0x000022ea       0x3b src/ASF/sam/drivers/rtc/rtc.o
 .debug_macro   0x00002325       0x2d src/ASF/sam/drivers/rtc/rtc.o
 .debug_macro   0x00002352       0x26 src/ASF/sam/drivers/rtc/rtc.o
 .debug_macro   0x00002378      0xf9a src/ASF/sam/drivers/rtc/rtc.o
 .debug_macro   0x00003312      0x175 src/ASF/sam/drivers/rtc/rtc.o
 .debug_macro   0x00003487      0x257 src/ASF/sam/drivers/rtc/rtc.o
 .debug_macro   0x000036de      0xa0f src/ASF/sam/drivers/rtc/rtc.o
 .debug_macro   0x000040ed      0x1b9 src/ASF/sam/drivers/rtc/rtc.o
 .debug_macro   0x000042a6      0x336 src/ASF/sam/drivers/rtc/rtc.o
 .debug_macro   0x000045dc      0x15b src/ASF/sam/drivers/rtc/rtc.o
 .debug_macro   0x00004737     0x1851 src/ASF/sam/drivers/rtc/rtc.o
 .debug_macro   0x00005f88       0x1c src/ASF/sam/drivers/rtc/rtc.o
 .debug_macro   0x00005fa4      0x68d src/ASF/sam/drivers/rtc/rtc.o
 .debug_macro   0x00006631      0x31e src/ASF/sam/drivers/rtc/rtc.o
 .debug_macro   0x0000694f      0x4d4 src/ASF/sam/drivers/rtc/rtc.o
 .debug_macro   0x00006e23      0x56e src/ASF/sam/drivers/rtc/rtc.o
 .debug_macro   0x00007391     0x1332 src/ASF/sam/drivers/rtc/rtc.o
 .debug_macro   0x000086c3     0x278d src/ASF/sam/drivers/rtc/rtc.o
 .debug_macro   0x0000ae50     0x102b src/ASF/sam/drivers/rtc/rtc.o
 .debug_macro   0x0000be7b      0xe01 src/ASF/sam/drivers/rtc/rtc.o
 .debug_macro   0x0000cc7c      0x3b1 src/ASF/sam/drivers/rtc/rtc.o
 .debug_macro   0x0000d02d       0xa0 src/ASF/sam/drivers/rtc/rtc.o
 .debug_macro   0x0000d0cd       0x76 src/ASF/sam/drivers/rtc/rtc.o
 .debug_macro   0x0000d143      0x409 src/ASF/sam/drivers/rtc/rtc.o
 .debug_macro   0x0000d54c       0x64 src/ASF/sam/drivers/rtc/rtc.o
 .debug_macro   0x0000d5b0      0x284 src/ASF/sam/drivers/rtc/rtc.o
 .debug_macro   0x0000d834      0x1d0 src/ASF/sam/drivers/rtc/rtc.o
 .debug_macro   0x0000da04      0x248 src/ASF/sam/drivers/rtc/rtc.o
 .debug_macro   0x0000dc4c      0x524 src/ASF/sam/drivers/rtc/rtc.o
 .debug_macro   0x0000e170      0x63b src/ASF/sam/drivers/rtc/rtc.o
 .debug_macro   0x0000e7ab      0x6b8 src/ASF/sam/drivers/rtc/rtc.o
 .debug_macro   0x0000ee63       0x4c src/ASF/sam/drivers/rtc/rtc.o
 .debug_macro   0x0000eeaf      0x468 src/ASF/sam/drivers/rtc/rtc.o
 .debug_macro   0x0000f317      0x207 src/ASF/sam/drivers/rtc/rtc.o
 .debug_macro   0x0000f51e      0x866 src/ASF/sam/drivers/rtc/rtc.o
 .debug_macro   0x0000fd84     0x1547 src/ASF/sam/drivers/rtc/rtc.o
 .debug_macro   0x000112cb       0x40 src/ASF/sam/drivers/rtc/rtc.o
 .debug_macro   0x0001130b       0x76 src/ASF/sam/drivers/rtc/rtc.o
 .debug_macro   0x00011381      0xdaf src/ASF/sam/drivers/rtc/rtc.o
 .debug_macro   0x00012130       0x82 src/ASF/sam/drivers/rtc/rtc.o
 .debug_macro   0x000121b2       0x76 src/ASF/sam/drivers/rtc/rtc.o
 .debug_macro   0x00012228       0x4c src/ASF/sam/drivers/rtc/rtc.o
 .debug_macro   0x00012274      0x135 src/ASF/sam/drivers/rtc/rtc.o
 .debug_macro   0x000123a9      0x135 src/ASF/sam/drivers/rtc/rtc.o
 .debug_macro   0x000124de      0x135 src/ASF/sam/drivers/rtc/rtc.o
 .debug_macro   0x00012613       0x6a src/ASF/sam/drivers/rtc/rtc.o
 .debug_macro   0x0001267d       0x6a src/ASF/sam/drivers/rtc/rtc.o
 .debug_macro   0x000126e7      0x313 src/ASF/sam/drivers/rtc/rtc.o
 .debug_macro   0x000129fa       0xb2 src/ASF/sam/drivers/rtc/rtc.o
 .debug_macro   0x00012aac       0xb2 src/ASF/sam/drivers/rtc/rtc.o
 .debug_macro   0x00012b5e       0xb2 src/ASF/sam/drivers/rtc/rtc.o
 .debug_macro   0x00012c10      0x11d src/ASF/sam/drivers/rtc/rtc.o
 .debug_macro   0x00012d2d      0x11d src/ASF/sam/drivers/rtc/rtc.o
 .debug_macro   0x00012e4a      0x2cd src/ASF/sam/drivers/rtc/rtc.o
 .debug_macro   0x00013117       0xb8 src/ASF/sam/drivers/rtc/rtc.o
 .debug_macro   0x000131cf       0x5e src/ASF/sam/drivers/rtc/rtc.o
 .debug_macro   0x0001322d       0x40 src/ASF/sam/drivers/rtc/rtc.o
 .debug_macro   0x0001326d       0x4c src/ASF/sam/drivers/rtc/rtc.o
 .debug_macro   0x000132b9       0xa0 src/ASF/sam/drivers/rtc/rtc.o
 .debug_macro   0x00013359      0x494 src/ASF/sam/drivers/rtc/rtc.o
 .debug_macro   0x000137ed      0x135 src/ASF/sam/drivers/rtc/rtc.o
 .debug_macro   0x00013922       0x4c src/ASF/sam/drivers/rtc/rtc.o
 .debug_macro   0x0001396e      0x313 src/ASF/sam/drivers/rtc/rtc.o
 .debug_macro   0x00013c81       0x6a src/ASF/sam/drivers/rtc/rtc.o
 .debug_macro   0x00013ceb       0xb8 src/ASF/sam/drivers/rtc/rtc.o
 .debug_macro   0x00013da3       0x6a src/ASF/sam/drivers/rtc/rtc.o
 .debug_macro   0x00013e0d       0x2e src/ASF/sam/drivers/rtc/rtc.o
 .debug_macro   0x00013e3b      0x9b1 src/ASF/sam/drivers/rtc/rtc.o
 .debug_macro   0x000147ec       0x6a src/ASF/sam/drivers/rtc/rtc.o
 .debug_macro   0x00014856       0x88 src/ASF/sam/drivers/rtc/rtc.o
 .debug_macro   0x000148de       0x58 src/ASF/sam/drivers/rtc/rtc.o
 .debug_macro   0x00014936       0xe2 src/ASF/sam/drivers/rtc/rtc.o
 .debug_macro   0x00014a18       0x16 src/ASF/sam/drivers/rtc/rtc.o
 .debug_macro   0x00014a2e       0xe2 src/ASF/sam/drivers/rtc/rtc.o
 .debug_macro   0x00014b10       0x4c src/ASF/sam/drivers/rtc/rtc.o
 .debug_macro   0x00014b5c       0x16 src/ASF/sam/drivers/rtc/rtc.o
 .debug_macro   0x00014b72       0x4c src/ASF/sam/drivers/rtc/rtc.o
 .debug_macro   0x00014bbe       0x2e src/ASF/sam/drivers/rtc/rtc.o
 .debug_macro   0x00014bec      0x1b5 src/ASF/sam/drivers/rtc/rtc.o
 .debug_macro   0x00014da1      0x1b5 src/ASF/sam/drivers/rtc/rtc.o
 .debug_macro   0x00014f56      0x1b5 src/ASF/sam/drivers/rtc/rtc.o
 .debug_macro   0x0001510b      0x1b5 src/ASF/sam/drivers/rtc/rtc.o
 .debug_macro   0x000152c0      0x1b5 src/ASF/sam/drivers/rtc/rtc.o
 .debug_macro   0x00015475       0x1c src/ASF/sam/drivers/rtc/rtc.o
 .debug_macro   0x00015491       0x2e src/ASF/sam/drivers/rtc/rtc.o
 .debug_macro   0x000154bf       0x22 src/ASF/sam/drivers/rtc/rtc.o
 .debug_macro   0x000154e1       0x1c src/ASF/sam/drivers/rtc/rtc.o
 .debug_macro   0x000154fd       0x52 src/ASF/sam/drivers/rtc/rtc.o
 .debug_macro   0x0001554f       0x10 src/ASF/sam/drivers/rtc/rtc.o
 .debug_macro   0x0001555f       0x1c src/ASF/sam/drivers/rtc/rtc.o
 .debug_macro   0x0001557b       0x4c src/ASF/sam/drivers/rtc/rtc.o
 .debug_macro   0x000155c7       0x4c src/ASF/sam/drivers/rtc/rtc.o
 .debug_macro   0x00015613       0x4c src/ASF/sam/drivers/rtc/rtc.o
 .debug_macro   0x0001565f      0x31b src/ASF/sam/drivers/rtc/rtc.o
 .debug_macro   0x0001597a     0x1022 src/ASF/sam/drivers/rtc/rtc.o
 .debug_macro   0x0001699c      0x107 src/ASF/sam/drivers/rtc/rtc.o
 .debug_macro   0x00016aa3       0x58 src/ASF/sam/drivers/rtc/rtc.o
 .debug_macro   0x00016afb       0x35 src/ASF/sam/drivers/rtc/rtc.o
 .debug_macro   0x00016b30       0x9c src/ASF/sam/drivers/rtc/rtc.o
 .debug_macro   0x00016bcc       0x16 src/ASF/sam/drivers/rtc/rtc.o
 .debug_macro   0x00016be2       0x35 src/ASF/sam/drivers/rtc/rtc.o
 .debug_macro   0x00016c17      0x353 src/ASF/sam/drivers/rtc/rtc.o
 .debug_macro   0x00016f6a       0x10 src/ASF/sam/drivers/rtc/rtc.o
 .debug_macro   0x00016f7a       0x58 src/ASF/sam/drivers/rtc/rtc.o
 .debug_macro   0x00016fd2       0x1f src/ASF/sam/drivers/rtc/rtc.o
 .debug_macro   0x00016ff1       0x43 src/ASF/sam/drivers/rtc/rtc.o
 .debug_macro   0x00017034       0x20 src/ASF/sam/drivers/rtc/rtc.o
 .debug_macro   0x00017054      0x187 src/ASF/sam/drivers/rtc/rtc.o
 .debug_macro   0x000171db       0x10 src/ASF/sam/drivers/rtc/rtc.o
 .debug_macro   0x000171eb       0x1c src/ASF/sam/drivers/rtc/rtc.o
 .debug_macro   0x00017207       0x52 src/ASF/sam/drivers/rtc/rtc.o
 .debug_macro   0x00017259       0x40 src/ASF/sam/drivers/rtc/rtc.o
 .debug_macro   0x00017299       0x10 src/ASF/sam/drivers/rtc/rtc.o
 .debug_macro   0x000172a9       0x40 src/ASF/sam/drivers/rtc/rtc.o
 .debug_macro   0x000172e9       0xd7 src/ASF/sam/drivers/rtc/rtc.o
 .debug_macro   0x000173c0       0x16 src/ASF/sam/drivers/rtc/rtc.o
 .debug_macro   0x000173d6      0x18b src/ASF/sam/drivers/rtc/rtc.o
 .debug_macro   0x00017561       0x22 src/ASF/sam/drivers/rtc/rtc.o
 .debug_macro   0x00017583       0x16 src/ASF/sam/drivers/rtc/rtc.o
 .debug_macro   0x00017599       0x16 src/ASF/sam/drivers/rtc/rtc.o
 .debug_macro   0x000175af       0x29 src/ASF/sam/drivers/rtc/rtc.o
 .debug_macro   0x000175d8       0x75 src/ASF/sam/drivers/rtc/rtc.o
 .debug_macro   0x0001764d       0x3f src/ASF/sam/drivers/rtc/rtc.o
 .debug_macro   0x0001768c      0x3ca src/ASF/sam/drivers/rtc/rtc.o
 .debug_macro   0x00017a56      0x6d9 src/ASF/sam/drivers/spi/spi.o
 .debug_macro   0x0001812f       0x10 src/ASF/sam/drivers/spi/spi.o
 .debug_macro   0x0001813f       0x3a src/ASF/sam/drivers/spi/spi.o
 .debug_macro   0x00018179      0x2c6 src/ASF/sam/drivers/spi/spi.o
 .debug_macro   0x0001843f      0xa96 src/ASF/sam/drivers/spi/spi.o
 .debug_macro   0x00018ed5       0x70 src/ASF/sam/drivers/spi/spi.o
 .debug_macro   0x00018f45       0x64 src/ASF/sam/drivers/spi/spi.o
 .debug_macro   0x00018fa9       0x5f src/ASF/sam/drivers/spi/spi.o
 .debug_macro   0x00019008       0xac src/ASF/sam/drivers/spi/spi.o
 .debug_macro   0x000190b4      0x66d src/ASF/sam/drivers/tc/tc.o
 .debug_macro   0x00019721       0x52 src/ASF/sam/drivers/tc/tc.o
 .debug_macro   0x00019773       0x8d src/ASF/sam/drivers/tc/tc.o
 .debug_macro   0x00019800       0x16 src/ASF/sam/drivers/tc/tc.o
 .debug_macro   0x00019816       0x57 src/ASF/sam/drivers/tc/tc.o
 .debug_macro   0x0001986d       0x1c src/ASF/sam/drivers/tc/tc.o
 .debug_macro   0x00019889      0x7db src/OLED/gfx_mono_framebuffer.o
 .debug_macro   0x0001a064       0x50 src/OLED/gfx_mono_framebuffer.o
 .debug_macro   0x0001a0b4       0x22 src/OLED/gfx_mono_framebuffer.o
 .debug_macro   0x0001a0d6       0x7b src/OLED/gfx_mono_framebuffer.o
 .debug_macro   0x0001a151       0x28 src/OLED/gfx_mono_framebuffer.o
 .debug_macro   0x0001a179       0x23 src/OLED/gfx_mono_framebuffer.o
 .debug_macro   0x0001a19c       0x94 src/OLED/gfx_mono_framebuffer.o
 .debug_macro   0x0001a230       0x40 src/OLED/gfx_mono_framebuffer.o
 .debug_macro   0x0001a270       0x88 src/OLED/gfx_mono_framebuffer.o
 .debug_macro   0x0001a2f8      0x1ce src/OLED/gfx_mono_framebuffer.o
 .debug_macro   0x0001a4c6       0x34 src/OLED/gfx_mono_framebuffer.o
 .debug_macro   0x0001a4fa       0x16 src/OLED/gfx_mono_framebuffer.o
 .debug_macro   0x0001a510       0x1c src/OLED/gfx_mono_framebuffer.o
 .debug_macro   0x0001a52c       0x16 src/OLED/gfx_mono_framebuffer.o
 .debug_macro   0x0001a542       0x28 src/OLED/gfx_mono_framebuffer.o
 .debug_macro   0x0001a56a       0xd1 src/OLED/gfx_mono_framebuffer.o
 .debug_macro   0x0001a63b       0x8b src/OLED/gfx_mono_framebuffer.o
 .debug_macro   0x0001a6c6      0x7db src/OLED/gfx_mono_generic.o
 .debug_macro   0x0001aea1      0x7f4 src/OLED/gfx_mono_text.o
 .debug_macro   0x0001b695      0x7e1 src/OLED/gfx_mono_ug_2832hsweg04.o
 .debug_macro   0x0001be76       0x28 src/OLED/gfx_mono_ug_2832hsweg04.o
 .debug_macro   0x0001be9e      0x7b5 src/OLED/ssd1306.o
 .debug_macro   0x0001c653      0x69c src/OLED/sysfont.o
 .debug_macro   0x0001ccef       0x3a src/OLED/sysfont.o
 .debug_macro   0x0001cd29      0x665 src/ASF/common/services/delay/sam/cycle_counter.o
 .debug_macro   0x0001d38e       0x22 src/ASF/common/services/delay/sam/cycle_counter.o
 .debug_macro   0x0001d3b0      0x6d1 src/ASF/common/services/clock/same70/sysclk.o
 .debug_macro   0x0001da81      0x2c0 src/ASF/common/services/clock/same70/sysclk.o
 .debug_macro   0x0001dd41      0x655 src/ASF/common/utils/interrupt/interrupt_sam_nvic.o
 .debug_macro   0x0001e396      0x70b src/ASF/sam/boards/same70_xplained/init.o
 .debug_macro   0x0001eaa1       0x82 src/ASF/sam/boards/same70_xplained/init.o
 .debug_macro   0x0001eb23      0x66b src/ASF/sam/drivers/pio/pio.o
 .debug_macro   0x0001f18e       0x8e src/ASF/sam/drivers/pio/pio.o
 .debug_macro   0x0001f21c      0x676 src/ASF/sam/drivers/pio/pio_handler.o
 .debug_macro   0x0001f892      0x66b src/ASF/sam/drivers/pmc/pmc.o
 .debug_macro   0x0001fefd       0x6a src/ASF/sam/drivers/pmc/pmc.o
 .debug_macro   0x0001ff67      0x664 src/ASF/sam/utils/cmsis/same70/source/templates/gcc/startup_same70.o
 .debug_macro   0x000205cb       0x10 src/ASF/sam/utils/cmsis/same70/source/templates/gcc/startup_same70.o
 .debug_macro   0x000205db      0x455 src/ASF/sam/utils/cmsis/same70/source/templates/system_same70.o
 .debug_macro   0x00020a30      0x1d6 src/ASF/sam/utils/syscalls/gcc/syscalls.o
 .debug_macro   0x00020c06       0x97 src/ASF/sam/utils/syscalls/gcc/syscalls.o
 .debug_macro   0x00020c9d       0xf6 src/ASF/sam/utils/syscalls/gcc/syscalls.o
 .debug_macro   0x00020d93       0x4c src/ASF/sam/utils/syscalls/gcc/syscalls.o
 .debug_macro   0x00020ddf       0x16 src/ASF/sam/utils/syscalls/gcc/syscalls.o
 .debug_macro   0x00020df5       0x10 src/ASF/sam/utils/syscalls/gcc/syscalls.o
 .debug_macro   0x00020e05       0x10 src/ASF/sam/utils/syscalls/gcc/syscalls.o
 .debug_macro   0x00020e15       0x35 src/ASF/sam/utils/syscalls/gcc/syscalls.o
 .debug_macro   0x00020e4a      0x122 src/ASF/sam/utils/syscalls/gcc/syscalls.o
 .debug_macro   0x00020f6c      0x8a8 src/main.o

.debug_line     0x00000000     0xf22e
 .debug_line    0x00000000      0xbe4 src/ASF/sam/drivers/rtc/rtc.o
 .debug_line    0x00000be4      0xc41 src/ASF/sam/drivers/spi/spi.o
 .debug_line    0x00001825      0xb85 src/ASF/sam/drivers/tc/tc.o
 .debug_line    0x000023aa      0xe63 src/OLED/gfx_mono_framebuffer.o
 .debug_line    0x0000320d      0xf17 src/OLED/gfx_mono_generic.o
 .debug_line    0x00004124      0xe73 src/OLED/gfx_mono_text.o
 .debug_line    0x00004f97      0xee8 src/OLED/gfx_mono_ug_2832hsweg04.o
 .debug_line    0x00005e7f      0xe40 src/OLED/ssd1306.o
 .debug_line    0x00006cbf      0xa1b src/OLED/sysfont.o
 .debug_line    0x000076da      0x9ed src/ASF/common/services/delay/sam/cycle_counter.o
 .debug_line    0x000080c7      0xb4f src/ASF/common/services/clock/same70/sysclk.o
 .debug_line    0x00008c16      0xa01 src/ASF/common/utils/interrupt/interrupt_sam_nvic.o
 .debug_line    0x00009617      0xc04 src/ASF/sam/boards/same70_xplained/init.o
 .debug_line    0x0000a21b      0xee3 src/ASF/sam/drivers/pio/pio.o
 .debug_line    0x0000b0fe      0xabf src/ASF/sam/drivers/pio/pio_handler.o
 .debug_line    0x0000bbbd     0x106b src/ASF/sam/drivers/pmc/pmc.o
 .debug_line    0x0000cc28      0xa73 src/ASF/sam/utils/cmsis/same70/source/templates/gcc/startup_same70.o
 .debug_line    0x0000d69b      0x7e9 src/ASF/sam/utils/cmsis/same70/source/templates/system_same70.o
 .debug_line    0x0000de84      0x40b src/ASF/sam/utils/syscalls/gcc/syscalls.o
 .debug_line    0x0000e28f      0xf9f src/main.o

.debug_str      0x00000000    0x92b9e
 .debug_str     0x00000000    0x81b7e src/ASF/sam/drivers/rtc/rtc.o
                              0x8223d (size before relaxing)
 .debug_str     0x00081b7e     0x4612 src/ASF/sam/drivers/spi/spi.o
                              0x86515 (size before relaxing)
 .debug_str     0x00086190      0x2fc src/ASF/sam/drivers/tc/tc.o
                              0x8225e (size before relaxing)
 .debug_str     0x0008648c     0x2abe src/OLED/gfx_mono_framebuffer.o
                              0x88c01 (size before relaxing)
 .debug_str     0x00088f4a      0x25c src/OLED/gfx_mono_generic.o
                              0x88d45 (size before relaxing)
 .debug_str     0x000891a6      0x1f0 src/OLED/gfx_mono_text.o
                              0x88d20 (size before relaxing)
 .debug_str     0x00089396      0x1c9 src/OLED/gfx_mono_ug_2832hsweg04.o
                              0x88dc7 (size before relaxing)
 .debug_str     0x0008955f      0x565 src/OLED/ssd1306.o
                              0x88919 (size before relaxing)
 .debug_str     0x00089ac4     0x651f src/OLED/sysfont.o
                              0x88785 (size before relaxing)
 .debug_str     0x0008ffe3       0x35 src/ASF/common/services/delay/sam/cycle_counter.o
                              0x8207b (size before relaxing)
 .debug_str     0x00090018      0x3f1 src/ASF/common/services/clock/same70/sysclk.o
                              0x86599 (size before relaxing)
 .debug_str     0x00090409       0x94 src/ASF/common/utils/interrupt/interrupt_sam_nvic.o
                              0x81f4b (size before relaxing)
 .debug_str     0x0009049d      0x4f4 src/ASF/sam/boards/same70_xplained/init.o
                              0x87089 (size before relaxing)
 .debug_str     0x00090991      0x559 src/ASF/sam/drivers/pio/pio.o
                              0x82aa1 (size before relaxing)
 .debug_str     0x00090eea      0x437 src/ASF/sam/drivers/pio/pio_handler.o
                              0x82bc3 (size before relaxing)
 .debug_str     0x00091321      0x68e src/ASF/sam/drivers/pmc/pmc.o
                              0x82c05 (size before relaxing)
 .debug_str     0x000919af      0x64c src/ASF/sam/utils/cmsis/same70/source/templates/gcc/startup_same70.o
                              0x82718 (size before relaxing)
 .debug_str     0x00091ffb      0x137 src/ASF/sam/utils/cmsis/same70/source/templates/system_same70.o
                              0x72824 (size before relaxing)
 .debug_str     0x00092132      0x779 src/ASF/sam/utils/syscalls/gcc/syscalls.o
                               0x7455 (size before relaxing)
 .debug_str     0x000928ab      0x2f3 src/main.o
                              0x8fdc4 (size before relaxing)

.debug_frame    0x00000000     0x2298
 .debug_frame   0x00000000      0x1b0 src/ASF/sam/drivers/rtc/rtc.o
 .debug_frame   0x000001b0      0x140 src/ASF/sam/drivers/spi/spi.o
 .debug_frame   0x000002f0      0x1a8 src/ASF/sam/drivers/tc/tc.o
 .debug_frame   0x00000498       0xdc src/OLED/gfx_mono_framebuffer.o
 .debug_frame   0x00000574      0x168 src/OLED/gfx_mono_generic.o
 .debug_frame   0x000006dc       0xc8 src/OLED/gfx_mono_text.o
 .debug_frame   0x000007a4      0x120 src/OLED/gfx_mono_ug_2832hsweg04.o
 .debug_frame   0x000008c4       0x6c src/OLED/ssd1306.o
 .debug_frame   0x00000930       0x20 src/ASF/common/services/delay/sam/cycle_counter.o
 .debug_frame   0x00000950       0x88 src/ASF/common/services/clock/same70/sysclk.o
 .debug_frame   0x000009d8       0x30 src/ASF/common/utils/interrupt/interrupt_sam_nvic.o
 .debug_frame   0x00000a08       0x30 src/ASF/sam/boards/same70_xplained/init.o
 .debug_frame   0x00000a38      0x390 src/ASF/sam/drivers/pio/pio.o
 .debug_frame   0x00000dc8      0x110 src/ASF/sam/drivers/pio/pio_handler.o
 .debug_frame   0x00000ed8      0x494 src/ASF/sam/drivers/pmc/pmc.o
 .debug_frame   0x0000136c       0x38 src/ASF/sam/utils/cmsis/same70/source/templates/gcc/startup_same70.o
 .debug_frame   0x000013a4       0x40 src/ASF/sam/utils/cmsis/same70/source/templates/system_same70.o
 .debug_frame   0x000013e4       0xa0 src/ASF/sam/utils/syscalls/gcc/syscalls.o
 .debug_frame   0x00001484      0x228 src/main.o
 .debug_frame   0x000016ac       0x2c c:/program files (x86)/atmel/studio/7.0/toolchain/arm/arm-gnu-toolchain/bin/../lib/gcc/arm-none-eabi/6.3.1/../../../../arm-none-eabi/lib/thumb/v7e-m\libc.a(lib_a-init.o)
 .debug_frame   0x000016d8       0x34 c:/program files (x86)/atmel/studio/7.0/toolchain/arm/arm-gnu-toolchain/bin/../lib/gcc/arm-none-eabi/6.3.1/../../../../arm-none-eabi/lib/thumb/v7e-m\libc.a(lib_a-memset.o)
 .debug_frame   0x0000170c       0x84 c:/program files (x86)/atmel/studio/7.0/toolchain/arm/arm-gnu-toolchain/bin/../lib/gcc/arm-none-eabi/6.3.1/../../../../arm-none-eabi/lib/thumb/v7e-m\libc.a(lib_a-sprintf.o)
 .debug_frame   0x00001790       0x40 c:/program files (x86)/atmel/studio/7.0/toolchain/arm/arm-gnu-toolchain/bin/../lib/gcc/arm-none-eabi/6.3.1/../../../../arm-none-eabi/lib/thumb/v7e-m\libc.a(lib_a-svfprintf.o)
 .debug_frame   0x000017d0       0x5c c:/program files (x86)/atmel/studio/7.0/toolchain/arm/arm-gnu-toolchain/bin/../lib/gcc/arm-none-eabi/6.3.1/../../../../arm-none-eabi/lib/thumb/v7e-m\libc.a(lib_a-__call_atexit.o)
 .debug_frame   0x0000182c       0x20 c:/program files (x86)/atmel/studio/7.0/toolchain/arm/arm-gnu-toolchain/bin/../lib/gcc/arm-none-eabi/6.3.1/../../../../arm-none-eabi/lib/thumb/v7e-m\libc.a(lib_a-atexit.o)
 .debug_frame   0x0000184c       0x88 c:/program files (x86)/atmel/studio/7.0/toolchain/arm/arm-gnu-toolchain/bin/../lib/gcc/arm-none-eabi/6.3.1/../../../../arm-none-eabi/lib/thumb/v7e-m\libc.a(lib_a-dtoa.o)
 .debug_frame   0x000018d4       0x34 c:/program files (x86)/atmel/studio/7.0/toolchain/arm/arm-gnu-toolchain/bin/../lib/gcc/arm-none-eabi/6.3.1/../../../../arm-none-eabi/lib/thumb/v7e-m\libc.a(lib_a-fini.o)
 .debug_frame   0x00001908       0x40 c:/program files (x86)/atmel/studio/7.0/toolchain/arm/arm-gnu-toolchain/bin/../lib/gcc/arm-none-eabi/6.3.1/../../../../arm-none-eabi/lib/thumb/v7e-m\libc.a(lib_a-localeconv.o)
 .debug_frame   0x00001948       0xb0 c:/program files (x86)/atmel/studio/7.0/toolchain/arm/arm-gnu-toolchain/bin/../lib/gcc/arm-none-eabi/6.3.1/../../../../arm-none-eabi/lib/thumb/v7e-m\libc.a(lib_a-lock.o)
 .debug_frame   0x000019f8       0x58 c:/program files (x86)/atmel/studio/7.0/toolchain/arm/arm-gnu-toolchain/bin/../lib/gcc/arm-none-eabi/6.3.1/../../../../arm-none-eabi/lib/thumb/v7e-m\libc.a(lib_a-mallocr.o)
 .debug_frame   0x00001a50       0x30 c:/program files (x86)/atmel/studio/7.0/toolchain/arm/arm-gnu-toolchain/bin/../lib/gcc/arm-none-eabi/6.3.1/../../../../arm-none-eabi/lib/thumb/v7e-m\libc.a(lib_a-mlock.o)
 .debug_frame   0x00001a80      0x25c c:/program files (x86)/atmel/studio/7.0/toolchain/arm/arm-gnu-toolchain/bin/../lib/gcc/arm-none-eabi/6.3.1/../../../../arm-none-eabi/lib/thumb/v7e-m\libc.a(lib_a-mprec.o)
 .debug_frame   0x00001cdc       0x2c c:/program files (x86)/atmel/studio/7.0/toolchain/arm/arm-gnu-toolchain/bin/../lib/gcc/arm-none-eabi/6.3.1/../../../../arm-none-eabi/lib/thumb/v7e-m\libc.a(lib_a-sbrkr.o)
 .debug_frame   0x00001d08       0x78 c:/program files (x86)/atmel/studio/7.0/toolchain/arm/arm-gnu-toolchain/bin/../lib/gcc/arm-none-eabi/6.3.1/../../../../arm-none-eabi/lib/thumb/v7e-m\libc.a(lib_a-svfiprintf.o)
 .debug_frame   0x00001d80       0x34 c:/program files (x86)/atmel/studio/7.0/toolchain/arm/arm-gnu-toolchain/bin/../lib/gcc/arm-none-eabi/6.3.1/../../../../arm-none-eabi/lib/thumb/v7e-m\libc.a(lib_a-__atexit.o)
 .debug_frame   0x00001db4       0x28 c:/program files (x86)/atmel/studio/7.0/toolchain/arm/arm-gnu-toolchain/bin/../lib/gcc/arm-none-eabi/6.3.1/../../../../arm-none-eabi/lib/thumb/v7e-m\libc.a(lib_a-callocr.o)
 .debug_frame   0x00001ddc       0x74 c:/program files (x86)/atmel/studio/7.0/toolchain/arm/arm-gnu-toolchain/bin/../lib/gcc/arm-none-eabi/6.3.1/../../../../arm-none-eabi/lib/thumb/v7e-m\libc.a(lib_a-freer.o)
 .debug_frame   0x00001e50       0x6c c:/program files (x86)/atmel/studio/7.0/toolchain/arm/arm-gnu-toolchain/bin/../lib/gcc/arm-none-eabi/6.3.1/../../../../arm-none-eabi/lib/thumb/v7e-m\libc.a(lib_a-locale.o)
 .debug_frame   0x00001ebc       0x4c c:/program files (x86)/atmel/studio/7.0/toolchain/arm/arm-gnu-toolchain/bin/../lib/gcc/arm-none-eabi/6.3.1/../../../../arm-none-eabi/lib/thumb/v7e-m\libc.a(lib_a-mbtowc_r.o)
 .debug_frame   0x00001f08       0x30 c:/program files (x86)/atmel/studio/7.0/toolchain/arm/arm-gnu-toolchain/bin/../lib/gcc/arm-none-eabi/6.3.1/../../../../arm-none-eabi/lib/thumb/v7e-m\libc.a(lib_a-memmove.o)